Archive member included to satisfy reference by file (symbol)

c:/program files (x86)/atollic/truestudio for stm32 9.3.0/armtools/bin/../lib/gcc/arm-atollic-eabi/6.3.1/../../../../arm-atollic-eabi/lib/armv7e-m/fpu\libc_nano.a(lib_a-errno.o)
                              Core\Src\syscalls.o (__errno)
c:/program files (x86)/atollic/truestudio for stm32 9.3.0/armtools/bin/../lib/gcc/arm-atollic-eabi/6.3.1/../../../../arm-atollic-eabi/lib/armv7e-m/fpu\libc_nano.a(lib_a-impure.o)
                              c:/program files (x86)/atollic/truestudio for stm32 9.3.0/armtools/bin/../lib/gcc/arm-atollic-eabi/6.3.1/../../../../arm-atollic-eabi/lib/armv7e-m/fpu\libc_nano.a(lib_a-errno.o) (_impure_ptr)
c:/program files (x86)/atollic/truestudio for stm32 9.3.0/armtools/bin/../lib/gcc/arm-atollic-eabi/6.3.1/../../../../arm-atollic-eabi/lib/armv7e-m/fpu\libc_nano.a(lib_a-init.o)
                              startup\startup_stm32f410rx.o (__libc_init_array)
c:/program files (x86)/atollic/truestudio for stm32 9.3.0/armtools/bin/../lib/gcc/arm-atollic-eabi/6.3.1/../../../../arm-atollic-eabi/lib/armv7e-m/fpu\libc_nano.a(lib_a-memcmp.o)
                              Core\Src\main.o (memcmp)
c:/program files (x86)/atollic/truestudio for stm32 9.3.0/armtools/bin/../lib/gcc/arm-atollic-eabi/6.3.1/../../../../arm-atollic-eabi/lib/armv7e-m/fpu\libc_nano.a(lib_a-memcpy-stub.o)
                              winc1500\root_cert\X509\hash.o (memcpy)
c:/program files (x86)/atollic/truestudio for stm32 9.3.0/armtools/bin/../lib/gcc/arm-atollic-eabi/6.3.1/../../../../arm-atollic-eabi/lib/armv7e-m/fpu\libc_nano.a(lib_a-memset.o)
                              Core\Src\main.o (memset)
c:/program files (x86)/atollic/truestudio for stm32 9.3.0/armtools/bin/../lib/gcc/arm-atollic-eabi/6.3.1/../../../../arm-atollic-eabi/lib/armv7e-m/fpu\libc_nano.a(lib_a-printf.o)
                              Core\Src\main.o (printf)
c:/program files (x86)/atollic/truestudio for stm32 9.3.0/armtools/bin/../lib/gcc/arm-atollic-eabi/6.3.1/../../../../arm-atollic-eabi/lib/armv7e-m/fpu\libc_nano.a(lib_a-puts.o)
                              Core\Src\main.o (puts)
c:/program files (x86)/atollic/truestudio for stm32 9.3.0/armtools/bin/../lib/gcc/arm-atollic-eabi/6.3.1/../../../../arm-atollic-eabi/lib/armv7e-m/fpu\libc_nano.a(lib_a-strlen.o)
                              Core\Src\main.o (strlen)
c:/program files (x86)/atollic/truestudio for stm32 9.3.0/armtools/bin/../lib/gcc/arm-atollic-eabi/6.3.1/../../../../arm-atollic-eabi/lib/armv7e-m/fpu\libc_nano.a(lib_a-wbuf.o)
                              c:/program files (x86)/atollic/truestudio for stm32 9.3.0/armtools/bin/../lib/gcc/arm-atollic-eabi/6.3.1/../../../../arm-atollic-eabi/lib/armv7e-m/fpu\libc_nano.a(lib_a-puts.o) (__swbuf_r)
c:/program files (x86)/atollic/truestudio for stm32 9.3.0/armtools/bin/../lib/gcc/arm-atollic-eabi/6.3.1/../../../../arm-atollic-eabi/lib/armv7e-m/fpu\libc_nano.a(lib_a-wsetup.o)
                              c:/program files (x86)/atollic/truestudio for stm32 9.3.0/armtools/bin/../lib/gcc/arm-atollic-eabi/6.3.1/../../../../arm-atollic-eabi/lib/armv7e-m/fpu\libc_nano.a(lib_a-puts.o) (__swsetup_r)
c:/program files (x86)/atollic/truestudio for stm32 9.3.0/armtools/bin/../lib/gcc/arm-atollic-eabi/6.3.1/../../../../arm-atollic-eabi/lib/armv7e-m/fpu\libc_nano.a(lib_a-fflush.o)
                              c:/program files (x86)/atollic/truestudio for stm32 9.3.0/armtools/bin/../lib/gcc/arm-atollic-eabi/6.3.1/../../../../arm-atollic-eabi/lib/armv7e-m/fpu\libc_nano.a(lib_a-wbuf.o) (_fflush_r)
c:/program files (x86)/atollic/truestudio for stm32 9.3.0/armtools/bin/../lib/gcc/arm-atollic-eabi/6.3.1/../../../../arm-atollic-eabi/lib/armv7e-m/fpu\libc_nano.a(lib_a-findfp.o)
                              c:/program files (x86)/atollic/truestudio for stm32 9.3.0/armtools/bin/../lib/gcc/arm-atollic-eabi/6.3.1/../../../../arm-atollic-eabi/lib/armv7e-m/fpu\libc_nano.a(lib_a-printf.o) (__sinit)
c:/program files (x86)/atollic/truestudio for stm32 9.3.0/armtools/bin/../lib/gcc/arm-atollic-eabi/6.3.1/../../../../arm-atollic-eabi/lib/armv7e-m/fpu\libc_nano.a(lib_a-fwalk.o)
                              c:/program files (x86)/atollic/truestudio for stm32 9.3.0/armtools/bin/../lib/gcc/arm-atollic-eabi/6.3.1/../../../../arm-atollic-eabi/lib/armv7e-m/fpu\libc_nano.a(lib_a-findfp.o) (_fwalk)
c:/program files (x86)/atollic/truestudio for stm32 9.3.0/armtools/bin/../lib/gcc/arm-atollic-eabi/6.3.1/../../../../arm-atollic-eabi/lib/armv7e-m/fpu\libc_nano.a(lib_a-makebuf.o)
                              c:/program files (x86)/atollic/truestudio for stm32 9.3.0/armtools/bin/../lib/gcc/arm-atollic-eabi/6.3.1/../../../../arm-atollic-eabi/lib/armv7e-m/fpu\libc_nano.a(lib_a-wsetup.o) (__smakebuf_r)
c:/program files (x86)/atollic/truestudio for stm32 9.3.0/armtools/bin/../lib/gcc/arm-atollic-eabi/6.3.1/../../../../arm-atollic-eabi/lib/armv7e-m/fpu\libc_nano.a(lib_a-nano-freer.o)
[...]
Memory Configuration

Name             Origin             Length             Attributes
RAM              0x20000000         0x00008000         xrw
FLASH            0x08000000         0x00020000         xr
*default*        0x00000000         0xffffffff

Linker script and memory map

LOAD c:/program files (x86)/atollic/truestudio for stm32 9.3.0/armtools/bin/../lib/gcc/arm-atollic-eabi/6.3.1/armv7e-m/fpu/crti.o
LOAD c:/program files (x86)/atollic/truestudio for stm32 9.3.0/armtools/bin/../lib/gcc/arm-atollic-eabi/6.3.1/armv7e-m/fpu/crtbegin.o
LOAD Core\Src\main.o
LOAD Core\Src\stm32f4xx_hal_msp.o
LOAD Core\Src\stm32f4xx_it.o
LOAD Core\Src\syscalls.o
LOAD Core\Src\system_stm32f4xx.o
LOAD Drivers\STM32F4xx_HAL_Driver\Src\stm32f4xx_hal.o
LOAD Drivers\STM32F4xx_HAL_Driver\Src\stm32f4xx_hal_cortex.o
LOAD Drivers\STM32F4xx_HAL_Driver\Src\stm32f4xx_hal_dma.o
LOAD Drivers\STM32F4xx_HAL_Driver\Src\stm32f4xx_hal_dma_ex.o
LOAD Drivers\STM32F4xx_HAL_Driver\Src\stm32f4xx_hal_exti.o
LOAD Drivers\STM32F4xx_HAL_Driver\Src\stm32f4xx_hal_flash.o
LOAD Drivers\STM32F4xx_HAL_Driver\Src\stm32f4xx_hal_flash_ex.o
LOAD Drivers\STM32F4xx_HAL_Driver\Src\stm32f4xx_hal_flash_ramfunc.o
LOAD Drivers\STM32F4xx_HAL_Driver\Src\stm32f4xx_hal_gpio.o
LOAD Drivers\STM32F4xx_HAL_Driver\Src\stm32f4xx_hal_pwr.o
LOAD Drivers\STM32F4xx_HAL_Driver\Src\stm32f4xx_hal_pwr_ex.o
LOAD Drivers\STM32F4xx_HAL_Driver\Src\stm32f4xx_hal_rcc.o
LOAD Drivers\STM32F4xx_HAL_Driver\Src\stm32f4xx_hal_rcc_ex.o
LOAD Drivers\STM32F4xx_HAL_Driver\Src\stm32f4xx_hal_spi.o
LOAD Drivers\STM32F4xx_HAL_Driver\Src\stm32f4xx_hal_tim.o
LOAD Drivers\STM32F4xx_HAL_Driver\Src\stm32f4xx_hal_tim_ex.o
LOAD Drivers\STM32F4xx_HAL_Driver\Src\stm32f4xx_hal_uart.o
LOAD startup\startup_stm32f410rx.o
LOAD winc1500\bsp\source\nm_bsp_stm32f429.o
LOAD winc1500\bus_wrapper\source\nm_bus_wrapper_stm32f429.o
LOAD winc1500\common\source\nm_common.o
LOAD winc1500\driver\source\m2m_ate_mode.o
LOAD winc1500\driver\source\m2m_crypto.o
LOAD winc1500\driver\source\m2m_hif.o
LOAD winc1500\driver\source\m2m_ota.o
LOAD winc1500\driver\source\m2m_periph.o
LOAD winc1500\driver\source\m2m_ssl.o
LOAD winc1500\driver\source\m2m_wifi.o
LOAD winc1500\driver\source\nmasic.o
LOAD winc1500\driver\source\nmbus.o
LOAD winc1500\driver\source\nmdrv.o
LOAD winc1500\driver\source\nmi2c.o
LOAD winc1500\driver\source\nmspi.o
LOAD winc1500\driver\source\nmuart.o
LOAD winc1500\root_cert\X509\asn1.o
LOAD winc1500\root_cert\X509\hash.o
LOAD winc1500\root_cert\X509\x509_cert.o
LOAD winc1500\root_cert\root_setup.o
LOAD winc1500\socket\source\socket.o
LOAD winc1500\spi_flash\source\spi_flash.o
                0x00000080                malloc_getpagesize_P = 0x80
START GROUP
LOAD c:/program files (x86)/atollic/truestudio for stm32 9.3.0/armtools/bin/../lib/gcc/arm-atollic-eabi/6.3.1/../../../../arm-atollic-eabi/lib/armv7e-m/fpu\libc_nano.a
LOAD c:/program files (x86)/atollic/truestudio for stm32 9.3.0/armtools/bin/../lib/gcc/arm-atollic-eabi/6.3.1/../../../../arm-atollic-eabi/lib/armv7e-m/fpu\libm.a
END GROUP
START GROUP
LOAD c:/program files (x86)/atollic/truestudio for stm32 9.3.0/armtools/bin/../lib/gcc/arm-atollic-eabi/6.3.1/armv7e-m/fpu\libgcc.a
LOAD c:/program files (x86)/atollic/truestudio for stm32 9.3.0/armtools/bin/../lib/gcc/arm-atollic-eabi/6.3.1/../../../../arm-atollic-eabi/lib/armv7e-m/fpu\libc_nano.a
END GROUP
START GROUP
LOAD c:/program files (x86)/atollic/truestudio for stm32 9.3.0/armtools/bin/../lib/gcc/arm-atollic-eabi/6.3.1/armv7e-m/fpu\libgcc.a
LOAD c:/program files (x86)/atollic/truestudio for stm32 9.3.0/armtools/bin/../lib/gcc/arm-atollic-eabi/6.3.1/../../../../arm-atollic-eabi/lib/armv7e-m/fpu\libc_nano.a
LOAD c:/program files (x86)/atollic/truestudio for stm32 9.3.0/armtools/bin/../lib/gcc/arm-atollic-eabi/6.3.1/../../../../arm-atollic-eabi/lib/armv7e-m/fpu\libnosys.a
END GROUP
START GROUP
LOAD c:/program files (x86)/atollic/truestudio for stm32 9.3.0/armtools/bin/../lib/gcc/arm-atollic-eabi/6.3.1/armv7e-m/fpu\libgcc.a
LOAD c:/program files (x86)/atollic/truestudio for stm32 9.3.0/armtools/bin/../lib/gcc/arm-atollic-eabi/6.3.1/../../../../arm-atollic-eabi/lib/armv7e-m/fpu\libc_nano.a
LOAD c:/program files (x86)/atollic/truestudio for stm32 9.3.0/armtools/bin/../lib/gcc/arm-atollic-eabi/6.3.1/../../../../arm-atollic-eabi/lib/armv7e-m/fpu\libnosys.a
END GROUP
LOAD c:/program files (x86)/atollic/truestudio for stm32 9.3.0/armtools/bin/../lib/gcc/arm-atollic-eabi/6.3.1/armv7e-m/fpu/crtend.o
LOAD c:/program files (x86)/atollic/truestudio for stm32 9.3.0/armtools/bin/../lib/gcc/arm-atollic-eabi/6.3.1/armv7e-m/fpu/crtn.o
                0x20008000                _estack = 0x20008000
                0x00000200                _Min_Heap_Size = 0x200
                0x00000400                _Min_Stack_Size = 0x400

.isr_vector     0x08000000      0x1c8
                0x08000000                . = ALIGN (0x4)
 *(.isr_vector)
 .isr_vector    0x08000000      0x1c8 startup\startup_stm32f410rx.o
                0x08000000                g_pfnVectors
                0x080001c8                . = ALIGN (0x4)

.text           0x080001d0     0x6304
                0x080001d0                . = ALIGN (0x4)
 *(.text)
 .text          0x080001d0       0x40 c:/program files (x86)/atollic/truestudio for stm32 9.3.0/armtools/bin/../lib/gcc/arm-atollic-eabi/6.3.1/armv7e-m/fpu/crtbegin.o
 .text          0x08000210       0x10 c:/program files (x86)/atollic/truestudio for stm32 9.3.0/armtools/bin/../lib/gcc/arm-atollic-eabi/6.3.1/../../../../arm-atollic-eabi/lib/armv7e-m/fpu\libc_nano.a(lib_a-strlen.o)
                0x08000210                strlen
 .text          0x08000220       0xa0 c:/program files (x86)/atollic/truestudio for stm32 9.3.0/armtools/bin/../lib/gcc/arm-atollic-eabi/6.3.1/../../../../arm-atollic-eabi/lib/armv7e-m/fpu\libc_nano.a(lib_a-memchr.o)
                0x08000220                memchr
 .text          0x080002c0       0x30 c:/program files (x86)/atollic/truestudio for stm32 9.3.0/armtools/bin/../lib/gcc/arm-atollic-eabi/6.3.1/armv7e-m/fpu\libgcc.a(_aeabi_uldivmod.o)
                0x080002c0                __aeabi_uldivmod
 .text          0x080002f0      0x2dc c:/program files (x86)/atollic/truestudio for stm32 9.3.0/armtools/bin/../lib/gcc/arm-atollic-eabi/6.3.1/armv7e-m/fpu\libgcc.a(_udivmoddi4.o)
                0x080002f0                __udivmoddi4
 .text          0x080005cc        0x4 c:/program files (x86)/atollic/truestudio for stm32 9.3.0/armtools/bin/../lib/gcc/arm-atollic-eabi/6.3.1/armv7e-m/fpu\libgcc.a(_dvmd_tls.o)
                0x080005cc                __aeabi_idiv0
                0x080005cc                __aeabi_ldiv0
 *(.text*)
 .text.EXTI15_10_IRQHandler
                0x080005d0       0x2c Core\Src\main.o
                0x080005d0                EXTI15_10_IRQHandler
 .text.HAL_GPIO_EXTI_Callback
                0x080005fc       0x1e Core\Src\main.o
                0x080005fc                HAL_GPIO_EXTI_Callback
 *fill*         0x0800061a        0x2 
 .text.__io_putchar
                0x0800061c       0x24 Core\Src\main.o
                0x0800061c                __io_putchar
 .text.wifi_cb  0x08000640      0x20c Core\Src\main.o
 .text.main     0x0800084c       0x84 Core\Src\main.o
                0x0800084c                main
 .text.SystemClock_Config
                0x080008d0       0xd8 Core\Src\main.o
                0x080008d0                SystemClock_Config
 .text.MX_SPI2_Init
                0x080009a8       0x6c Core\Src\main.o
 .text.MX_USART2_UART_Init
                0x08000a14       0x54 Core\Src\main.o
 .text.Error_Handler
                0x08000a68        0xe Core\Src\main.o
                0x08000a68                Error_Handler
 *fill*         0x08000a76        0x2 
 .text.HAL_MspInit
                0x08000a78       0x50 Core\Src\stm32f4xx_hal_msp.o
                0x08000a78                HAL_MspInit
 .text.HAL_SPI_MspInit
                0x08000ac8       0xd0 Core\Src\stm32f4xx_hal_msp.o
                0x08000ac8                HAL_SPI_MspInit
 .text.HAL_UART_MspInit
                0x08000b98       0x90 Core\Src\stm32f4xx_hal_msp.o
                0x08000b98                HAL_UART_MspInit
 .text.NMI_Handler
                0x08000c28        0xe Core\Src\stm32f4xx_it.o
                0x08000c28                NMI_Handler
 .text.HardFault_Handler
                0x08000c36        0x6 Core\Src\stm32f4xx_it.o
                0x08000c36                HardFault_Handler
 .text.MemManage_Handler
                0x08000c3c        0x6 Core\Src\stm32f4xx_it.o
                0x08000c3c                MemManage_Handler
 .text.BusFault_Handler
                0x08000c42        0x6 Core\Src\stm32f4xx_it.o
                0x08000c42                BusFault_Handler
 .text.UsageFault_Handler
                0x08000c48        0x6 Core\Src\stm32f4xx_it.o
                0x08000c48                UsageFault_Handler
 .text.SVC_Handler
                0x08000c4e        0xe Core\Src\stm32f4xx_it.o
                0x08000c4e                SVC_Handler
 .text.DebugMon_Handler
                0x08000c5c        0xe Core\Src\stm32f4xx_it.o
                0x08000c5c                DebugMon_Handler
 .text.PendSV_Handler
                0x08000c6a        0xe Core\Src\stm32f4xx_it.o
                0x08000c6a                PendSV_Handler
 .text.SysTick_Handler
                0x08000c78        0xc Core\Src\stm32f4xx_it.o
                0x08000c78                SysTick_Handler
 .text._read    0x08000c84       0x3a Core\Src\syscalls.o
                0x08000c84                _read
 .text._write   0x08000cbe       0x38 Core\Src\syscalls.o
                0x08000cbe                _write
 *fill*         0x08000cf6        0x2 
 .text._sbrk    0x08000cf8       0x58 Core\Src\syscalls.o
                0x08000cf8                _sbrk
 .text._close   0x08000d50       0x18 Core\Src\syscalls.o
                0x08000d50                _close
 .text._fstat   0x08000d68       0x20 Core\Src\syscalls.o
                0x08000d68                _fstat
 .text._isatty  0x08000d88       0x16 Core\Src\syscalls.o
                0x08000d88                _isatty
 .text._lseek   0x08000d9e       0x1a Core\Src\syscalls.o
                0x08000d9e                _lseek
 .text.SystemInit
                0x08000db8       0x2c Core\Src\system_stm32f4xx.o
                0x08000db8                SystemInit
 .text.HAL_Init
                0x08000de4       0x44 Drivers\STM32F4xx_HAL_Driver\Src\stm32f4xx_hal.o
                0x08000de4                HAL_Init
 .text.HAL_InitTick
                0x08000e28       0x60 Drivers\STM32F4xx_HAL_Driver\Src\stm32f4xx_hal.o
                0x08000e28                HAL_InitTick
 .text.HAL_IncTick
                0x08000e88       0x28 Drivers\STM32F4xx_HAL_Driver\Src\stm32f4xx_hal.o
                0x08000e88                HAL_IncTick
 .text.HAL_GetTick
                0x08000eb0       0x18 Drivers\STM32F4xx_HAL_Driver\Src\stm32f4xx_hal.o
                0x08000eb0                HAL_GetTick
 .text.HAL_Delay
                0x08000ec8       0x44 Drivers\STM32F4xx_HAL_Driver\Src\stm32f4xx_hal.o
                0x08000ec8                HAL_Delay
 .text.__NVIC_SetPriorityGrouping
                0x08000f0c       0x48 Drivers\STM32F4xx_HAL_Driver\Src\stm32f4xx_hal_cortex.o
 .text.__NVIC_GetPriorityGrouping
                0x08000f54       0x1c Drivers\STM32F4xx_HAL_Driver\Src\stm32f4xx_hal_cortex.o
 .text.__NVIC_EnableIRQ
                0x08000f70       0x3c Drivers\STM32F4xx_HAL_Driver\Src\stm32f4xx_hal_cortex.o
 .text.__NVIC_DisableIRQ
                0x08000fac       0x44 Drivers\STM32F4xx_HAL_Driver\Src\stm32f4xx_hal_cortex.o
 .text.__NVIC_SetPriority
                0x08000ff0       0x54 Drivers\STM32F4xx_HAL_Driver\Src\stm32f4xx_hal_cortex.o
 .text.NVIC_EncodePriority
                0x08001044       0x62 Drivers\STM32F4xx_HAL_Driver\Src\stm32f4xx_hal_cortex.o
 *fill*         0x080010a6        0x2 
 .text.SysTick_Config
                0x080010a8       0x44 Drivers\STM32F4xx_HAL_Driver\Src\stm32f4xx_hal_cortex.o
 .text.HAL_NVIC_SetPriorityGrouping
                0x080010ec       0x16 Drivers\STM32F4xx_HAL_Driver\Src\stm32f4xx_hal_cortex.o
                0x080010ec                HAL_NVIC_SetPriorityGrouping
 .text.HAL_NVIC_SetPriority
                0x08001102       0x38 Drivers\STM32F4xx_HAL_Driver\Src\stm32f4xx_hal_cortex.o
                0x08001102                HAL_NVIC_SetPriority
 .text.HAL_NVIC_EnableIRQ
                0x0800113a       0x1c Drivers\STM32F4xx_HAL_Driver\Src\stm32f4xx_hal_cortex.o
                0x0800113a                HAL_NVIC_EnableIRQ
 .text.HAL_NVIC_DisableIRQ
                0x08001156       0x1c Drivers\STM32F4xx_HAL_Driver\Src\stm32f4xx_hal_cortex.o
                0x08001156                HAL_NVIC_DisableIRQ
 .text.HAL_SYSTICK_Config
                0x08001172       0x18 Drivers\STM32F4xx_HAL_Driver\Src\stm32f4xx_hal_cortex.o
                0x08001172                HAL_SYSTICK_Config
 *fill*         0x0800118a        0x2 
 .text.HAL_GPIO_Init
                0x0800118c      0x2e4 Drivers\STM32F4xx_HAL_Driver\Src\stm32f4xx_hal_gpio.o
                0x0800118c                HAL_GPIO_Init
 .text.HAL_GPIO_WritePin
                0x08001470       0x32 Drivers\STM32F4xx_HAL_Driver\Src\stm32f4xx_hal_gpio.o
                0x08001470                HAL_GPIO_WritePin
 *fill*         0x080014a2        0x2 
 .text.HAL_GPIO_EXTI_IRQHandler
                0x080014a4       0x30 Drivers\STM32F4xx_HAL_Driver\Src\stm32f4xx_hal_gpio.o
                0x080014a4                HAL_GPIO_EXTI_IRQHandler
 .text.HAL_RCC_ClockConfig
                0x080014d4      0x1cc Drivers\STM32F4xx_HAL_Driver\Src\stm32f4xx_hal_rcc.o
                0x080014d4                HAL_RCC_ClockConfig
 .text.HAL_RCC_GetSysClockFreq
                0x080016a0      0x1b0 Drivers\STM32F4xx_HAL_Driver\Src\stm32f4xx_hal_rcc.o
                0x080016a0                HAL_RCC_GetSysClockFreq
 .text.HAL_RCC_GetHCLKFreq
                0x08001850       0x18 Drivers\STM32F4xx_HAL_Driver\Src\stm32f4xx_hal_rcc.o
                0x08001850                HAL_RCC_GetHCLKFreq
 .text.HAL_RCC_GetPCLK1Freq
                0x08001868       0x28 Drivers\STM32F4xx_HAL_Driver\Src\stm32f4xx_hal_rcc.o
                0x08001868                HAL_RCC_GetPCLK1Freq
 .text.HAL_RCC_GetPCLK2Freq
                0x08001890       0x28 Drivers\STM32F4xx_HAL_Driver\Src\stm32f4xx_hal_rcc.o
                0x08001890                HAL_RCC_GetPCLK2Freq
 .text.HAL_RCC_OscConfig
                0x080018b8      0x484 Drivers\STM32F4xx_HAL_Driver\Src\stm32f4xx_hal_rcc_ex.o
                0x080018b8                HAL_RCC_OscConfig
 .text.HAL_SPI_Init
                0x08001d3c       0xc6 Drivers\STM32F4xx_HAL_Driver\Src\stm32f4xx_hal_spi.o
                0x08001d3c                HAL_SPI_Init
 .text.HAL_SPI_TransmitReceive
                0x08001e02      0x340 Drivers\STM32F4xx_HAL_Driver\Src\stm32f4xx_hal_spi.o
                0x08001e02                HAL_SPI_TransmitReceive
 .text.SPI_WaitFlagStateUntilTimeout
                0x08002142       0xd4 Drivers\STM32F4xx_HAL_Driver\Src\stm32f4xx_hal_spi.o
 *fill*         0x08002216        0x2 
 .text.SPI_EndRxTxTransaction
                0x08002218       0x84 Drivers\STM32F4xx_HAL_Driver\Src\stm32f4xx_hal_spi.o
 .text.HAL_UART_Init
                0x0800229c       0x9a Drivers\STM32F4xx_HAL_Driver\Src\stm32f4xx_hal_uart.o
                0x0800229c                HAL_UART_Init
 .text.HAL_UART_Transmit
                0x08002336      0x130 Drivers\STM32F4xx_HAL_Driver\Src\stm32f4xx_hal_uart.o
                0x08002336                HAL_UART_Transmit
 .text.UART_WaitOnFlagUntilTimeout
                0x08002466       0x94 Drivers\STM32F4xx_HAL_Driver\Src\stm32f4xx_hal_uart.o
 *fill*         0x080024fa        0x2 
 .text.UART_SetConfig
                0x080024fc      0x67c Drivers\STM32F4xx_HAL_Driver\Src\stm32f4xx_hal_uart.o
 .text.Reset_Handler
                0x08002b78       0x50 startup\startup_stm32f410rx.o
                0x08002b78                Reset_Handler
 .text.Default_Handler
                0x08002bc8        0x2 startup\startup_stm32f410rx.o
                0x08002bc8                RTC_Alarm_IRQHandler
                0x08002bc8                EXTI2_IRQHandler
                0x08002bc8                FMPI2C1_EV_IRQHandler
                0x08002bc8                TIM1_CC_IRQHandler
                0x08002bc8                DMA2_Stream5_IRQHandler
                0x08002bc8                DMA1_Stream5_IRQHandler
                0x08002bc8                PVD_IRQHandler
                0x08002bc8                TAMP_STAMP_IRQHandler
                0x08002bc8                EXTI3_IRQHandler
                0x08002bc8                EXTI0_IRQHandler
                0x08002bc8                I2C2_EV_IRQHandler
                0x08002bc8                DMA1_Stream2_IRQHandler
                0x08002bc8                FPU_IRQHandler
                0x08002bc8                DMA2_Stream2_IRQHandler
                0x08002bc8                SPI1_IRQHandler
                0x08002bc8                TIM6_DAC_IRQHandler
                0x08002bc8                TIM1_BRK_TIM9_IRQHandler
                0x08002bc8                DMA2_Stream3_IRQHandler
                0x08002bc8                USART6_IRQHandler
                0x08002bc8                DMA2_Stream0_IRQHandler
                0x08002bc8                I2C1_EV_IRQHandler
                0x08002bc8                DMA1_Stream6_IRQHandler
                0x08002bc8                DMA1_Stream1_IRQHandler
                0x08002bc8                RCC_IRQHandler
                0x08002bc8                Default_Handler
                0x08002bc8                ADC_IRQHandler
                0x08002bc8                DMA1_Stream7_IRQHandler
                0x08002bc8                SPI5_IRQHandler
                0x08002bc8                TIM5_IRQHandler
                0x08002bc8                DMA2_Stream7_IRQHandler
                0x08002bc8                EXTI9_5_IRQHandler
                0x08002bc8                RTC_WKUP_IRQHandler
                0x08002bc8                SPI2_IRQHandler
                0x08002bc8                DMA1_Stream0_IRQHandler
                0x08002bc8                FMPI2C1_ER_IRQHandler
                0x08002bc8                EXTI4_IRQHandler
                0x08002bc8                RNG_IRQHandler
                0x08002bc8                TIM1_UP_IRQHandler
                0x08002bc8                WWDG_IRQHandler
                0x08002bc8                TIM1_TRG_COM_TIM11_IRQHandler
                0x08002bc8                EXTI1_IRQHandler
                0x08002bc8                USART2_IRQHandler
                0x08002bc8                I2C2_ER_IRQHandler
                0x08002bc8                DMA2_Stream1_IRQHandler
                0x08002bc8                FLASH_IRQHandler
                0x08002bc8                DMA2_Stream4_IRQHandler
                0x08002bc8                USART1_IRQHandler
                0x08002bc8                DMA1_Stream4_IRQHandler
                0x08002bc8                I2C1_ER_IRQHandler
                0x08002bc8                LPTIM1_IRQHandler
                0x08002bc8                DMA2_Stream6_IRQHandler
                0x08002bc8                DMA1_Stream3_IRQHandler
 *fill*         0x08002bca        0x2 
 .text.init_chip_pins
                0x08002bcc      0x108 winc1500\bsp\source\nm_bsp_stm32f429.o
 .text.nm_bsp_init
                0x08002cd4       0x12 winc1500\bsp\source\nm_bsp_stm32f429.o
                0x08002cd4                nm_bsp_init
 *fill*         0x08002ce6        0x2 
 .text.nm_bsp_reset
                0x08002ce8       0x44 winc1500\bsp\source\nm_bsp_stm32f429.o
                0x08002ce8                nm_bsp_reset
 .text.nm_bsp_sleep
                0x08002d2c       0x16 winc1500\bsp\source\nm_bsp_stm32f429.o
                0x08002d2c                nm_bsp_sleep
 *fill*         0x08002d42        0x2 
 .text.nm_bsp_register_isr
                0x08002d44       0x64 winc1500\bsp\source\nm_bsp_stm32f429.o
                0x08002d44                nm_bsp_register_isr
 .text.nm_bsp_interrupt_ctrl
                0x08002da8       0x30 winc1500\bsp\source\nm_bsp_stm32f429.o
                0x08002da8                nm_bsp_interrupt_ctrl
 .text.spi_rw   0x08002dd8       0xa8 winc1500\bus_wrapper\source\nm_bus_wrapper_stm32f429.o
 .text.nm_bus_init
                0x08002e80       0x22 winc1500\bus_wrapper\source\nm_bus_wrapper_stm32f429.o
                0x08002e80                nm_bus_init
 .text.nm_bus_ioctl
                0x08002ea2       0x44 winc1500\bus_wrapper\source\nm_bus_wrapper_stm32f429.o
                0x08002ea2                nm_bus_ioctl
 .text.nm_bus_deinit
                0x08002ee6       0x1a winc1500\bus_wrapper\source\nm_bus_wrapper_stm32f429.o
                0x08002ee6                nm_bus_deinit
 .text.m2m_memcpy
                0x08002f00       0x40 winc1500\common\source\nm_common.o
                0x08002f00                m2m_memcpy
 .text.m2m_memset
                0x08002f40       0x3a winc1500\common\source\nm_common.o
                0x08002f40                m2m_memset
 .text.m2m_strlen
                0x08002f7a       0x30 winc1500\common\source\nm_common.o
                0x08002f7a                m2m_strlen
 *fill*         0x08002faa        0x2 
 .text.isr      0x08002fac       0x20 winc1500\driver\source\m2m_hif.o
                0x08002fac                isr
 .text.hif_set_rx_done
                0x08002fcc       0x60 winc1500\driver\source\m2m_hif.o
 .text.m2m_hif_cb
                0x0800302c       0x1c winc1500\driver\source\m2m_hif.o
 .text.hif_chip_wake
                0x08003048       0x60 winc1500\driver\source\m2m_hif.o
                0x08003048                hif_chip_wake
 .text.hif_chip_sleep_sc
                0x080030a8       0x2c winc1500\driver\source\m2m_hif.o
                0x080030a8                hif_chip_sleep_sc
 .text.hif_chip_sleep
                0x080030d4       0x54 winc1500\driver\source\m2m_hif.o
                0x080030d4                hif_chip_sleep
 .text.hif_init
                0x08003128       0x38 winc1500\driver\source\m2m_hif.o
                0x08003128                hif_init
 .text.hif_send
                0x08003160      0x244 winc1500\driver\source\m2m_hif.o
                0x08003160                hif_send
 .text.hif_isr  0x080033a4      0x22c winc1500\driver\source\m2m_hif.o
 .text.hif_handle_isr
                0x080035d0       0x44 winc1500\driver\source\m2m_hif.o
                0x080035d0                hif_handle_isr
 .text.hif_receive
                0x08003614       0xc4 winc1500\driver\source\m2m_hif.o
                0x08003614                hif_receive
 .text.hif_register_cb
                0x080036d8       0x90 winc1500\driver\source\m2m_hif.o
                0x080036d8                hif_register_cb
 .text.m2m_wifi_cb
                0x08003768      0x304 winc1500\driver\source\m2m_wifi.o
 .text.m2m_wifi_init
                0x08003a6c      0x108 winc1500\driver\source\m2m_wifi.o
                0x08003a6c                m2m_wifi_init
 .text.m2m_wifi_handle_events
                0x08003b74       0x16 winc1500\driver\source\m2m_wifi.o
                0x08003b74                m2m_wifi_handle_events
 .text.m2m_wifi_connect
                0x08003b8a       0x30 winc1500\driver\source\m2m_wifi.o
                0x08003b8a                m2m_wifi_connect
 .text.m2m_wifi_connect_sc
                0x08003bba      0x260 winc1500\driver\source\m2m_wifi.o
                0x08003bba                m2m_wifi_connect_sc
 .text.m2m_wifi_request_dhcp_client
                0x08003e1a       0x10 winc1500\driver\source\m2m_wifi.o
                0x08003e1a                m2m_wifi_request_dhcp_client
 *fill*         0x08003e2a        0x2 
 .text.m2m_wifi_request_scan
                0x08003e2c       0x7c winc1500\driver\source\m2m_wifi.o
                0x08003e2c                m2m_wifi_request_scan
 .text.m2m_wifi_req_scan_result
                0x08003ea8       0x3c winc1500\driver\source\m2m_wifi.o
                0x08003ea8                m2m_wifi_req_scan_result
 .text.m2m_wifi_get_num_ap_found
                0x08003ee4       0x18 winc1500\driver\source\m2m_wifi.o
                0x08003ee4                m2m_wifi_get_num_ap_found
 .text.chip_apply_conf
                0x08003efc       0x60 winc1500\driver\source\nmasic.o
                0x08003efc                chip_apply_conf
 .text.enable_interrupts
                0x08003f5c       0x94 winc1500\driver\source\nmasic.o
                0x08003f5c                enable_interrupts
 .text.nmi_get_chipid
                0x08003ff0       0xe8 winc1500\driver\source\nmasic.o
                0x08003ff0                nmi_get_chipid
 .text.chip_sleep
                0x080040d8       0xc4 winc1500\driver\source\nmasic.o
                0x080040d8                chip_sleep
 .text.chip_wake
                0x0800419c       0xe8 winc1500\driver\source\nmasic.o
                0x0800419c                chip_wake
 .text.wait_for_bootrom
                0x08004284      0x130 winc1500\driver\source\nmasic.o
                0x08004284                wait_for_bootrom
 .text.wait_for_firmware_start
                0x080043b4       0x94 winc1500\driver\source\nmasic.o
                0x080043b4                wait_for_firmware_start
 .text.chip_deinit
                0x08004448       0x50 winc1500\driver\source\nmasic.o
                0x08004448                chip_deinit
 .text.nm_bus_iface_init
                0x08004498       0x22 winc1500\driver\source\nmbus.o
                0x08004498                nm_bus_iface_init
 .text.nm_bus_iface_deinit
                0x080044ba       0x1e winc1500\driver\source\nmbus.o
                0x080044ba                nm_bus_iface_deinit
 .text.nm_bus_reset
                0x080044d8       0x1e winc1500\driver\source\nmbus.o
                0x080044d8                nm_bus_reset
 .text.nm_read_reg
                0x080044f6       0x18 winc1500\driver\source\nmbus.o
                0x080044f6                nm_read_reg
 .text.nm_read_reg_with_ret
                0x0800450e       0x1c winc1500\driver\source\nmbus.o
                0x0800450e                nm_read_reg_with_ret
 .text.nm_write_reg
                0x0800452a       0x1c winc1500\driver\source\nmbus.o
                0x0800452a                nm_write_reg
 .text.p_nm_read_block
                0x08004546       0x24 winc1500\driver\source\nmbus.o
 *fill*         0x0800456a        0x2 
 .text.nm_read_block
                0x0800456c       0x94 winc1500\driver\source\nmbus.o
                0x0800456c                nm_read_block
 .text.p_nm_write_block
                0x08004600       0x24 winc1500\driver\source\nmbus.o
 .text.nm_write_block
                0x08004624       0x94 winc1500\driver\source\nmbus.o
                0x08004624                nm_write_block
 .text.nm_get_firmware_full_info
                0x080046b8      0x13c winc1500\driver\source\nmdrv.o
                0x080046b8                nm_get_firmware_full_info
 .text.nm_drv_init
                0x080047f4       0xc0 winc1500\driver\source\nmdrv.o
                0x080047f4                nm_drv_init
 .text.nm_drv_deinit
                0x080048b4       0x56 winc1500\driver\source\nmdrv.o
                0x080048b4                nm_drv_deinit
 .text.nmi_spi_read
                0x0800490a       0x2e winc1500\driver\source\nmspi.o
 .text.nmi_spi_write
                0x08004938       0x2e winc1500\driver\source\nmspi.o
 *fill*         0x08004966        0x2 
 .text.crc7_byte
                0x08004968       0x2c winc1500\driver\source\nmspi.o
 .text.crc7     0x08004994       0x3a winc1500\driver\source\nmspi.o
 *fill*         0x080049ce        0x2 
 .text.spi_cmd  0x080049d0      0x22c winc1500\driver\source\nmspi.o
 .text.spi_data_rsp
                0x08004bfc       0x78 winc1500\driver\source\nmspi.o
 .text.spi_cmd_rsp
                0x08004c74       0xaa winc1500\driver\source\nmspi.o
 *fill*         0x08004d1e        0x2 
 .text.spi_data_read
                0x08004d20       0xf0 winc1500\driver\source\nmspi.o
 .text.spi_data_write
                0x08004e10       0xe8 winc1500\driver\source\nmspi.o
 .text.spi_write_reg
                0x08004ef8       0xa8 winc1500\driver\source\nmspi.o
 .text.nm_spi_write
                0x08004fa0       0xca winc1500\driver\source\nmspi.o
 .text.spi_read_reg
                0x0800506a       0xe6 winc1500\driver\source\nmspi.o
 .text.nm_spi_read
                0x08005150       0xdc winc1500\driver\source\nmspi.o
 .text.nm_spi_reset
                0x0800522c       0x24 winc1500\driver\source\nmspi.o
                0x0800522c                nm_spi_reset
 .text.nm_spi_init
                0x08005250       0xa0 winc1500\driver\source\nmspi.o
                0x08005250                nm_spi_init
 .text.nm_spi_deinit
                0x080052f0       0x1c winc1500\driver\source\nmspi.o
                0x080052f0                nm_spi_deinit
 .text.nm_spi_read_reg
                0x0800530c       0x1e winc1500\driver\source\nmspi.o
                0x0800530c                nm_spi_read_reg
 .text.nm_spi_read_reg_with_ret
                0x0800532a       0x34 winc1500\driver\source\nmspi.o
                0x0800532a                nm_spi_read_reg_with_ret
 .text.nm_spi_write_reg
                0x0800535e       0x34 winc1500\driver\source\nmspi.o
                0x0800535e                nm_spi_write_reg
 .text.nm_spi_read_block
                0x08005392       0x3c winc1500\driver\source\nmspi.o
                0x08005392                nm_spi_read_block
 .text.nm_spi_write_block
                0x080053ce       0x3c winc1500\driver\source\nmspi.o
                0x080053ce                nm_spi_write_block
 *fill*         0x0800540a        0x2 
 .text.spi_flash_enter_low_power_mode
                0x0800540c       0x6c winc1500\spi_flash\source\spi_flash.o
 .text.spi_flash_leave_low_power_mode
                0x08005478       0x6c winc1500\spi_flash\source\spi_flash.o
 .text.spi_flash_enable
                0x080054e4       0x9c winc1500\spi_flash\source\spi_flash.o
                0x080054e4                spi_flash_enable
 .text.__errno  0x08005580        0xc c:/program files (x86)/atollic/truestudio for stm32 9.3.0/armtools/bin/../lib/gcc/arm-atollic-eabi/6.3.1/../../../../arm-atollic-eabi/lib/armv7e-m/fpu\libc_nano.a(lib_a-errno.o)
                0x08005580                __errno
 .text.__libc_init_array
                0x0800558c       0x48 c:/program files (x86)/atollic/truestudio for stm32 9.3.0/armtools/bin/../lib/gcc/arm-atollic-eabi/6.3.1/../../../../arm-atollic-eabi/lib/armv7e-m/fpu\libc_nano.a(lib_a-init.o)
                0x0800558c                __libc_init_array
 .text.memcmp   0x080055d4       0x1e c:/program files (x86)/atollic/truestudio for stm32 9.3.0/armtools/bin/../lib/gcc/arm-atollic-eabi/6.3.1/../../../../arm-atollic-eabi/lib/armv7e-m/fpu\libc_nano.a(lib_a-memcmp.o)
                0x080055d4                memcmp
 .text.memset   0x080055f2       0x10 c:/program files (x86)/atollic/truestudio for stm32 9.3.0/armtools/bin/../lib/gcc/arm-atollic-eabi/6.3.1/../../../../arm-atollic-eabi/lib/armv7e-m/fpu\libc_nano.a(lib_a-memset.o)
                0x080055f2                memset
 *fill*         0x08005602        0x2 
 .text.printf   0x08005604       0x30 c:/program files (x86)/atollic/truestudio for stm32 9.3.0/armtools/bin/../lib/gcc/arm-atollic-eabi/6.3.1/../../../../arm-atollic-eabi/lib/armv7e-m/fpu\libc_nano.a(lib_a-printf.o)
                0x08005604                iprintf
                0x08005604                printf
 .text._puts_r  0x08005634       0xb8 c:/program files (x86)/atollic/truestudio for stm32 9.3.0/armtools/bin/../lib/gcc/arm-atollic-eabi/6.3.1/../../../../arm-atollic-eabi/lib/armv7e-m/fpu\libc_nano.a(lib_a-puts.o)
                0x08005634                _puts_r
 .text.puts     0x080056ec       0x10 c:/program files (x86)/atollic/truestudio for stm32 9.3.0/armtools/bin/../lib/gcc/arm-atollic-eabi/6.3.1/../../../../arm-atollic-eabi/lib/armv7e-m/fpu\libc_nano.a(lib_a-puts.o)
                0x080056ec                puts
 .text.__swbuf_r
                0x080056fc       0xa4 c:/program files (x86)/atollic/truestudio for stm32 9.3.0/armtools/bin/../lib/gcc/arm-atollic-eabi/6.3.1/../../../../arm-atollic-eabi/lib/armv7e-m/fpu\libc_nano.a(lib_a-wbuf.o)
                0x080056fc                __swbuf_r
 .text.__swsetup_r
                0x080057a0       0xdc c:/program files (x86)/atollic/truestudio for stm32 9.3.0/armtools/bin/../lib/gcc/arm-atollic-eabi/6.3.1/../../../../arm-atollic-eabi/lib/armv7e-m/fpu\libc_nano.a(lib_a-wsetup.o)
                0x080057a0                __swsetup_r
 .text.__sflush_r
                0x0800587c      0x110 c:/program files (x86)/atollic/truestudio for stm32 9.3.0/armtools/bin/../lib/gcc/arm-atollic-eabi/6.3.1/../../../../arm-atollic-eabi/lib/armv7e-m/fpu\libc_nano.a(lib_a-fflush.o)
                0x0800587c                __sflush_r
 .text._fflush_r
                0x0800598c       0x54 c:/program files (x86)/atollic/truestudio for stm32 9.3.0/armtools/bin/../lib/gcc/arm-atollic-eabi/6.3.1/../../../../arm-atollic-eabi/lib/armv7e-m/fpu\libc_nano.a(lib_a-fflush.o)
                0x0800598c                _fflush_r
 .text._cleanup_r
                0x080059e0        0xc c:/program files (x86)/atollic/truestudio for stm32 9.3.0/armtools/bin/../lib/gcc/arm-atollic-eabi/6.3.1/../../../../arm-atollic-eabi/lib/armv7e-m/fpu\libc_nano.a(lib_a-findfp.o)
                0x080059e0                _cleanup_r
 .text.std.isra.0
                0x080059ec       0x48 c:/program files (x86)/atollic/truestudio for stm32 9.3.0/armtools/bin/../lib/gcc/arm-atollic-eabi/6.3.1/../../../../arm-atollic-eabi/lib/armv7e-m/fpu\libc_nano.a(lib_a-findfp.o)
 .text.__sfmoreglue
                0x08005a34       0x2c c:/program files (x86)/atollic/truestudio for stm32 9.3.0/armtools/bin/../lib/gcc/arm-atollic-eabi/6.3.1/../../../../arm-atollic-eabi/lib/armv7e-m/fpu\libc_nano.a(lib_a-findfp.o)
                0x08005a34                __sfmoreglue
 .text.__sinit  0x08005a60       0x60 c:/program files (x86)/atollic/truestudio for stm32 9.3.0/armtools/bin/../lib/gcc/arm-atollic-eabi/6.3.1/../../../../arm-atollic-eabi/lib/armv7e-m/fpu\libc_nano.a(lib_a-findfp.o)
                0x08005a60                __sinit
 .text.__sfp    0x08005ac0       0x78 c:/program files (x86)/atollic/truestudio for stm32 9.3.0/armtools/bin/../lib/gcc/arm-atollic-eabi/6.3.1/../../../../arm-atollic-eabi/lib/armv7e-m/fpu\libc_nano.a(lib_a-findfp.o)
                0x08005ac0                __sfp
 .text._fwalk_reent
                0x08005b38       0x3c c:/program files (x86)/atollic/truestudio for stm32 9.3.0/armtools/bin/../lib/gcc/arm-atollic-eabi/6.3.1/../../../../arm-atollic-eabi/lib/armv7e-m/fpu\libc_nano.a(lib_a-fwalk.o)
                0x08005b38                _fwalk_reent
 .text.__swhatbuf_r
                0x08005b74       0x48 c:/program files (x86)/atollic/truestudio for stm32 9.3.0/armtools/bin/../lib/gcc/arm-atollic-eabi/6.3.1/../../../../arm-atollic-eabi/lib/armv7e-m/fpu\libc_nano.a(lib_a-makebuf.o)
                0x08005b74                __swhatbuf_r
 .text.__smakebuf_r
                0x08005bbc       0x80 c:/program files (x86)/atollic/truestudio for stm32 9.3.0/armtools/bin/../lib/gcc/arm-atollic-eabi/6.3.1/../../../../arm-atollic-eabi/lib/armv7e-m/fpu\libc_nano.a(lib_a-makebuf.o)
                0x08005bbc                __smakebuf_r
 .text._free_r  0x08005c3c       0x9c c:/program files (x86)/atollic/truestudio for stm32 9.3.0/armtools/bin/../lib/gcc/arm-atollic-eabi/6.3.1/../../../../arm-atollic-eabi/lib/armv7e-m/fpu\libc_nano.a(lib_a-nano-freer.o)
                0x08005c3c                _free_r
 .text._malloc_r
                0x08005cd8       0xbc c:/program files (x86)/atollic/truestudio for stm32 9.3.0/armtools/bin/../lib/gcc/arm-atollic-eabi/6.3.1/../../../../arm-atollic-eabi/lib/armv7e-m/fpu\libc_nano.a(lib_a-nano-mallocr.o)
                0x08005cd8                _malloc_r
 .text.__sfputc_r
                0x08005d94       0x30 c:/program files (x86)/atollic/truestudio for stm32 9.3.0/armtools/bin/../lib/gcc/arm-atollic-eabi/6.3.1/../../../../arm-atollic-eabi/lib/armv7e-m/fpu\libc_nano.a(lib_a-nano-vfprintf.o)
 .text.__sfputs_r
                0x08005dc4       0x24 c:/program files (x86)/atollic/truestudio for stm32 9.3.0/armtools/bin/../lib/gcc/arm-atollic-eabi/6.3.1/../../../../arm-atollic-eabi/lib/armv7e-m/fpu\libc_nano.a(lib_a-nano-vfprintf.o)
                0x08005dc4                __sfputs_r
 .text._vfprintf_r
                0x08005de8      0x22c c:/program files (x86)/atollic/truestudio for stm32 9.3.0/armtools/bin/../lib/gcc/arm-atollic-eabi/6.3.1/../../../../arm-atollic-eabi/lib/armv7e-m/fpu\libc_nano.a(lib_a-nano-vfprintf.o)
                0x08005de8                _vfprintf_r
                0x08005de8                _vfiprintf_r
 .text._printf_common
                0x08006014       0xec c:/program files (x86)/atollic/truestudio for stm32 9.3.0/armtools/bin/../lib/gcc/arm-atollic-eabi/6.3.1/../../../../arm-atollic-eabi/lib/armv7e-m/fpu\libc_nano.a(lib_a-nano-vfprintf_i.o)
                0x08006014                _printf_common
 .text._printf_i
                0x08006100      0x240 c:/program files (x86)/atollic/truestudio for stm32 9.3.0/armtools/bin/../lib/gcc/arm-atollic-eabi/6.3.1/../../../../arm-atollic-eabi/lib/armv7e-m/fpu\libc_nano.a(lib_a-nano-vfprintf_i.o)
                0x08006100                _printf_i
 .text._sbrk_r  0x08006340       0x20 c:/program files (x86)/atollic/truestudio for stm32 9.3.0/armtools/bin/../lib/gcc/arm-atollic-eabi/6.3.1/../../../../arm-atollic-eabi/lib/armv7e-m/fpu\libc_nano.a(lib_a-sbrkr.o)
                0x08006340                _sbrk_r
 .text.__sread  0x08006360       0x22 c:/program files (x86)/atollic/truestudio for stm32 9.3.0/armtools/bin/../lib/gcc/arm-atollic-eabi/6.3.1/../../../../arm-atollic-eabi/lib/armv7e-m/fpu\libc_nano.a(lib_a-stdio.o)
                0x08006360                __sread
 .text.__swrite
                0x08006382       0x38 c:/program files (x86)/atollic/truestudio for stm32 9.3.0/armtools/bin/../lib/gcc/arm-atollic-eabi/6.3.1/../../../../arm-atollic-eabi/lib/armv7e-m/fpu\libc_nano.a(lib_a-stdio.o)
                0x08006382                __swrite
 .text.__sseek  0x080063ba       0x24 c:/program files (x86)/atollic/truestudio for stm32 9.3.0/armtools/bin/../lib/gcc/arm-atollic-eabi/6.3.1/../../../../arm-atollic-eabi/lib/armv7e-m/fpu\libc_nano.a(lib_a-stdio.o)
                0x080063ba                __sseek
 .text.__sclose
                0x080063de        0x8 c:/program files (x86)/atollic/truestudio for stm32 9.3.0/armtools/bin/../lib/gcc/arm-atollic-eabi/6.3.1/../../../../arm-atollic-eabi/lib/armv7e-m/fpu\libc_nano.a(lib_a-stdio.o)
                0x080063de                __sclose
 *fill*         0x080063e6        0x2 
 .text._write_r
                0x080063e8       0x24 c:/program files (x86)/atollic/truestudio for stm32 9.3.0/armtools/bin/../lib/gcc/arm-atollic-eabi/6.3.1/../../../../arm-atollic-eabi/lib/armv7e-m/fpu\libc_nano.a(lib_a-writer.o)
                0x080063e8                _write_r
 .text._close_r
                0x0800640c       0x20 c:/program files (x86)/atollic/truestudio for stm32 9.3.0/armtools/bin/../lib/gcc/arm-atollic-eabi/6.3.1/../../../../arm-atollic-eabi/lib/armv7e-m/fpu\libc_nano.a(lib_a-closer.o)
                0x0800640c                _close_r
 .text._fstat_r
                0x0800642c       0x24 c:/program files (x86)/atollic/truestudio for stm32 9.3.0/armtools/bin/../lib/gcc/arm-atollic-eabi/6.3.1/../../../../arm-atollic-eabi/lib/armv7e-m/fpu\libc_nano.a(lib_a-fstatr.o)
                0x0800642c                _fstat_r
 .text._isatty_r
                0x08006450       0x20 c:/program files (x86)/atollic/truestudio for stm32 9.3.0/armtools/bin/../lib/gcc/arm-atollic-eabi/6.3.1/../../../../arm-atollic-eabi/lib/armv7e-m/fpu\libc_nano.a(lib_a-isattyr.o)
                0x08006450                _isatty_r
 .text._lseek_r
                0x08006470       0x24 c:/program files (x86)/atollic/truestudio for stm32 9.3.0/armtools/bin/../lib/gcc/arm-atollic-eabi/6.3.1/../../../../arm-atollic-eabi/lib/armv7e-m/fpu\libc_nano.a(lib_a-lseekr.o)
                0x08006470                _lseek_r
 .text.__malloc_lock
                0x08006494        0x2 c:/program files (x86)/atollic/truestudio for stm32 9.3.0/armtools/bin/../lib/gcc/arm-atollic-eabi/6.3.1/../../../../arm-atollic-eabi/lib/armv7e-m/fpu\libc_nano.a(lib_a-mlock.o)
                0x08006494                __malloc_lock
 .text.__malloc_unlock
                0x08006496        0x2 c:/program files (x86)/atollic/truestudio for stm32 9.3.0/armtools/bin/../lib/gcc/arm-atollic-eabi/6.3.1/../../../../arm-atollic-eabi/lib/armv7e-m/fpu\libc_nano.a(lib_a-mlock.o)
                0x08006496                __malloc_unlock
 .text._read_r  0x08006498       0x24 c:/program files (x86)/atollic/truestudio for stm32 9.3.0/armtools/bin/../lib/gcc/arm-atollic-eabi/6.3.1/../../../../arm-atollic-eabi/lib/armv7e-m/fpu\libc_nano.a(lib_a-readr.o)
                0x08006498                _read_r
 *(.glue_7)
 .glue_7        0x080064bc        0x0 linker stubs
 *(.glue_7t)
 .glue_7t       0x080064bc        0x0 linker stubs
 *(.eh_frame)
 .eh_frame      0x080064bc        0x0 c:/program files (x86)/atollic/truestudio for stm32 9.3.0/armtools/bin/../lib/gcc/arm-atollic-eabi/6.3.1/armv7e-m/fpu/crtbegin.o
 *(.init)
 .init          0x080064bc        0x4 c:/program files (x86)/atollic/truestudio for stm32 9.3.0/armtools/bin/../lib/gcc/arm-atollic-eabi/6.3.1/armv7e-m/fpu/crti.o
                0x080064bc                _init
 .init          0x080064c0        0x8 c:/program files (x86)/atollic/truestudio for stm32 9.3.0/armtools/bin/../lib/gcc/arm-atollic-eabi/6.3.1/armv7e-m/fpu/crtn.o
 *(.fini)
 .fini          0x080064c8        0x4 c:/program files (x86)/atollic/truestudio for stm32 9.3.0/armtools/bin/../lib/gcc/arm-atollic-eabi/6.3.1/armv7e-m/fpu/crti.o
                0x080064c8                _fini
 .fini          0x080064cc        0x8 c:/program files (x86)/atollic/truestudio for stm32 9.3.0/armtools/bin/../lib/gcc/arm-atollic-eabi/6.3.1/armv7e-m/fpu/crtn.o
                0x080064d4                . = ALIGN (0x4)
                0x080064d4                _etext = .

.vfp11_veneer   0x080064d4        0x0
 .vfp11_veneer  0x080064d4        0x0 linker stubs

.v4_bx          0x080064d4        0x0
 .v4_bx         0x080064d4        0x0 linker stubs

.iplt           0x080064d4        0x0
 .iplt          0x080064d4        0x0 c:/program files (x86)/atollic/truestudio for stm32 9.3.0/armtools/bin/../lib/gcc/arm-atollic-eabi/6.3.1/armv7e-m/fpu/crtbegin.o

.rodata         0x080064d4      0x330
                0x080064d4                . = ALIGN (0x4)
 *(.rodata)
 .rodata        0x080064d4       0xbe Core\Src\main.o
 *fill*         0x08006592        0x2 
 .rodata        0x08006594       0xaf winc1500\driver\source\m2m_wifi.o
 *fill*         0x08006643        0x1 
 .rodata        0x08006644        0xd winc1500\driver\source\nmdrv.o
 *(.rodata*)
 *fill*         0x08006651        0x3 
 .rodata.AHBPrescTable
                0x08006654       0x10 Core\Src\system_stm32f4xx.o
                0x08006654                AHBPrescTable
 .rodata.APBPrescTable
                0x08006664        0x8 Core\Src\system_stm32f4xx.o
                0x08006664                APBPrescTable
 .rodata.crc7_syndrome_table
                0x0800666c      0x100 winc1500\driver\source\nmspi.o
 .rodata._global_impure_ptr
                0x0800676c        0x4 c:/program files (x86)/atollic/truestudio for stm32 9.3.0/armtools/bin/../lib/gcc/arm-atollic-eabi/6.3.1/../../../../arm-atollic-eabi/lib/armv7e-m/fpu\libc_nano.a(lib_a-impure.o)
                0x0800676c                _global_impure_ptr
 .rodata.__sf_fake_stderr
                0x08006770       0x20 c:/program files (x86)/atollic/truestudio for stm32 9.3.0/armtools/bin/../lib/gcc/arm-atollic-eabi/6.3.1/../../../../arm-atollic-eabi/lib/armv7e-m/fpu\libc_nano.a(lib_a-findfp.o)
                0x08006770                __sf_fake_stderr
 .rodata.__sf_fake_stdin
                0x08006790       0x20 c:/program files (x86)/atollic/truestudio for stm32 9.3.0/armtools/bin/../lib/gcc/arm-atollic-eabi/6.3.1/../../../../arm-atollic-eabi/lib/armv7e-m/fpu\libc_nano.a(lib_a-findfp.o)
                0x08006790                __sf_fake_stdin
 .rodata.__sf_fake_stdout
                0x080067b0       0x20 c:/program files (x86)/atollic/truestudio for stm32 9.3.0/armtools/bin/../lib/gcc/arm-atollic-eabi/6.3.1/../../../../arm-atollic-eabi/lib/armv7e-m/fpu\libc_nano.a(lib_a-findfp.o)
                0x080067b0                __sf_fake_stdout
 .rodata._vfprintf_r.str1.1
                0x080067d0       0x11 c:/program files (x86)/atollic/truestudio for stm32 9.3.0/armtools/bin/../lib/gcc/arm-atollic-eabi/6.3.1/../../../../arm-atollic-eabi/lib/armv7e-m/fpu\libc_nano.a(lib_a-nano-vfprintf.o)
 .rodata._printf_i.str1.1
                0x080067e1       0x22 c:/program files (x86)/atollic/truestudio for stm32 9.3.0/armtools/bin/../lib/gcc/arm-atollic-eabi/6.3.1/../../../../arm-atollic-eabi/lib/armv7e-m/fpu\libc_nano.a(lib_a-nano-vfprintf_i.o)
                0x08006804                . = ALIGN (0x4)
 *fill*         0x08006803        0x1 

.ARM.extab
 *(.ARM.extab* .gnu.linkonce.armextab.*)

.ARM            0x08006804        0x8
                0x08006804                __exidx_start = .
 *(.ARM.exidx*)
 .ARM.exidx     0x08006804        0x8 c:/program files (x86)/atollic/truestudio for stm32 9.3.0/armtools/bin/../lib/gcc/arm-atollic-eabi/6.3.1/armv7e-m/fpu\libgcc.a(_udivmoddi4.o)
                0x0800680c                __exidx_end = .

.rel.dyn        0x0800680c        0x0
 .rel.iplt      0x0800680c        0x0 c:/program files (x86)/atollic/truestudio for stm32 9.3.0/armtools/bin/../lib/gcc/arm-atollic-eabi/6.3.1/armv7e-m/fpu/crtbegin.o

.preinit_array  0x0800680c        0x0
                0x0800680c                PROVIDE (__preinit_array_start, .)
 *(.preinit_array*)
                0x0800680c                PROVIDE (__preinit_array_end, .)

.init_array     0x0800680c        0x4
                0x0800680c                PROVIDE (__init_array_start, .)
 *(SORT(.init_array.*))
 *(.init_array*)
 .init_array    0x0800680c        0x4 c:/program files (x86)/atollic/truestudio for stm32 9.3.0/armtools/bin/../lib/gcc/arm-atollic-eabi/6.3.1/armv7e-m/fpu/crtbegin.o
                0x08006810                PROVIDE (__init_array_end, .)

.fini_array     0x08006810        0x4
                [!provide]                PROVIDE (__fini_array_start, .)
 *(SORT(.fini_array.*))
 *(.fini_array*)
 .fini_array    0x08006810        0x4 c:/program files (x86)/atollic/truestudio for stm32 9.3.0/armtools/bin/../lib/gcc/arm-atollic-eabi/6.3.1/armv7e-m/fpu/crtbegin.o
                [!provide]                PROVIDE (__fini_array_end, .)
                0x08006814                _sidata = LOADADDR (.data)

.data           0x20000000       0x74 load address 0x08006814
                0x20000000                . = ALIGN (0x4)
                0x20000000                _sdata = .
 *(.data)
 *(.data*)
 .data.SystemCoreClock
                0x20000000        0x4 Core\Src\system_stm32f4xx.o
                0x20000000                SystemCoreClock
 .data.uwTickPrio
                0x20000004        0x4 Drivers\STM32F4xx_HAL_Driver\Src\stm32f4xx_hal.o
                0x20000004                uwTickPrio
 .data.uwTickFreq
                0x20000008        0x1 Drivers\STM32F4xx_HAL_Driver\Src\stm32f4xx_hal.o
                0x20000008                uwTickFreq
 *fill*         0x20000009        0x3 
 .data.egstrNmBusCapabilities
                0x2000000c        0x2 winc1500\bus_wrapper\source\nm_bus_wrapper_stm32f429.o
                0x2000000c                egstrNmBusCapabilities
 *fill*         0x2000000e        0x2 
 .data._impure_ptr
                0x20000010        0x4 c:/program files (x86)/atollic/truestudio for stm32 9.3.0/armtools/bin/../lib/gcc/arm-atollic-eabi/6.3.1/../../../../arm-atollic-eabi/lib/armv7e-m/fpu\libc_nano.a(lib_a-impure.o)
                0x20000010                _impure_ptr
 .data.impure_data
                0x20000014       0x60 c:/program files (x86)/atollic/truestudio for stm32 9.3.0/armtools/bin/../lib/gcc/arm-atollic-eabi/6.3.1/../../../../arm-atollic-eabi/lib/armv7e-m/fpu\libc_nano.a(lib_a-impure.o)
                0x20000074                . = ALIGN (0x4)
                0x20000074                _edata = .

.igot.plt       0x20000074        0x0 load address 0x08006888
 .igot.plt      0x20000074        0x0 c:/program files (x86)/atollic/truestudio for stm32 9.3.0/armtools/bin/../lib/gcc/arm-atollic-eabi/6.3.1/armv7e-m/fpu/crtbegin.o
                0x20000074                . = ALIGN (0x4)

.bss            0x20000074      0x230 load address 0x08006888
                0x20000074                _sbss = .
                0x20000074                __bss_start__ = _sbss
 *(.bss)
 .bss           0x20000074       0x1c c:/program files (x86)/atollic/truestudio for stm32 9.3.0/armtools/bin/../lib/gcc/arm-atollic-eabi/6.3.1/armv7e-m/fpu/crtbegin.o
 *(.bss*)
 .bss.scan_request_index
                0x20000090        0x1 Core\Src\main.o
 .bss.num_founded_ap
                0x20000091        0x1 Core\Src\main.o
 *fill*         0x20000092        0x2 
 .bss.heap_end.7010
                0x20000094        0x4 Core\Src\syscalls.o
 .bss.spiDummyBuf
                0x20000098      0x12c winc1500\bus_wrapper\source\nm_bus_wrapper_stm32f429.o
 .bss.gu8ChNum  0x200001c4        0x1 winc1500\driver\source\m2m_wifi.o
 .bss.gu8scanInProgress
                0x200001c5        0x1 winc1500\driver\source\m2m_wifi.o
 *fill*         0x200001c6        0x2 
 .bss.gpfAppWifiCb
                0x200001c8        0x4 winc1500\driver\source\m2m_wifi.o
 .bss.chipid.5996
                0x200001cc        0x4 winc1500\driver\source\nmasic.o
 .bss.gu8Crc_off
                0x200001d0        0x1 winc1500\driver\source\nmspi.o
 *fill*         0x200001d1        0x3 
 .bss.__malloc_free_list
                0x200001d4        0x4 c:/program files (x86)/atollic/truestudio for stm32 9.3.0/armtools/bin/../lib/gcc/arm-atollic-eabi/6.3.1/../../../../arm-atollic-eabi/lib/armv7e-m/fpu\libc_nano.a(lib_a-nano-mallocr.o)
                0x200001d4                __malloc_free_list
 .bss.__malloc_sbrk_start
                0x200001d8        0x4 c:/program files (x86)/atollic/truestudio for stm32 9.3.0/armtools/bin/../lib/gcc/arm-atollic-eabi/6.3.1/../../../../arm-atollic-eabi/lib/armv7e-m/fpu\libc_nano.a(lib_a-nano-mallocr.o)
                0x200001d8                __malloc_sbrk_start
 *(COMMON)
 COMMON         0x200001dc       0x40 Core\Src\main.o
                0x200001dc                huart2
 COMMON         0x2000021c        0x4 Drivers\STM32F4xx_HAL_Driver\Src\stm32f4xx_hal.o
                0x2000021c                uwTick
 COMMON         0x20000220       0x58 winc1500\bus_wrapper\source\nm_bus_wrapper_stm32f429.o
                0x20000220                hspi2
 COMMON         0x20000278       0x28 winc1500\driver\source\m2m_hif.o
                0x20000278                gstrHifCxt
 COMMON         0x200002a0        0x4 c:/program files (x86)/atollic/truestudio for stm32 9.3.0/armtools/bin/../lib/gcc/arm-atollic-eabi/6.3.1/../../../../arm-atollic-eabi/lib/armv7e-m/fpu\libc_nano.a(lib_a-reent.o)
                0x200002a0                errno
                0x200002a4                . = ALIGN (0x4)
                0x200002a4                _ebss = .
                0x200002a4                __bss_end__ = _ebss

._user_heap_stack
                0x200002a4      0x600 load address 0x08006888
                0x200002a4                . = ALIGN (0x4)
                0x200002a4                PROVIDE (end, .)
                [!provide]                PROVIDE (_end, .)
                0x200004a4                . = (. + _Min_Heap_Size)
 *fill*         0x200002a4      0x200 
                0x200008a4                . = (. + _Min_Stack_Size)
 *fill*         0x200004a4      0x400 
                0x200008a4                . = ALIGN (0x4)

/DISCARD/
 libc.a(*)
 libm.a(*)
 libgcc.a(*)

.ARM.attributes
                0x00000000       0x30
 *(.ARM.attributes)
 .ARM.attributes
                0x00000000       0x22 c:/program files (x86)/atollic/truestudio for stm32 9.3.0/armtools/bin/../lib/gcc/arm-atollic-eabi/6.3.1/armv7e-m/fpu/crti.o
 .ARM.attributes
                0x00000022       0x34 c:/program files (x86)/atollic/truestudio for stm32 9.3.0/armtools/bin/../lib/gcc/arm-atollic-eabi/6.3.1/armv7e-m/fpu/crtbegin.o
 .ARM.attributes
                0x00000056       0x39 Core\Src\main.o
 .ARM.attributes
                0x0000008f       0x39 Core\Src\stm32f4xx_hal_msp.o
 .ARM.attributes
                0x000000c8       0x39 Core\Src\stm32f4xx_it.o
 .ARM.attributes
                0x00000101       0x39 Core\Src\syscalls.o
 .ARM.attributes
                0x0000013a       0x39 Core\Src\system_stm32f4xx.o
 .ARM.attributes
                0x00000173       0x39 Drivers\STM32F4xx_HAL_Driver\Src\stm32f4xx_hal.o
 .ARM.attributes
                0x000001ac       0x39 Drivers\STM32F4xx_HAL_Driver\Src\stm32f4xx_hal_cortex.o
 .ARM.attributes
                0x000001e5       0x39 Drivers\STM32F4xx_HAL_Driver\Src\stm32f4xx_hal_gpio.o
 .ARM.attributes
                0x0000021e       0x39 Drivers\STM32F4xx_HAL_Driver\Src\stm32f4xx_hal_rcc.o
 .ARM.attributes
                0x00000257       0x39 Drivers\STM32F4xx_HAL_Driver\Src\stm32f4xx_hal_rcc_ex.o
 .ARM.attributes
                0x00000290       0x39 Drivers\STM32F4xx_HAL_Driver\Src\stm32f4xx_hal_spi.o
 .ARM.attributes
                0x000002c9       0x39 Drivers\STM32F4xx_HAL_Driver\Src\stm32f4xx_hal_uart.o
 .ARM.attributes
                0x00000302       0x21 startup\startup_stm32f410rx.o
 .ARM.attributes
                0x00000323       0x39 winc1500\bsp\source\nm_bsp_stm32f429.o
 .ARM.attributes
                0x0000035c       0x39 winc1500\bus_wrapper\source\nm_bus_wrapper_stm32f429.o
 .ARM.attributes
                0x00000395       0x39 winc1500\common\source\nm_common.o
 .ARM.attributes
                0x000003ce       0x39 winc1500\driver\source\m2m_hif.o
 .ARM.attributes
                0x00000407       0x39 winc1500\driver\source\m2m_wifi.o
 .ARM.attributes
                0x00000440       0x39 winc1500\driver\source\nmasic.o
 .ARM.attributes
                0x00000479       0x39 winc1500\driver\source\nmbus.o
 .ARM.attributes
                0x000004b2       0x39 winc1500\driver\source\nmdrv.o
 .ARM.attributes
                0x000004eb       0x39 winc1500\driver\source\nmspi.o
 .ARM.attributes
                0x00000524       0x39 winc1500\spi_flash\source\spi_flash.o
 .ARM.attributes
                0x0000055d       0x34 c:/program files (x86)/atollic/truestudio for stm32 9.3.0/armtools/bin/../lib/gcc/arm-atollic-eabi/6.3.1/../../../../arm-atollic-eabi/lib/armv7e-m/fpu\libc_nano.a(lib_a-errno.o)
 .ARM.attributes
                0x00000591       0x34 c:/program files (x86)/atollic/truestudio for stm32 9.3.0/armtools/bin/../lib/gcc/arm-atollic-eabi/6.3.1/../../../../arm-atollic-eabi/lib/armv7e-m/fpu\libc_nano.a(lib_a-impure.o)
 .ARM.attributes
                0x000005c5       0x34 c:/program files (x86)/atollic/truestudio for stm32 9.3.0/armtools/bin/../lib/gcc/arm-atollic-eabi/6.3.1/../../../../arm-atollic-eabi/lib/armv7e-m/fpu\libc_nano.a(lib_a-init.o)
 .ARM.attributes
                0x000005f9       0x34 c:/program files (x86)/atollic/truestudio for stm32 9.3.0/armtools/bin/../lib/gcc/arm-atollic-eabi/6.3.1/../../../../arm-atollic-eabi/lib/armv7e-m/fpu\libc_nano.a(lib_a-memcmp.o)
 .ARM.attributes
                0x0000062d       0x34 c:/program files (x86)/atollic/truestudio for stm32 9.3.0/armtools/bin/../lib/gcc/arm-atollic-eabi/6.3.1/../../../../arm-atollic-eabi/lib/armv7e-m/fpu\libc_nano.a(lib_a-memset.o)
 .ARM.attributes
                0x00000661       0x34 c:/program files (x86)/atollic/truestudio for stm32 9.3.0/armtools/bin/../lib/gcc/arm-atollic-eabi/6.3.1/../../../../arm-atollic-eabi/lib/armv7e-m/fpu\libc_nano.a(lib_a-printf.o)
 .ARM.attributes
                0x00000695       0x34 c:/program files (x86)/atollic/truestudio for stm32 9.3.0/armtools/bin/../lib/gcc/arm-atollic-eabi/6.3.1/../../../../arm-atollic-eabi/lib/armv7e-m/fpu\libc_nano.a(lib_a-puts.o)
 .ARM.attributes
                0x000006c9       0x1b c:/program files (x86)/atollic/truestudio for stm32 9.3.0/armtools/bin/../lib/gcc/arm-atollic-eabi/6.3.1/../../../../arm-atollic-eabi/lib/armv7e-m/fpu\libc_nano.a(lib_a-strlen.o)
 .ARM.attributes
                0x000006e4       0x34 c:/program files (x86)/atollic/truestudio for stm32 9.3.0/armtools/bin/../lib/gcc/arm-atollic-eabi/6.3.1/../../../../arm-atollic-eabi/lib/armv7e-m/fpu\libc_nano.a(lib_a-wbuf.o)
 .ARM.attributes
                0x00000718       0x34 c:/program files (x86)/atollic/truestudio for stm32 9.3.0/armtools/bin/../lib/gcc/arm-atollic-eabi/6.3.1/../../../../arm-atollic-eabi/lib/armv7e-m/fpu\libc_nano.a(lib_a-wsetup.o)
 .ARM.attributes
                0x0000074c       0x34 c:/program files (x86)/atollic/truestudio for stm32 9.3.0/armtools/bin/../lib/gcc/arm-atollic-eabi/6.3.1/../../../../arm-atollic-eabi/lib/armv7e-m/fpu\libc_nano.a(lib_a-fflush.o)
 .ARM.attributes
                0x00000780       0x34 c:/program files (x86)/atollic/truestudio for stm32 9.3.0/armtools/bin/../lib/gcc/arm-atollic-eabi/6.3.1/../../../../arm-atollic-eabi/lib/armv7e-m/fpu\libc_nano.a(lib_a-findfp.o)
 .ARM.attributes
                0x000007b4       0x34 c:/program files (x86)/atollic/truestudio for stm32 9.3.0/armtools/bin/../lib/gcc/arm-atollic-eabi/6.3.1/../../../../arm-atollic-eabi/lib/armv7e-m/fpu\libc_nano.a(lib_a-fwalk.o)
 .ARM.attributes
                0x000007e8       0x34 c:/program files (x86)/atollic/truestudio for stm32 9.3.0/armtools/bin/../lib/gcc/arm-atollic-eabi/6.3.1/../../../../arm-atollic-eabi/lib/armv7e-m/fpu\libc_nano.a(lib_a-makebuf.o)
 .ARM.attributes
                0x0000081c       0x34 c:/program files (x86)/atollic/truestudio for stm32 9.3.0/armtools/bin/../lib/gcc/arm-atollic-eabi/6.3.1/../../../../arm-atollic-eabi/lib/armv7e-m/fpu\libc_nano.a(lib_a-nano-freer.o)
 .ARM.attributes
                0x00000850       0x34 c:/program files (x86)/atollic/truestudio for stm32 9.3.0/armtools/bin/../lib/gcc/arm-atollic-eabi/6.3.1/../../../../arm-atollic-eabi/lib/armv7e-m/fpu\libc_nano.a(lib_a-nano-mallocr.o)
 .ARM.attributes
                0x00000884       0x34 c:/program files (x86)/atollic/truestudio for stm32 9.3.0/armtools/bin/../lib/gcc/arm-atollic-eabi/6.3.1/../../../../arm-atollic-eabi/lib/armv7e-m/fpu\libc_nano.a(lib_a-nano-vfprintf.o)
 .ARM.attributes
                0x000008b8       0x34 c:/program files (x86)/atollic/truestudio for stm32 9.3.0/armtools/bin/../lib/gcc/arm-atollic-eabi/6.3.1/../../../../arm-atollic-eabi/lib/armv7e-m/fpu\libc_nano.a(lib_a-nano-vfprintf_i.o)
 .ARM.attributes
                0x000008ec       0x34 c:/program files (x86)/atollic/truestudio for stm32 9.3.0/armtools/bin/../lib/gcc/arm-atollic-eabi/6.3.1/../../../../arm-atollic-eabi/lib/armv7e-m/fpu\libc_nano.a(lib_a-sbrkr.o)
 .ARM.attributes
                0x00000920       0x34 c:/program files (x86)/atollic/truestudio for stm32 9.3.0/armtools/bin/../lib/gcc/arm-atollic-eabi/6.3.1/../../../../arm-atollic-eabi/lib/armv7e-m/fpu\libc_nano.a(lib_a-stdio.o)
 .ARM.attributes
                0x00000954       0x34 c:/program files (x86)/atollic/truestudio for stm32 9.3.0/armtools/bin/../lib/gcc/arm-atollic-eabi/6.3.1/../../../../arm-atollic-eabi/lib/armv7e-m/fpu\libc_nano.a(lib_a-writer.o)
 .ARM.attributes
                0x00000988       0x34 c:/program files (x86)/atollic/truestudio for stm32 9.3.0/armtools/bin/../lib/gcc/arm-atollic-eabi/6.3.1/../../../../arm-atollic-eabi/lib/armv7e-m/fpu\libc_nano.a(lib_a-closer.o)
 .ARM.attributes
                0x000009bc       0x34 c:/program files (x86)/atollic/truestudio for stm32 9.3.0/armtools/bin/../lib/gcc/arm-atollic-eabi/6.3.1/../../../../arm-atollic-eabi/lib/armv7e-m/fpu\libc_nano.a(lib_a-fstatr.o)
 .ARM.attributes
                0x000009f0       0x34 c:/program files (x86)/atollic/truestudio for stm32 9.3.0/armtools/bin/../lib/gcc/arm-atollic-eabi/6.3.1/../../../../arm-atollic-eabi/lib/armv7e-m/fpu\libc_nano.a(lib_a-isattyr.o)
 .ARM.attributes
                0x00000a24       0x34 c:/program files (x86)/atollic/truestudio for stm32 9.3.0/armtools/bin/../lib/gcc/arm-atollic-eabi/6.3.1/../../../../arm-atollic-eabi/lib/armv7e-m/fpu\libc_nano.a(lib_a-lseekr.o)
 .ARM.attributes
                0x00000a58       0x20 c:/program files (x86)/atollic/truestudio for stm32 9.3.0/armtools/bin/../lib/gcc/arm-atollic-eabi/6.3.1/../../../../arm-atollic-eabi/lib/armv7e-m/fpu\libc_nano.a(lib_a-memchr.o)
 .ARM.attributes
                0x00000a78       0x34 c:/program files (x86)/atollic/truestudio for stm32 9.3.0/armtools/bin/../lib/gcc/arm-atollic-eabi/6.3.1/../../../../arm-atollic-eabi/lib/armv7e-m/fpu\libc_nano.a(lib_a-mlock.o)
 .ARM.attributes
                0x00000aac       0x34 c:/program files (x86)/atollic/truestudio for stm32 9.3.0/armtools/bin/../lib/gcc/arm-atollic-eabi/6.3.1/../../../../arm-atollic-eabi/lib/armv7e-m/fpu\libc_nano.a(lib_a-readr.o)
 .ARM.attributes
                0x00000ae0       0x34 c:/program files (x86)/atollic/truestudio for stm32 9.3.0/armtools/bin/../lib/gcc/arm-atollic-eabi/6.3.1/../../../../arm-atollic-eabi/lib/armv7e-m/fpu\libc_nano.a(lib_a-reent.o)
 .ARM.attributes
                0x00000b14       0x22 c:/program files (x86)/atollic/truestudio for stm32 9.3.0/armtools/bin/../lib/gcc/arm-atollic-eabi/6.3.1/armv7e-m/fpu\libgcc.a(_aeabi_uldivmod.o)
 .ARM.attributes
                0x00000b36       0x34 c:/program files (x86)/atollic/truestudio for stm32 9.3.0/armtools/bin/../lib/gcc/arm-atollic-eabi/6.3.1/armv7e-m/fpu\libgcc.a(_udivmoddi4.o)
 .ARM.attributes
                0x00000b6a       0x22 c:/program files (x86)/atollic/truestudio for stm32 9.3.0/armtools/bin/../lib/gcc/arm-atollic-eabi/6.3.1/armv7e-m/fpu\libgcc.a(_dvmd_tls.o)
 .ARM.attributes
                0x00000b8c       0x22 c:/program files (x86)/atollic/truestudio for stm32 9.3.0/armtools/bin/../lib/gcc/arm-atollic-eabi/6.3.1/armv7e-m/fpu/crtn.o
OUTPUT(tryWincTrueStudio_1.elf elf32-littlearm)

.debug_info     0x00000000    0x12a1c
 .debug_info    0x00000000     0x1c0d Core\Src\main.o
 .debug_info    0x00001c0d      0xc24 Core\Src\stm32f4xx_hal_msp.o
 .debug_info    0x00002831      0x20c Core\Src\stm32f4xx_it.o
 .debug_info    0x00002a3d      0xf16 Core\Src\syscalls.o
 .debug_info    0x00003953      0x53f Core\Src\system_stm32f4xx.o
 .debug_info    0x00003e92      0x879 Drivers\STM32F4xx_HAL_Driver\Src\stm32f4xx_hal.o
 .debug_info    0x0000470b      0xd7a Drivers\STM32F4xx_HAL_Driver\Src\stm32f4xx_hal_cortex.o
 .debug_info    0x00005485      0x7b6 Drivers\STM32F4xx_HAL_Driver\Src\stm32f4xx_hal_gpio.o
 .debug_info    0x00005c3b      0x8f8 Drivers\STM32F4xx_HAL_Driver\Src\stm32f4xx_hal_rcc.o
 .debug_info    0x00006533      0x6b4 Drivers\STM32F4xx_HAL_Driver\Src\stm32f4xx_hal_rcc_ex.o
 .debug_info    0x00006be7     0x162f Drivers\STM32F4xx_HAL_Driver\Src\stm32f4xx_hal_spi.o
 .debug_info    0x00008216     0x1241 Drivers\STM32F4xx_HAL_Driver\Src\stm32f4xx_hal_uart.o
 .debug_info    0x00009457       0x86 startup\startup_stm32f410rx.o
 .debug_info    0x000094dd      0xbe8 winc1500\bsp\source\nm_bsp_stm32f429.o
 .debug_info    0x0000a0c5     0x1134 winc1500\bus_wrapper\source\nm_bus_wrapper_stm32f429.o
 .debug_info    0x0000b1f9      0x287 winc1500\common\source\nm_common.o
 .debug_info    0x0000b480     0x14bb winc1500\driver\source\m2m_hif.o
 .debug_info    0x0000c93b     0x28f5 winc1500\driver\source\m2m_wifi.o
 .debug_info    0x0000f230      0x668 winc1500\driver\source\nmasic.o
 .debug_info    0x0000f898      0x959 winc1500\driver\source\nmbus.o
 .debug_info    0x000101f1     0x1229 winc1500\driver\source\nmdrv.o
 .debug_info    0x0001141a      0xf3d winc1500\driver\source\nmspi.o
 .debug_info    0x00012357      0x6c5 winc1500\spi_flash\source\spi_flash.o

.debug_abbrev   0x00000000     0x2ca7
 .debug_abbrev  0x00000000      0x292 Core\Src\main.o
 .debug_abbrev  0x00000292      0x187 Core\Src\stm32f4xx_hal_msp.o
 .debug_abbrev  0x00000419       0xc1 Core\Src\stm32f4xx_it.o
 .debug_abbrev  0x000004da      0x271 Core\Src\syscalls.o
 .debug_abbrev  0x0000074b      0x126 Core\Src\system_stm32f4xx.o
 .debug_abbrev  0x00000871      0x1ed Drivers\STM32F4xx_HAL_Driver\Src\stm32f4xx_hal.o
 .debug_abbrev  0x00000a5e      0x2f5 Drivers\STM32F4xx_HAL_Driver\Src\stm32f4xx_hal_cortex.o
 .debug_abbrev  0x00000d53      0x1c4 Drivers\STM32F4xx_HAL_Driver\Src\stm32f4xx_hal_gpio.o
 .debug_abbrev  0x00000f17      0x240 Drivers\STM32F4xx_HAL_Driver\Src\stm32f4xx_hal_rcc.o
 .debug_abbrev  0x00001157      0x199 Drivers\STM32F4xx_HAL_Driver\Src\stm32f4xx_hal_rcc_ex.o
 .debug_abbrev  0x000012f0      0x23b Drivers\STM32F4xx_HAL_Driver\Src\stm32f4xx_hal_spi.o
 .debug_abbrev  0x0000152b      0x24c Drivers\STM32F4xx_HAL_Driver\Src\stm32f4xx_hal_uart.o
 .debug_abbrev  0x00001777       0x12 startup\startup_stm32f410rx.o
 .debug_abbrev  0x00001789      0x1e1 winc1500\bsp\source\nm_bsp_stm32f429.o
 .debug_abbrev  0x0000196a      0x212 winc1500\bus_wrapper\source\nm_bus_wrapper_stm32f429.o
 .debug_abbrev  0x00001b7c       0xef winc1500\common\source\nm_common.o
 .debug_abbrev  0x00001c6b      0x32f winc1500\driver\source\m2m_hif.o
 .debug_abbrev  0x00001f9a      0x2e0 winc1500\driver\source\m2m_wifi.o
 .debug_abbrev  0x0000227a      0x1d1 winc1500\driver\source\nmasic.o
 .debug_abbrev  0x0000244b      0x214 winc1500\driver\source\nmbus.o
 .debug_abbrev  0x0000265f      0x25a winc1500\driver\source\nmdrv.o
 .debug_abbrev  0x000028b9      0x276 winc1500\driver\source\nmspi.o
 .debug_abbrev  0x00002b2f      0x178 winc1500\spi_flash\source\spi_flash.o

.debug_aranges  0x00000000      0xee0
 .debug_aranges
                0x00000000       0x60 Core\Src\main.o
 .debug_aranges
                0x00000060       0x40 Core\Src\stm32f4xx_hal_msp.o
 .debug_aranges
                0x000000a0       0x60 Core\Src\stm32f4xx_it.o
 .debug_aranges
                0x00000100       0xb0 Core\Src\syscalls.o
 .debug_aranges
                0x000001b0       0x28 Core\Src\system_stm32f4xx.o
 .debug_aranges
                0x000001d8       0xf0 Drivers\STM32F4xx_HAL_Driver\Src\stm32f4xx_hal.o
 .debug_aranges
                0x000002c8      0x118 Drivers\STM32F4xx_HAL_Driver\Src\stm32f4xx_hal_cortex.o
 .debug_aranges
                0x000003e0       0x58 Drivers\STM32F4xx_HAL_Driver\Src\stm32f4xx_hal_gpio.o
 .debug_aranges
                0x00000438       0x88 Drivers\STM32F4xx_HAL_Driver\Src\stm32f4xx_hal_rcc.o
 .debug_aranges
                0x000004c0       0x50 Drivers\STM32F4xx_HAL_Driver\Src\stm32f4xx_hal_rcc_ex.o
 .debug_aranges
                0x00000510      0x1d0 Drivers\STM32F4xx_HAL_Driver\Src\stm32f4xx_hal_spi.o
 .debug_aranges
                0x000006e0      0x1d0 Drivers\STM32F4xx_HAL_Driver\Src\stm32f4xx_hal_uart.o
 .debug_aranges
                0x000008b0       0x28 startup\startup_stm32f410rx.o
 .debug_aranges
                0x000008d8       0x50 winc1500\bsp\source\nm_bsp_stm32f429.o
 .debug_aranges
                0x00000928       0x40 winc1500\bus_wrapper\source\nm_bus_wrapper_stm32f429.o
 .debug_aranges
                0x00000968       0x50 winc1500\common\source\nm_common.o
 .debug_aranges
                0x000009b8       0x90 winc1500\driver\source\m2m_hif.o
 .debug_aranges
                0x00000a48      0x1d0 winc1500\driver\source\m2m_wifi.o
 .debug_aranges
                0x00000c18       0xb0 winc1500\driver\source\nmasic.o
 .debug_aranges
                0x00000cc8       0x70 winc1500\driver\source\nmbus.o
 .debug_aranges
                0x00000d38       0x48 winc1500\driver\source\nmdrv.o
 .debug_aranges
                0x00000d80       0xc8 winc1500\driver\source\nmspi.o
 .debug_aranges
                0x00000e48       0x98 winc1500\spi_flash\source\spi_flash.o

.debug_ranges   0x00000000      0xe08
 .debug_ranges  0x00000000       0x68 Core\Src\main.o
 .debug_ranges  0x00000068       0x30 Core\Src\stm32f4xx_hal_msp.o
 .debug_ranges  0x00000098       0x50 Core\Src\stm32f4xx_it.o
 .debug_ranges  0x000000e8       0xa0 Core\Src\syscalls.o
 .debug_ranges  0x00000188       0x18 Core\Src\system_stm32f4xx.o
 .debug_ranges  0x000001a0       0xe0 Drivers\STM32F4xx_HAL_Driver\Src\stm32f4xx_hal.o
 .debug_ranges  0x00000280      0x108 Drivers\STM32F4xx_HAL_Driver\Src\stm32f4xx_hal_cortex.o
 .debug_ranges  0x00000388       0x48 Drivers\STM32F4xx_HAL_Driver\Src\stm32f4xx_hal_gpio.o
 .debug_ranges  0x000003d0       0x78 Drivers\STM32F4xx_HAL_Driver\Src\stm32f4xx_hal_rcc.o
 .debug_ranges  0x00000448       0x40 Drivers\STM32F4xx_HAL_Driver\Src\stm32f4xx_hal_rcc_ex.o
 .debug_ranges  0x00000488      0x1c0 Drivers\STM32F4xx_HAL_Driver\Src\stm32f4xx_hal_spi.o
 .debug_ranges  0x00000648      0x1c0 Drivers\STM32F4xx_HAL_Driver\Src\stm32f4xx_hal_uart.o
 .debug_ranges  0x00000808       0x20 startup\startup_stm32f410rx.o
 .debug_ranges  0x00000828       0x40 winc1500\bsp\source\nm_bsp_stm32f429.o
 .debug_ranges  0x00000868       0x30 winc1500\bus_wrapper\source\nm_bus_wrapper_stm32f429.o
 .debug_ranges  0x00000898       0x40 winc1500\common\source\nm_common.o
 .debug_ranges  0x000008d8       0xc8 winc1500\driver\source\m2m_hif.o
 .debug_ranges  0x000009a0      0x1d8 winc1500\driver\source\m2m_wifi.o
 .debug_ranges  0x00000b78       0xb8 winc1500\driver\source\nmasic.o
 .debug_ranges  0x00000c30       0x60 winc1500\driver\source\nmbus.o
 .debug_ranges  0x00000c90       0x38 winc1500\driver\source\nmdrv.o
 .debug_ranges  0x00000cc8       0xb8 winc1500\driver\source\nmspi.o
 .debug_ranges  0x00000d80       0x88 winc1500\spi_flash\source\spi_flash.o

.debug_line     0x00000000     0x6fe1
 .debug_line    0x00000000      0x54f Core\Src\main.o
 .debug_line    0x0000054f      0x2c6 Core\Src\stm32f4xx_hal_msp.o
 .debug_line    0x00000815      0x26b Core\Src\stm32f4xx_it.o
 .debug_line    0x00000a80      0x3dd Core\Src\syscalls.o
 .debug_line    0x00000e5d      0x20f Core\Src\system_stm32f4xx.o
 .debug_line    0x0000106c      0x41d Drivers\STM32F4xx_HAL_Driver\Src\stm32f4xx_hal.o
 .debug_line    0x00001489      0x553 Drivers\STM32F4xx_HAL_Driver\Src\stm32f4xx_hal_cortex.o
 .debug_line    0x000019dc      0x3b1 Drivers\STM32F4xx_HAL_Driver\Src\stm32f4xx_hal_gpio.o
 .debug_line    0x00001d8d      0x4c2 Drivers\STM32F4xx_HAL_Driver\Src\stm32f4xx_hal_rcc.o
 .debug_line    0x0000224f      0x448 Drivers\STM32F4xx_HAL_Driver\Src\stm32f4xx_hal_rcc_ex.o
 .debug_line    0x00002697      0xc03 Drivers\STM32F4xx_HAL_Driver\Src\stm32f4xx_hal_spi.o
 .debug_line    0x0000329a      0xb5c Drivers\STM32F4xx_HAL_Driver\Src\stm32f4xx_hal_uart.o
 .debug_line    0x00003df6       0x7e startup\startup_stm32f410rx.o
 .debug_line    0x00003e74      0x394 winc1500\bsp\source\nm_bsp_stm32f429.o
 .debug_line    0x00004208      0x475 winc1500\bus_wrapper\source\nm_bus_wrapper_stm32f429.o
 .debug_line    0x0000467d      0x181 winc1500\common\source\nm_common.o
 .debug_line    0x000047fe      0x6d0 winc1500\driver\source\m2m_hif.o
 .debug_line    0x00004ece      0x91a winc1500\driver\source\m2m_wifi.o
 .debug_line    0x000057e8      0x456 winc1500\driver\source\nmasic.o
 .debug_line    0x00005c3e      0x427 winc1500\driver\source\nmbus.o
 .debug_line    0x00006065      0x5ba winc1500\driver\source\nmdrv.o
 .debug_line    0x0000661f      0x65a winc1500\driver\source\nmspi.o
 .debug_line    0x00006c79      0x368 winc1500\spi_flash\source\spi_flash.o

.debug_str      0x00000000     0x541c
 .debug_str     0x00000000     0x1835 Core\Src\main.o
                               0x19b0 (size before relaxing)
 .debug_str     0x00001835       0xb3 Core\Src\stm32f4xx_hal_msp.o
                                0x9f4 (size before relaxing)
 .debug_str     0x000018e8       0xab Core\Src\stm32f4xx_it.o
                                0x33a (size before relaxing)
 .debug_str     0x00001993      0x239 Core\Src\syscalls.o
                                0x867 (size before relaxing)
 .debug_str     0x00001bcc       0xaf Core\Src\system_stm32f4xx.o
                                0x41d (size before relaxing)
 .debug_str     0x00001c7b      0x601 Drivers\STM32F4xx_HAL_Driver\Src\stm32f4xx_hal.o
                                0x9dc (size before relaxing)
 .debug_str     0x0000227c      0x492 Drivers\STM32F4xx_HAL_Driver\Src\stm32f4xx_hal_cortex.o
                                0xb7d (size before relaxing)
 .debug_str     0x0000270e      0x11b Drivers\STM32F4xx_HAL_Driver\Src\stm32f4xx_hal_gpio.o
                                0x5ba (size before relaxing)
 .debug_str     0x00002829      0x1b9 Drivers\STM32F4xx_HAL_Driver\Src\stm32f4xx_hal_rcc.o
                                0x770 (size before relaxing)
 .debug_str     0x000029e2      0x17f Drivers\STM32F4xx_HAL_Driver\Src\stm32f4xx_hal_rcc_ex.o
                                0x656 (size before relaxing)
 .debug_str     0x00002b61      0x526 Drivers\STM32F4xx_HAL_Driver\Src\stm32f4xx_hal_spi.o
                                0xc7e (size before relaxing)
 .debug_str     0x00003087      0x50d Drivers\STM32F4xx_HAL_Driver\Src\stm32f4xx_hal_uart.o
                                0xc9b (size before relaxing)
 .debug_str     0x00003594       0xbe winc1500\bsp\source\nm_bsp_stm32f429.o
                                0xc76 (size before relaxing)
 .debug_str     0x00003652      0x119 winc1500\bus_wrapper\source\nm_bus_wrapper_stm32f429.o
                                0xcb9 (size before relaxing)
 .debug_str     0x0000376b       0xd3 winc1500\common\source\nm_common.o
                                0x243 (size before relaxing)
 .debug_str     0x0000383e      0x38d winc1500\driver\source\m2m_hif.o
                                0xef1 (size before relaxing)
 .debug_str     0x00003bcb     0x10e6 winc1500\driver\source\m2m_wifi.o
                               0x219c (size before relaxing)
 .debug_str     0x00004cb1      0x204 winc1500\driver\source\nmasic.o
                                0x473 (size before relaxing)
 .debug_str     0x00004eb5       0xe5 winc1500\driver\source\nmbus.o
                                0x83a (size before relaxing)
 .debug_str     0x00004f9a       0xd0 winc1500\driver\source\nmdrv.o
                                0xd78 (size before relaxing)
 .debug_str     0x0000506a      0x1c3 winc1500\driver\source\nmspi.o
                                0x970 (size before relaxing)
 .debug_str     0x0000522d      0x1ef winc1500\spi_flash\source\spi_flash.o
                                0x3da (size before relaxing)

.comment        0x00000000       0x7c
 .comment       0x00000000       0x7c Core\Src\main.o
                                 0x7d (size before relaxing)
 .comment       0x0000007c       0x7d Core\Src\stm32f4xx_hal_msp.o
 .comment       0x0000007c       0x7d Core\Src\stm32f4xx_it.o
 .comment       0x0000007c       0x7d Core\Src\syscalls.o
 .comment       0x0000007c       0x7d Core\Src\system_stm32f4xx.o
 .comment       0x0000007c       0x7d Drivers\STM32F4xx_HAL_Driver\Src\stm32f4xx_hal.o
 .comment       0x0000007c       0x7d Drivers\STM32F4xx_HAL_Driver\Src\stm32f4xx_hal_cortex.o
 .comment       0x0000007c       0x7d Drivers\STM32F4xx_HAL_Driver\Src\stm32f4xx_hal_gpio.o
 .comment       0x0000007c       0x7d Drivers\STM32F4xx_HAL_Driver\Src\stm32f4xx_hal_rcc.o
 .comment       0x0000007c       0x7d Drivers\STM32F4xx_HAL_Driver\Src\stm32f4xx_hal_rcc_ex.o
 .comment       0x0000007c       0x7d Drivers\STM32F4xx_HAL_Driver\Src\stm32f4xx_hal_spi.o
 .comment       0x0000007c       0x7d Drivers\STM32F4xx_HAL_Driver\Src\stm32f4xx_hal_uart.o
 .comment       0x0000007c       0x7d winc1500\bsp\source\nm_bsp_stm32f429.o
 .comment       0x0000007c       0x7d winc1500\bus_wrapper\source\nm_bus_wrapper_stm32f429.o
 .comment       0x0000007c       0x7d winc1500\common\source\nm_common.o
 .comment       0x0000007c       0x7d winc1500\driver\source\m2m_hif.o
 .comment       0x0000007c       0x7d winc1500\driver\source\m2m_wifi.o
 .comment       0x0000007c       0x7d winc1500\driver\source\nmasic.o
 .comment       0x0000007c       0x7d winc1500\driver\source\nmbus.o
 .comment       0x0000007c       0x7d winc1500\driver\source\nmdrv.o
 .comment       0x0000007c       0x7d winc1500\driver\source\nmspi.o
 .comment       0x0000007c       0x7d winc1500\spi_flash\source\spi_flash.o

.debug_frame    0x00000000     0x42d4
 .debug_frame   0x00000000      0x140 Core\Src\main.o
 .debug_frame   0x00000140       0xc4 Core\Src\stm32f4xx_hal_msp.o
 .debug_frame   0x00000204      0x10c Core\Src\stm32f4xx_it.o
 .debug_frame   0x00000310      0x2d4 Core\Src\syscalls.o
 .debug_frame   0x000005e4       0x58 Core\Src\system_stm32f4xx.o
 .debug_frame   0x0000063c      0x374 Drivers\STM32F4xx_HAL_Driver\Src\stm32f4xx_hal.o
 .debug_frame   0x000009b0      0x498 Drivers\STM32F4xx_HAL_Driver\Src\stm32f4xx_hal_cortex.o
 .debug_frame   0x00000e48      0x14c Drivers\STM32F4xx_HAL_Driver\Src\stm32f4xx_hal_gpio.o
 .debug_frame   0x00000f94      0x1f8 Drivers\STM32F4xx_HAL_Driver\Src\stm32f4xx_hal_rcc.o
 .debug_frame   0x0000118c      0x120 Drivers\STM32F4xx_HAL_Driver\Src\stm32f4xx_hal_rcc_ex.o
 .debug_frame   0x000012ac      0x824 Drivers\STM32F4xx_HAL_Driver\Src\stm32f4xx_hal_spi.o
 .debug_frame   0x00001ad0      0x844 Drivers\STM32F4xx_HAL_Driver\Src\stm32f4xx_hal_uart.o
 .debug_frame   0x00002314       0xf8 winc1500\bsp\source\nm_bsp_stm32f429.o
 .debug_frame   0x0000240c       0xd0 winc1500\bus_wrapper\source\nm_bus_wrapper_stm32f429.o
 .debug_frame   0x000024dc      0x124 winc1500\common\source\nm_common.o
 .debug_frame   0x00002600      0x234 winc1500\driver\source\m2m_hif.o
 .debug_frame   0x00002834      0x7e0 winc1500\driver\source\m2m_wifi.o
 .debug_frame   0x00003014      0x2b4 winc1500\driver\source\nmasic.o
 .debug_frame   0x000032c8      0x1a0 winc1500\driver\source\nmbus.o
 .debug_frame   0x00003468       0xe8 winc1500\driver\source\nmdrv.o
 .debug_frame   0x00003550      0x33c winc1500\driver\source\nmspi.o
 .debug_frame   0x0000388c      0x250 winc1500\spi_flash\source\spi_flash.o
 .debug_frame   0x00003adc       0x20 c:/program files (x86)/atollic/truestudio for stm32 9.3.0/armtools/bin/../lib/gcc/arm-atollic-eabi/6.3.1/../../../../arm-atollic-eabi/lib/armv7e-m/fpu\libc_nano.a(lib_a-errno.o)
 .debug_frame   0x00003afc       0x2c c:/program files (x86)/atollic/truestudio for stm32 9.3.0/armtools/bin/../lib/gcc/arm-atollic-eabi/6.3.1/../../../../arm-atollic-eabi/lib/armv7e-m/fpu\libc_nano.a(lib_a-init.o)
 .debug_frame   0x00003b28       0x28 c:/program files (x86)/atollic/truestudio for stm32 9.3.0/armtools/bin/../lib/gcc/arm-atollic-eabi/6.3.1/../../../../arm-atollic-eabi/lib/armv7e-m/fpu\libc_nano.a(lib_a-memcmp.o)
 .debug_frame   0x00003b50       0x20 c:/program files (x86)/atollic/truestudio for stm32 9.3.0/armtools/bin/../lib/gcc/arm-atollic-eabi/6.3.1/../../../../arm-atollic-eabi/lib/armv7e-m/fpu\libc_nano.a(lib_a-memset.o)
 .debug_frame   0x00003b70       0x74 c:/program files (x86)/atollic/truestudio for stm32 9.3.0/armtools/bin/../lib/gcc/arm-atollic-eabi/6.3.1/../../../../arm-atollic-eabi/lib/armv7e-m/fpu\libc_nano.a(lib_a-printf.o)
 .debug_frame   0x00003be4       0x3c c:/program files (x86)/atollic/truestudio for stm32 9.3.0/armtools/bin/../lib/gcc/arm-atollic-eabi/6.3.1/../../../../arm-atollic-eabi/lib/armv7e-m/fpu\libc_nano.a(lib_a-puts.o)
 .debug_frame   0x00003c20       0x40 c:/program files (x86)/atollic/truestudio for stm32 9.3.0/armtools/bin/../lib/gcc/arm-atollic-eabi/6.3.1/../../../../arm-atollic-eabi/lib/armv7e-m/fpu\libc_nano.a(lib_a-wbuf.o)
 .debug_frame   0x00003c60       0x2c c:/program files (x86)/atollic/truestudio for stm32 9.3.0/armtools/bin/../lib/gcc/arm-atollic-eabi/6.3.1/../../../../arm-atollic-eabi/lib/armv7e-m/fpu\libc_nano.a(lib_a-wsetup.o)
 .debug_frame   0x00003c8c       0x68 c:/program files (x86)/atollic/truestudio for stm32 9.3.0/armtools/bin/../lib/gcc/arm-atollic-eabi/6.3.1/../../../../arm-atollic-eabi/lib/armv7e-m/fpu\libc_nano.a(lib_a-fflush.o)
 .debug_frame   0x00003cf4      0x11c c:/program files (x86)/atollic/truestudio for stm32 9.3.0/armtools/bin/../lib/gcc/arm-atollic-eabi/6.3.1/../../../../arm-atollic-eabi/lib/armv7e-m/fpu\libc_nano.a(lib_a-findfp.o)
 .debug_frame   0x00003e10       0x54 c:/program files (x86)/atollic/truestudio for stm32 9.3.0/armtools/bin/../lib/gcc/arm-atollic-eabi/6.3.1/../../../../arm-atollic-eabi/lib/armv7e-m/fpu\libc_nano.a(lib_a-fwalk.o)
 .debug_frame   0x00003e64       0x58 c:/program files (x86)/atollic/truestudio for stm32 9.3.0/armtools/bin/../lib/gcc/arm-atollic-eabi/6.3.1/../../../../arm-atollic-eabi/lib/armv7e-m/fpu\libc_nano.a(lib_a-makebuf.o)
 .debug_frame   0x00003ebc       0x38 c:/program files (x86)/atollic/truestudio for stm32 9.3.0/armtools/bin/../lib/gcc/arm-atollic-eabi/6.3.1/../../../../arm-atollic-eabi/lib/armv7e-m/fpu\libc_nano.a(lib_a-nano-freer.o)
 .debug_frame   0x00003ef4       0x2c c:/program files (x86)/atollic/truestudio for stm32 9.3.0/armtools/bin/../lib/gcc/arm-atollic-eabi/6.3.1/../../../../arm-atollic-eabi/lib/armv7e-m/fpu\libc_nano.a(lib_a-nano-mallocr.o)
 .debug_frame   0x00003f20       0xac c:/program files (x86)/atollic/truestudio for stm32 9.3.0/armtools/bin/../lib/gcc/arm-atollic-eabi/6.3.1/../../../../arm-atollic-eabi/lib/armv7e-m/fpu\libc_nano.a(lib_a-nano-vfprintf.o)
 .debug_frame   0x00003fcc       0x60 c:/program files (x86)/atollic/truestudio for stm32 9.3.0/armtools/bin/../lib/gcc/arm-atollic-eabi/6.3.1/../../../../arm-atollic-eabi/lib/armv7e-m/fpu\libc_nano.a(lib_a-nano-vfprintf_i.o)
 .debug_frame   0x0000402c       0x2c c:/program files (x86)/atollic/truestudio for stm32 9.3.0/armtools/bin/../lib/gcc/arm-atollic-eabi/6.3.1/../../../../arm-atollic-eabi/lib/armv7e-m/fpu\libc_nano.a(lib_a-sbrkr.o)
 .debug_frame   0x00004058       0x88 c:/program files (x86)/atollic/truestudio for stm32 9.3.0/armtools/bin/../lib/gcc/arm-atollic-eabi/6.3.1/../../../../arm-atollic-eabi/lib/armv7e-m/fpu\libc_nano.a(lib_a-stdio.o)
 .debug_frame   0x000040e0       0x2c c:/program files (x86)/atollic/truestudio for stm32 9.3.0/armtools/bin/../lib/gcc/arm-atollic-eabi/6.3.1/../../../../arm-atollic-eabi/lib/armv7e-m/fpu\libc_nano.a(lib_a-writer.o)
 .debug_frame   0x0000410c       0x2c c:/program files (x86)/atollic/truestudio for stm32 9.3.0/armtools/bin/../lib/gcc/arm-atollic-eabi/6.3.1/../../../../arm-atollic-eabi/lib/armv7e-m/fpu\libc_nano.a(lib_a-closer.o)
 .debug_frame   0x00004138       0x2c c:/program files (x86)/atollic/truestudio for stm32 9.3.0/armtools/bin/../lib/gcc/arm-atollic-eabi/6.3.1/../../../../arm-atollic-eabi/lib/armv7e-m/fpu\libc_nano.a(lib_a-fstatr.o)
 .debug_frame   0x00004164       0x2c c:/program files (x86)/atollic/truestudio for stm32 9.3.0/armtools/bin/../lib/gcc/arm-atollic-eabi/6.3.1/../../../../arm-atollic-eabi/lib/armv7e-m/fpu\libc_nano.a(lib_a-isattyr.o)
 .debug_frame   0x00004190       0x2c c:/program files (x86)/atollic/truestudio for stm32 9.3.0/armtools/bin/../lib/gcc/arm-atollic-eabi/6.3.1/../../../../arm-atollic-eabi/lib/armv7e-m/fpu\libc_nano.a(lib_a-lseekr.o)
 .debug_frame   0x000041bc       0x30 c:/program files (x86)/atollic/truestudio for stm32 9.3.0/armtools/bin/../lib/gcc/arm-atollic-eabi/6.3.1/../../../../arm-atollic-eabi/lib/armv7e-m/fpu\libc_nano.a(lib_a-mlock.o)
 .debug_frame   0x000041ec       0x2c c:/program files (x86)/atollic/truestudio for stm32 9.3.0/armtools/bin/../lib/gcc/arm-atollic-eabi/6.3.1/../../../../arm-atollic-eabi/lib/armv7e-m/fpu\libc_nano.a(lib_a-readr.o)
 .debug_frame   0x00004218       0x5c c:/program files (x86)/atollic/truestudio for stm32 9.3.0/armtools/bin/../lib/gcc/arm-atollic-eabi/6.3.1/../../../../arm-atollic-eabi/lib/armv7e-m/fpu\libc_nano.a(lib_a-reent.o)
 .debug_frame   0x00004274       0x2c c:/program files (x86)/atollic/truestudio for stm32 9.3.0/armtools/bin/../lib/gcc/arm-atollic-eabi/6.3.1/armv7e-m/fpu\libgcc.a(_aeabi_uldivmod.o)
 .debug_frame   0x000042a0       0x34 c:/program files (x86)/atollic/truestudio for stm32 9.3.0/armtools/bin/../lib/gcc/arm-atollic-eabi/6.3.1/armv7e-m/fpu\libgcc.a(_udivmoddi4.o)
