Archive member included to satisfy reference by file (symbol)

c:/program files (x86)/atollic/truestudio for stm32 9.3.0/armtools/bin/../lib/gcc/arm-atollic-eabi/6.3.1/../../../../arm-atollic-eabi/lib/armv7e-m/fpu\libc_nano.a(lib_a-errno.o)
                              Core\Src\syscalls.o (__errno)
c:/program files (x86)/atollic/truestudio for stm32 9.3.0/armtools/bin/../lib/gcc/arm-atollic-eabi/6.3.1/../../../../arm-atollic-eabi/lib/armv7e-m/fpu\libc_nano.a(lib_a-impure.o)
                              c:/program files (x86)/atollic/truestudio for stm32 9.3.0/armtools/bin/../lib/gcc/arm-atollic-eabi/6.3.1/../../../../arm-atollic-eabi/lib/armv7e-m/fpu\libc_nano.a(lib_a-errno.o) (_impure_ptr)
c:/program files (x86)/atollic/truestudio for stm32 9.3.0/armtools/bin/../lib/gcc/arm-atollic-eabi/6.3.1/../../../../arm-atollic-eabi/lib/armv7e-m/fpu\libc_nano.a(lib_a-init.o)
                              startup\startup_stm32f410rx.o (__libc_init_array)
c:/program files (x86)/atollic/truestudio for stm32 9.3.0/armtools/bin/../lib/gcc/arm-atollic-eabi/6.3.1/../../../../arm-atollic-eabi/lib/armv7e-m/fpu\libc_nano.a(lib_a-memcmp.o)
                              Core\Src\main.o (memcmp)
c:/program files (x86)/atollic/truestudio for stm32 9.3.0/armtools/bin/../lib/gcc/arm-atollic-eabi/6.3.1/../../../../arm-atollic-eabi/lib/armv7e-m/fpu\libc_nano.a(lib_a-memcpy-stub.o)
                              winc1500\root_cert\X509\hash.o (memcpy)
c:/program files (x86)/atollic/truestudio for stm32 9.3.0/armtools/bin/../lib/gcc/arm-atollic-eabi/6.3.1/../../../../arm-atollic-eabi/lib/armv7e-m/fpu\libc_nano.a(lib_a-memset.o)
                              Core\Src\main.o (memset)
c:/program files (x86)/atollic/truestudio for stm32 9.3.0/armtools/bin/../lib/gcc/arm-atollic-eabi/6.3.1/../../../../arm-atollic-eabi/lib/armv7e-m/fpu\libc_nano.a(lib_a-printf.o)
                              Core\Src\main.o (printf)
c:/program files (x86)/atollic/truestudio for stm32 9.3.0/armtools/bin/../lib/gcc/arm-atollic-eabi/6.3.1/../../../../arm-atollic-eabi/lib/armv7e-m/fpu\libc_nano.a(lib_a-puts.o)
                              Core\Src\main.o (puts)
c:/program files (x86)/atollic/truestudio for stm32 9.3.0/armtools/bin/../lib/gcc/arm-atollic-eabi/6.3.1/../../../../arm-atollic-eabi/lib/armv7e-m/fpu\libc_nano.a(lib_a-strlen.o)
                              Core\Src\main.o (strlen)
c:/program files (x86)/atollic/truestudio for stm32 9.3.0/armtools/bin/../lib/gcc/arm-atollic-eabi/6.3.1/../../../../arm-atollic-eabi/lib/armv7e-m/fpu\libc_nano.a(lib_a-wbuf.o)
                              c:/program files (x86)/atollic/truestudio for stm32 9.3.0/armtools/bin/../lib/gcc/arm-atollic-eabi/6.3.1/../../../../arm-atollic-eabi/lib/armv7e-m/fpu\libc_nano.a(lib_a-puts.o) (__swbuf_r)
c:/program files (x86)/atollic/truestudio for stm32 9.3.0/armtools/bin/../lib/gcc/arm-atollic-eabi/6.3.1/../../../../arm-atollic-eabi/lib/armv7e-m/fpu\libc_nano.a(lib_a-wsetup.o)
                              c:/program files (x86)/atollic/truestudio for stm32 9.3.0/armtools/bin/../lib/gcc/arm-atollic-eabi/6.3.1/../../../../arm-atollic-eabi/lib/armv7e-m/fpu\libc_nano.a(lib_a-puts.o) (__swsetup_r)
c:/program files (x86)/atollic/truestudio for stm32 9.3.0/armtools/bin/../lib/gcc/arm-atollic-eabi/6.3.1/../../../../arm-atollic-eabi/lib/armv7e-m/fpu\libc_nano.a(lib_a-fflush.o)
                              c:/program files (x86)/atollic/truestudio for stm32 9.3.0/armtools/bin/../lib/gcc/arm-atollic-eabi/6.3.1/../../../../arm-atollic-eabi/lib/armv7e-m/fpu\libc_nano.a(lib_a-wbuf.o) (_fflush_r)
c:/program files (x86)/atollic/truestudio for stm32 9.3.0/armtools/bin/../lib/gcc/arm-atollic-eabi/6.3.1/../../../../arm-atollic-eabi/lib/armv7e-m/fpu\libc_nano.a(lib_a-findfp.o)
                              c:/program files (x86)/atollic/truestudio for stm32 9.3.0/armtools/bin/../lib/gcc/arm-atollic-eabi/6.3.1/../../../../arm-atollic-eabi/lib/armv7e-m/fpu\libc_nano.a(lib_a-printf.o) (__sinit)
c:/program files (x86)/atollic/truestudio for stm32 9.3.0/armtools/bin/../lib/gcc/arm-atollic-eabi/6.3.1/../../../../arm-atollic-eabi/lib/armv7e-m/fpu\libc_nano.a(lib_a-fwalk.o)
                              c:/program files (x86)/atollic/truestudio for stm32 9.3.0/armtools/bin/../lib/gcc/arm-atollic-eabi/6.3.1/../../../../arm-atollic-eabi/lib/armv7e-m/fpu\libc_nano.a(lib_a-findfp.o) (_fwalk)
c:/program files (x86)/atollic/truestudio for stm32 9.3.0/armtools/bin/../lib/gcc/arm-atollic-eabi/6.3.1/../../../../arm-atollic-eabi/lib/armv7e-m/fpu\libc_nano.a(lib_a-makebuf.o)
                              c:/program files (x86)/atollic/truestudio for stm32 9.3.0/armtools/bin/../lib/gcc/arm-atollic-eabi/6.3.1/../../../../arm-atollic-eabi/lib/armv7e-m/fpu\libc_nano.a(lib_a-wsetup.o) (__smakebuf_r)
c:/program files (x86)/atollic/truestudio for stm32 9.3.0/armtools/bin/../lib/gcc/arm-atollic-eabi/6.3.1/../../../../arm-atollic-eabi/lib/armv7e-m/fpu\libc_nano.a(lib_a-nano-freer.o)
[...]
Memory Configuration

Name             Origin             Length             Attributes
RAM              0x20000000         0x00008000         xrw
FLASH            0x08000000         0x00020000         xr
*default*        0x00000000         0xffffffff

Linker script and memory map

LOAD c:/program files (x86)/atollic/truestudio for stm32 9.3.0/armtools/bin/../lib/gcc/arm-atollic-eabi/6.3.1/armv7e-m/fpu/crti.o
LOAD c:/program files (x86)/atollic/truestudio for stm32 9.3.0/armtools/bin/../lib/gcc/arm-atollic-eabi/6.3.1/armv7e-m/fpu/crtbegin.o
LOAD Core\Src\main.o
LOAD Core\Src\stm32f4xx_hal_msp.o
LOAD Core\Src\stm32f4xx_it.o
LOAD Core\Src\syscalls.o
LOAD Core\Src\system_stm32f4xx.o
LOAD Drivers\STM32F4xx_HAL_Driver\Src\stm32f4xx_hal.o
LOAD Drivers\STM32F4xx_HAL_Driver\Src\stm32f4xx_hal_cortex.o
LOAD Drivers\STM32F4xx_HAL_Driver\Src\stm32f4xx_hal_dma.o
LOAD Drivers\STM32F4xx_HAL_Driver\Src\stm32f4xx_hal_dma_ex.o
LOAD Drivers\STM32F4xx_HAL_Driver\Src\stm32f4xx_hal_exti.o
LOAD Drivers\STM32F4xx_HAL_Driver\Src\stm32f4xx_hal_flash.o
LOAD Drivers\STM32F4xx_HAL_Driver\Src\stm32f4xx_hal_flash_ex.o
LOAD Drivers\STM32F4xx_HAL_Driver\Src\stm32f4xx_hal_flash_ramfunc.o
LOAD Drivers\STM32F4xx_HAL_Driver\Src\stm32f4xx_hal_gpio.o
LOAD Drivers\STM32F4xx_HAL_Driver\Src\stm32f4xx_hal_pwr.o
LOAD Drivers\STM32F4xx_HAL_Driver\Src\stm32f4xx_hal_pwr_ex.o
LOAD Drivers\STM32F4xx_HAL_Driver\Src\stm32f4xx_hal_rcc.o
LOAD Drivers\STM32F4xx_HAL_Driver\Src\stm32f4xx_hal_rcc_ex.o
LOAD Drivers\STM32F4xx_HAL_Driver\Src\stm32f4xx_hal_spi.o
LOAD Drivers\STM32F4xx_HAL_Driver\Src\stm32f4xx_hal_tim.o
LOAD Drivers\STM32F4xx_HAL_Driver\Src\stm32f4xx_hal_tim_ex.o
LOAD Drivers\STM32F4xx_HAL_Driver\Src\stm32f4xx_hal_uart.o
LOAD startup\startup_stm32f410rx.o
LOAD winc1500\bsp\source\nm_bsp_stm32f429.o
LOAD winc1500\bus_wrapper\source\nm_bus_wrapper_stm32f429.o
LOAD winc1500\common\source\nm_common.o
LOAD winc1500\driver\source\m2m_ate_mode.o
LOAD winc1500\driver\source\m2m_crypto.o
LOAD winc1500\driver\source\m2m_hif.o
LOAD winc1500\driver\source\m2m_ota.o
LOAD winc1500\driver\source\m2m_periph.o
LOAD winc1500\driver\source\m2m_ssl.o
LOAD winc1500\driver\source\m2m_wifi.o
LOAD winc1500\driver\source\nmasic.o
LOAD winc1500\driver\source\nmbus.o
LOAD winc1500\driver\source\nmdrv.o
LOAD winc1500\driver\source\nmi2c.o
LOAD winc1500\driver\source\nmspi.o
LOAD winc1500\driver\source\nmuart.o
LOAD winc1500\root_cert\X509\asn1.o
LOAD winc1500\root_cert\X509\hash.o
LOAD winc1500\root_cert\X509\x509_cert.o
LOAD winc1500\root_cert\root_setup.o
LOAD winc1500\socket\source\socket.o
LOAD winc1500\spi_flash\source\spi_flash.o
                0x00000080                malloc_getpagesize_P = 0x80
START GROUP
LOAD c:/program files (x86)/atollic/truestudio for stm32 9.3.0/armtools/bin/../lib/gcc/arm-atollic-eabi/6.3.1/../../../../arm-atollic-eabi/lib/armv7e-m/fpu\libc_nano.a
LOAD c:/program files (x86)/atollic/truestudio for stm32 9.3.0/armtools/bin/../lib/gcc/arm-atollic-eabi/6.3.1/../../../../arm-atollic-eabi/lib/armv7e-m/fpu\libm.a
END GROUP
START GROUP
LOAD c:/program files (x86)/atollic/truestudio for stm32 9.3.0/armtools/bin/../lib/gcc/arm-atollic-eabi/6.3.1/armv7e-m/fpu\libgcc.a
LOAD c:/program files (x86)/atollic/truestudio for stm32 9.3.0/armtools/bin/../lib/gcc/arm-atollic-eabi/6.3.1/../../../../arm-atollic-eabi/lib/armv7e-m/fpu\libc_nano.a
END GROUP
START GROUP
LOAD c:/program files (x86)/atollic/truestudio for stm32 9.3.0/armtools/bin/../lib/gcc/arm-atollic-eabi/6.3.1/armv7e-m/fpu\libgcc.a
LOAD c:/program files (x86)/atollic/truestudio for stm32 9.3.0/armtools/bin/../lib/gcc/arm-atollic-eabi/6.3.1/../../../../arm-atollic-eabi/lib/armv7e-m/fpu\libc_nano.a
LOAD c:/program files (x86)/atollic/truestudio for stm32 9.3.0/armtools/bin/../lib/gcc/arm-atollic-eabi/6.3.1/../../../../arm-atollic-eabi/lib/armv7e-m/fpu\libnosys.a
END GROUP
START GROUP
LOAD c:/program files (x86)/atollic/truestudio for stm32 9.3.0/armtools/bin/../lib/gcc/arm-atollic-eabi/6.3.1/armv7e-m/fpu\libgcc.a
LOAD c:/program files (x86)/atollic/truestudio for stm32 9.3.0/armtools/bin/../lib/gcc/arm-atollic-eabi/6.3.1/../../../../arm-atollic-eabi/lib/armv7e-m/fpu\libc_nano.a
LOAD c:/program files (x86)/atollic/truestudio for stm32 9.3.0/armtools/bin/../lib/gcc/arm-atollic-eabi/6.3.1/../../../../arm-atollic-eabi/lib/armv7e-m/fpu\libnosys.a
END GROUP
LOAD c:/program files (x86)/atollic/truestudio for stm32 9.3.0/armtools/bin/../lib/gcc/arm-atollic-eabi/6.3.1/armv7e-m/fpu/crtend.o
LOAD c:/program files (x86)/atollic/truestudio for stm32 9.3.0/armtools/bin/../lib/gcc/arm-atollic-eabi/6.3.1/armv7e-m/fpu/crtn.o
                0x20008000                _estack = 0x20008000
                0x00000200                _Min_Heap_Size = 0x200
                0x00000400                _Min_Stack_Size = 0x400

.isr_vector     0x08000000      0x1c8
                0x08000000                . = ALIGN (0x4)
 *(.isr_vector)
 .isr_vector    0x08000000      0x1c8 startup\startup_stm32f410rx.o
                0x08000000                g_pfnVectors
                0x080001c8                . = ALIGN (0x4)

.text           0x080001d0     0x6344
                0x080001d0                . = ALIGN (0x4)
 *(.text)
 .text          0x080001d0       0x40 c:/program files (x86)/atollic/truestudio for stm32 9.3.0/armtools/bin/../lib/gcc/arm-atollic-eabi/6.3.1/armv7e-m/fpu/crtbegin.o
 .text          0x08000210       0x10 c:/program files (x86)/atollic/truestudio for stm32 9.3.0/armtools/bin/../lib/gcc/arm-atollic-eabi/6.3.1/../../../../arm-atollic-eabi/lib/armv7e-m/fpu\libc_nano.a(lib_a-strlen.o)
                0x08000210                strlen
 .text          0x08000220       0xa0 c:/program files (x86)/atollic/truestudio for stm32 9.3.0/armtools/bin/../lib/gcc/arm-atollic-eabi/6.3.1/../../../../arm-atollic-eabi/lib/armv7e-m/fpu\libc_nano.a(lib_a-memchr.o)
                0x08000220                memchr
 .text          0x080002c0       0x30 c:/program files (x86)/atollic/truestudio for stm32 9.3.0/armtools/bin/../lib/gcc/arm-atollic-eabi/6.3.1/armv7e-m/fpu\libgcc.a(_aeabi_uldivmod.o)
                0x080002c0                __aeabi_uldivmod
 .text          0x080002f0      0x2dc c:/program files (x86)/atollic/truestudio for stm32 9.3.0/armtools/bin/../lib/gcc/arm-atollic-eabi/6.3.1/armv7e-m/fpu\libgcc.a(_udivmoddi4.o)
                0x080002f0                __udivmoddi4
 .text          0x080005cc        0x4 c:/program files (x86)/atollic/truestudio for stm32 9.3.0/armtools/bin/../lib/gcc/arm-atollic-eabi/6.3.1/armv7e-m/fpu\libgcc.a(_dvmd_tls.o)
                0x080005cc                __aeabi_idiv0
                0x080005cc                __aeabi_ldiv0
 *(.text*)
 .text.EXTI15_10_IRQHandler
                0x080005d0       0x2c Core\Src\main.o
                0x080005d0                EXTI15_10_IRQHandler
 .text.HAL_GPIO_EXTI_Callback
                0x080005fc       0x1e Core\Src\main.o
                0x080005fc                HAL_GPIO_EXTI_Callback
 *fill*         0x0800061a        0x2 
 .text.__io_putchar
                0x0800061c       0x24 Core\Src\main.o
                0x0800061c                __io_putchar
 .text.wifi_cb  0x08000640      0x20c Core\Src\main.o
 .text.main     0x0800084c       0x84 Core\Src\main.o
                0x0800084c                main
 .text.SystemClock_Config
                0x080008d0       0xd8 Core\Src\main.o
                0x080008d0                SystemClock_Config
 .text.MX_SPI2_Init
                0x080009a8       0x6c Core\Src\main.o
 .text.MX_USART2_UART_Init
                0x08000a14       0x54 Core\Src\main.o
 .text.Error_Handler
                0x08000a68        0xe Core\Src\main.o
                0x08000a68                Error_Handler
 *fill*         0x08000a76        0x2 
 .text.HAL_MspInit
                0x08000a78       0x50 Core\Src\stm32f4xx_hal_msp.o
                0x08000a78                HAL_MspInit
 .text.HAL_SPI_MspInit
                0x08000ac8       0x24 Core\Src\stm32f4xx_hal_msp.o
                0x08000ac8                HAL_SPI_MspInit
 .text.HAL_UART_MspInit
                0x08000aec       0x90 Core\Src\stm32f4xx_hal_msp.o
                0x08000aec                HAL_UART_MspInit
 .text.NMI_Handler
                0x08000b7c        0xe Core\Src\stm32f4xx_it.o
                0x08000b7c                NMI_Handler
 .text.HardFault_Handler
                0x08000b8a        0x6 Core\Src\stm32f4xx_it.o
                0x08000b8a                HardFault_Handler
 .text.MemManage_Handler
                0x08000b90        0x6 Core\Src\stm32f4xx_it.o
                0x08000b90                MemManage_Handler
 .text.BusFault_Handler
                0x08000b96        0x6 Core\Src\stm32f4xx_it.o
                0x08000b96                BusFault_Handler
 .text.UsageFault_Handler
                0x08000b9c        0x6 Core\Src\stm32f4xx_it.o
                0x08000b9c                UsageFault_Handler
 .text.SVC_Handler
                0x08000ba2        0xe Core\Src\stm32f4xx_it.o
                0x08000ba2                SVC_Handler
 .text.DebugMon_Handler
                0x08000bb0        0xe Core\Src\stm32f4xx_it.o
                0x08000bb0                DebugMon_Handler
 .text.PendSV_Handler
                0x08000bbe        0xe Core\Src\stm32f4xx_it.o
                0x08000bbe                PendSV_Handler
 .text.SysTick_Handler
                0x08000bcc        0xc Core\Src\stm32f4xx_it.o
                0x08000bcc                SysTick_Handler
 .text._read    0x08000bd8       0x3a Core\Src\syscalls.o
                0x08000bd8                _read
 .text._write   0x08000c12       0x38 Core\Src\syscalls.o
                0x08000c12                _write
 *fill*         0x08000c4a        0x2 
 .text._sbrk    0x08000c4c       0x58 Core\Src\syscalls.o
                0x08000c4c                _sbrk
 .text._close   0x08000ca4       0x18 Core\Src\syscalls.o
                0x08000ca4                _close
 .text._fstat   0x08000cbc       0x20 Core\Src\syscalls.o
                0x08000cbc                _fstat
 .text._isatty  0x08000cdc       0x16 Core\Src\syscalls.o
                0x08000cdc                _isatty
 .text._lseek   0x08000cf2       0x1a Core\Src\syscalls.o
                0x08000cf2                _lseek
 .text.SystemInit
                0x08000d0c       0x2c Core\Src\system_stm32f4xx.o
                0x08000d0c                SystemInit
 .text.HAL_Init
                0x08000d38       0x44 Drivers\STM32F4xx_HAL_Driver\Src\stm32f4xx_hal.o
                0x08000d38                HAL_Init
 .text.HAL_InitTick
                0x08000d7c       0x60 Drivers\STM32F4xx_HAL_Driver\Src\stm32f4xx_hal.o
                0x08000d7c                HAL_InitTick
 .text.HAL_IncTick
                0x08000ddc       0x28 Drivers\STM32F4xx_HAL_Driver\Src\stm32f4xx_hal.o
                0x08000ddc                HAL_IncTick
 .text.HAL_GetTick
                0x08000e04       0x18 Drivers\STM32F4xx_HAL_Driver\Src\stm32f4xx_hal.o
                0x08000e04                HAL_GetTick
 .text.HAL_Delay
                0x08000e1c       0x44 Drivers\STM32F4xx_HAL_Driver\Src\stm32f4xx_hal.o
                0x08000e1c                HAL_Delay
 .text.__NVIC_SetPriorityGrouping
                0x08000e60       0x48 Drivers\STM32F4xx_HAL_Driver\Src\stm32f4xx_hal_cortex.o
 .text.__NVIC_GetPriorityGrouping
                0x08000ea8       0x1c Drivers\STM32F4xx_HAL_Driver\Src\stm32f4xx_hal_cortex.o
 .text.__NVIC_EnableIRQ
                0x08000ec4       0x3c Drivers\STM32F4xx_HAL_Driver\Src\stm32f4xx_hal_cortex.o
 .text.__NVIC_DisableIRQ
                0x08000f00       0x44 Drivers\STM32F4xx_HAL_Driver\Src\stm32f4xx_hal_cortex.o
 .text.__NVIC_SetPriority
                0x08000f44       0x54 Drivers\STM32F4xx_HAL_Driver\Src\stm32f4xx_hal_cortex.o
 .text.NVIC_EncodePriority
                0x08000f98       0x62 Drivers\STM32F4xx_HAL_Driver\Src\stm32f4xx_hal_cortex.o
 *fill*         0x08000ffa        0x2 
 .text.SysTick_Config
                0x08000ffc       0x44 Drivers\STM32F4xx_HAL_Driver\Src\stm32f4xx_hal_cortex.o
 .text.HAL_NVIC_SetPriorityGrouping
                0x08001040       0x16 Drivers\STM32F4xx_HAL_Driver\Src\stm32f4xx_hal_cortex.o
                0x08001040                HAL_NVIC_SetPriorityGrouping
 .text.HAL_NVIC_SetPriority
                0x08001056       0x38 Drivers\STM32F4xx_HAL_Driver\Src\stm32f4xx_hal_cortex.o
                0x08001056                HAL_NVIC_SetPriority
 .text.HAL_NVIC_EnableIRQ
                0x0800108e       0x1c Drivers\STM32F4xx_HAL_Driver\Src\stm32f4xx_hal_cortex.o
                0x0800108e                HAL_NVIC_EnableIRQ
 .text.HAL_NVIC_DisableIRQ
                0x080010aa       0x1c Drivers\STM32F4xx_HAL_Driver\Src\stm32f4xx_hal_cortex.o
                0x080010aa                HAL_NVIC_DisableIRQ
 .text.HAL_SYSTICK_Config
                0x080010c6       0x18 Drivers\STM32F4xx_HAL_Driver\Src\stm32f4xx_hal_cortex.o
                0x080010c6                HAL_SYSTICK_Config
 *fill*         0x080010de        0x2 
 .text.HAL_GPIO_Init
                0x080010e0      0x2e4 Drivers\STM32F4xx_HAL_Driver\Src\stm32f4xx_hal_gpio.o
                0x080010e0                HAL_GPIO_Init
 .text.HAL_GPIO_WritePin
                0x080013c4       0x32 Drivers\STM32F4xx_HAL_Driver\Src\stm32f4xx_hal_gpio.o
                0x080013c4                HAL_GPIO_WritePin
 *fill*         0x080013f6        0x2 
 .text.HAL_GPIO_EXTI_IRQHandler
                0x080013f8       0x30 Drivers\STM32F4xx_HAL_Driver\Src\stm32f4xx_hal_gpio.o
                0x080013f8                HAL_GPIO_EXTI_IRQHandler
 .text.HAL_RCC_ClockConfig
                0x08001428      0x1cc Drivers\STM32F4xx_HAL_Driver\Src\stm32f4xx_hal_rcc.o
                0x08001428                HAL_RCC_ClockConfig
 .text.HAL_RCC_GetSysClockFreq
                0x080015f4      0x1b0 Drivers\STM32F4xx_HAL_Driver\Src\stm32f4xx_hal_rcc.o
                0x080015f4                HAL_RCC_GetSysClockFreq
 .text.HAL_RCC_GetHCLKFreq
                0x080017a4       0x18 Drivers\STM32F4xx_HAL_Driver\Src\stm32f4xx_hal_rcc.o
                0x080017a4                HAL_RCC_GetHCLKFreq
 .text.HAL_RCC_GetPCLK1Freq
                0x080017bc       0x28 Drivers\STM32F4xx_HAL_Driver\Src\stm32f4xx_hal_rcc.o
                0x080017bc                HAL_RCC_GetPCLK1Freq
 .text.HAL_RCC_GetPCLK2Freq
                0x080017e4       0x28 Drivers\STM32F4xx_HAL_Driver\Src\stm32f4xx_hal_rcc.o
                0x080017e4                HAL_RCC_GetPCLK2Freq
 .text.HAL_RCC_OscConfig
                0x0800180c      0x484 Drivers\STM32F4xx_HAL_Driver\Src\stm32f4xx_hal_rcc_ex.o
                0x0800180c                HAL_RCC_OscConfig
 .text.HAL_SPI_Init
                0x08001c90       0xc6 Drivers\STM32F4xx_HAL_Driver\Src\stm32f4xx_hal_spi.o
                0x08001c90                HAL_SPI_Init
 .text.HAL_SPI_TransmitReceive
                0x08001d56      0x340 Drivers\STM32F4xx_HAL_Driver\Src\stm32f4xx_hal_spi.o
                0x08001d56                HAL_SPI_TransmitReceive
 .text.SPI_WaitFlagStateUntilTimeout
                0x08002096       0xd4 Drivers\STM32F4xx_HAL_Driver\Src\stm32f4xx_hal_spi.o
 *fill*         0x0800216a        0x2 
 .text.SPI_EndRxTxTransaction
                0x0800216c       0x84 Drivers\STM32F4xx_HAL_Driver\Src\stm32f4xx_hal_spi.o
 .text.HAL_UART_Init
                0x080021f0       0x9a Drivers\STM32F4xx_HAL_Driver\Src\stm32f4xx_hal_uart.o
                0x080021f0                HAL_UART_Init
 .text.HAL_UART_Transmit
                0x0800228a      0x130 Drivers\STM32F4xx_HAL_Driver\Src\stm32f4xx_hal_uart.o
                0x0800228a                HAL_UART_Transmit
 .text.UART_WaitOnFlagUntilTimeout
                0x080023ba       0x94 Drivers\STM32F4xx_HAL_Driver\Src\stm32f4xx_hal_uart.o
 *fill*         0x0800244e        0x2 
 .text.UART_SetConfig
                0x08002450      0x67c Drivers\STM32F4xx_HAL_Driver\Src\stm32f4xx_hal_uart.o
 .text.Reset_Handler
                0x08002acc       0x50 startup\startup_stm32f410rx.o
                0x08002acc                Reset_Handler
 .text.Default_Handler
                0x08002b1c        0x2 startup\startup_stm32f410rx.o
                0x08002b1c                RTC_Alarm_IRQHandler
                0x08002b1c                EXTI2_IRQHandler
                0x08002b1c                FMPI2C1_EV_IRQHandler
                0x08002b1c                TIM1_CC_IRQHandler
                0x08002b1c                DMA2_Stream5_IRQHandler
                0x08002b1c                DMA1_Stream5_IRQHandler
                0x08002b1c                PVD_IRQHandler
                0x08002b1c                TAMP_STAMP_IRQHandler
                0x08002b1c                EXTI3_IRQHandler
                0x08002b1c                EXTI0_IRQHandler
                0x08002b1c                I2C2_EV_IRQHandler
                0x08002b1c                DMA1_Stream2_IRQHandler
                0x08002b1c                FPU_IRQHandler
                0x08002b1c                DMA2_Stream2_IRQHandler
                0x08002b1c                SPI1_IRQHandler
                0x08002b1c                TIM6_DAC_IRQHandler
                0x08002b1c                TIM1_BRK_TIM9_IRQHandler
                0x08002b1c                DMA2_Stream3_IRQHandler
                0x08002b1c                USART6_IRQHandler
                0x08002b1c                DMA2_Stream0_IRQHandler
                0x08002b1c                I2C1_EV_IRQHandler
                0x08002b1c                DMA1_Stream6_IRQHandler
                0x08002b1c                DMA1_Stream1_IRQHandler
                0x08002b1c                RCC_IRQHandler
                0x08002b1c                Default_Handler
                0x08002b1c                ADC_IRQHandler
                0x08002b1c                DMA1_Stream7_IRQHandler
                0x08002b1c                SPI5_IRQHandler
                0x08002b1c                TIM5_IRQHandler
                0x08002b1c                DMA2_Stream7_IRQHandler
                0x08002b1c                EXTI9_5_IRQHandler
                0x08002b1c                RTC_WKUP_IRQHandler
                0x08002b1c                SPI2_IRQHandler
                0x08002b1c                DMA1_Stream0_IRQHandler
                0x08002b1c                FMPI2C1_ER_IRQHandler
                0x08002b1c                EXTI4_IRQHandler
                0x08002b1c                RNG_IRQHandler
                0x08002b1c                TIM1_UP_IRQHandler
                0x08002b1c                WWDG_IRQHandler
                0x08002b1c                TIM1_TRG_COM_TIM11_IRQHandler
                0x08002b1c                EXTI1_IRQHandler
                0x08002b1c                USART2_IRQHandler
                0x08002b1c                I2C2_ER_IRQHandler
                0x08002b1c                DMA2_Stream1_IRQHandler
                0x08002b1c                FLASH_IRQHandler
                0x08002b1c                DMA2_Stream4_IRQHandler
                0x08002b1c                USART1_IRQHandler
                0x08002b1c                DMA1_Stream4_IRQHandler
                0x08002b1c                I2C1_ER_IRQHandler
                0x08002b1c                LPTIM1_IRQHandler
                0x08002b1c                DMA2_Stream6_IRQHandler
                0x08002b1c                DMA1_Stream3_IRQHandler
 *fill*         0x08002b1e        0x2 
 .text.init_chip_pins
                0x08002b20      0x108 winc1500\bsp\source\nm_bsp_stm32f429.o
 .text.nm_bsp_init
                0x08002c28       0x12 winc1500\bsp\source\nm_bsp_stm32f429.o
                0x08002c28                nm_bsp_init
 *fill*         0x08002c3a        0x2 
 .text.nm_bsp_reset
                0x08002c3c       0x44 winc1500\bsp\source\nm_bsp_stm32f429.o
                0x08002c3c                nm_bsp_reset
 .text.nm_bsp_sleep
                0x08002c80       0x16 winc1500\bsp\source\nm_bsp_stm32f429.o
                0x08002c80                nm_bsp_sleep
 *fill*         0x08002c96        0x2 
 .text.nm_bsp_register_isr
                0x08002c98       0x64 winc1500\bsp\source\nm_bsp_stm32f429.o
                0x08002c98                nm_bsp_register_isr
 .text.nm_bsp_interrupt_ctrl
                0x08002cfc       0x30 winc1500\bsp\source\nm_bsp_stm32f429.o
                0x08002cfc                nm_bsp_interrupt_ctrl
 .text.spi_rw   0x08002d2c       0xa8 winc1500\bus_wrapper\source\nm_bus_wrapper_stm32f429.o
 .text.nm_bus_wifi_spi_init
                0x08002dd4       0xe4 winc1500\bus_wrapper\source\nm_bus_wrapper_stm32f429.o
                0x08002dd4                nm_bus_wifi_spi_init
 .text.nm_bus_init
                0x08002eb8       0x2c winc1500\bus_wrapper\source\nm_bus_wrapper_stm32f429.o
                0x08002eb8                nm_bus_init
 .text.nm_bus_ioctl
                0x08002ee4       0x44 winc1500\bus_wrapper\source\nm_bus_wrapper_stm32f429.o
                0x08002ee4                nm_bus_ioctl
 .text.nm_bus_deinit
                0x08002f28       0x1a winc1500\bus_wrapper\source\nm_bus_wrapper_stm32f429.o
                0x08002f28                nm_bus_deinit
 .text.m2m_memcpy
                0x08002f42       0x40 winc1500\common\source\nm_common.o
                0x08002f42                m2m_memcpy
 .text.m2m_memset
                0x08002f82       0x3a winc1500\common\source\nm_common.o
                0x08002f82                m2m_memset
 .text.m2m_strlen
                0x08002fbc       0x30 winc1500\common\source\nm_common.o
                0x08002fbc                m2m_strlen
 .text.isr      0x08002fec       0x20 winc1500\driver\source\m2m_hif.o
                0x08002fec                isr
 .text.hif_set_rx_done
                0x0800300c       0x60 winc1500\driver\source\m2m_hif.o
 .text.m2m_hif_cb
                0x0800306c       0x1c winc1500\driver\source\m2m_hif.o
 .text.hif_chip_wake
                0x08003088       0x60 winc1500\driver\source\m2m_hif.o
                0x08003088                hif_chip_wake
 .text.hif_chip_sleep_sc
                0x080030e8       0x2c winc1500\driver\source\m2m_hif.o
                0x080030e8                hif_chip_sleep_sc
 .text.hif_chip_sleep
                0x08003114       0x54 winc1500\driver\source\m2m_hif.o
                0x08003114                hif_chip_sleep
 .text.hif_init
                0x08003168       0x38 winc1500\driver\source\m2m_hif.o
                0x08003168                hif_init
 .text.hif_send
                0x080031a0      0x244 winc1500\driver\source\m2m_hif.o
                0x080031a0                hif_send
 .text.hif_isr  0x080033e4      0x22c winc1500\driver\source\m2m_hif.o
 .text.hif_handle_isr
                0x08003610       0x44 winc1500\driver\source\m2m_hif.o
                0x08003610                hif_handle_isr
 .text.hif_receive
                0x08003654       0xc4 winc1500\driver\source\m2m_hif.o
                0x08003654                hif_receive
 .text.hif_register_cb
                0x08003718       0x90 winc1500\driver\source\m2m_hif.o
                0x08003718                hif_register_cb
 .text.m2m_wifi_cb
                0x080037a8      0x304 winc1500\driver\source\m2m_wifi.o
 .text.m2m_wifi_init
                0x08003aac      0x108 winc1500\driver\source\m2m_wifi.o
                0x08003aac                m2m_wifi_init
 .text.m2m_wifi_handle_events
                0x08003bb4       0x16 winc1500\driver\source\m2m_wifi.o
                0x08003bb4                m2m_wifi_handle_events
 .text.m2m_wifi_connect
                0x08003bca       0x30 winc1500\driver\source\m2m_wifi.o
                0x08003bca                m2m_wifi_connect
 .text.m2m_wifi_connect_sc
                0x08003bfa      0x260 winc1500\driver\source\m2m_wifi.o
                0x08003bfa                m2m_wifi_connect_sc
 .text.m2m_wifi_request_dhcp_client
                0x08003e5a       0x10 winc1500\driver\source\m2m_wifi.o
                0x08003e5a                m2m_wifi_request_dhcp_client
 *fill*         0x08003e6a        0x2 
 .text.m2m_wifi_request_scan
                0x08003e6c       0x7c winc1500\driver\source\m2m_wifi.o
                0x08003e6c                m2m_wifi_request_scan
 .text.m2m_wifi_req_scan_result
                0x08003ee8       0x3c winc1500\driver\source\m2m_wifi.o
                0x08003ee8                m2m_wifi_req_scan_result
 .text.m2m_wifi_get_num_ap_found
                0x08003f24       0x18 winc1500\driver\source\m2m_wifi.o
                0x08003f24                m2m_wifi_get_num_ap_found
 .text.chip_apply_conf
                0x08003f3c       0x60 winc1500\driver\source\nmasic.o
                0x08003f3c                chip_apply_conf
 .text.enable_interrupts
                0x08003f9c       0x94 winc1500\driver\source\nmasic.o
                0x08003f9c                enable_interrupts
 .text.nmi_get_chipid
                0x08004030       0xe8 winc1500\driver\source\nmasic.o
                0x08004030                nmi_get_chipid
 .text.chip_sleep
                0x08004118       0xc4 winc1500\driver\source\nmasic.o
                0x08004118                chip_sleep
 .text.chip_wake
                0x080041dc       0xe8 winc1500\driver\source\nmasic.o
                0x080041dc                chip_wake
 .text.wait_for_bootrom
                0x080042c4      0x130 winc1500\driver\source\nmasic.o
                0x080042c4                wait_for_bootrom
 .text.wait_for_firmware_start
                0x080043f4       0x94 winc1500\driver\source\nmasic.o
                0x080043f4                wait_for_firmware_start
 .text.chip_deinit
                0x08004488       0x50 winc1500\driver\source\nmasic.o
                0x08004488                chip_deinit
 .text.nm_bus_iface_init
                0x080044d8       0x22 winc1500\driver\source\nmbus.o
                0x080044d8                nm_bus_iface_init
 .text.nm_bus_iface_deinit
                0x080044fa       0x1e winc1500\driver\source\nmbus.o
                0x080044fa                nm_bus_iface_deinit
 .text.nm_bus_reset
                0x08004518       0x1e winc1500\driver\source\nmbus.o
                0x08004518                nm_bus_reset
 .text.nm_read_reg
                0x08004536       0x18 winc1500\driver\source\nmbus.o
                0x08004536                nm_read_reg
 .text.nm_read_reg_with_ret
                0x0800454e       0x1c winc1500\driver\source\nmbus.o
                0x0800454e                nm_read_reg_with_ret
 .text.nm_write_reg
                0x0800456a       0x1c winc1500\driver\source\nmbus.o
                0x0800456a                nm_write_reg
 .text.p_nm_read_block
                0x08004586       0x24 winc1500\driver\source\nmbus.o
 *fill*         0x080045aa        0x2 
 .text.nm_read_block
                0x080045ac       0x94 winc1500\driver\source\nmbus.o
                0x080045ac                nm_read_block
 .text.p_nm_write_block
                0x08004640       0x24 winc1500\driver\source\nmbus.o
 .text.nm_write_block
                0x08004664       0x94 winc1500\driver\source\nmbus.o
                0x08004664                nm_write_block
 .text.nm_get_firmware_full_info
                0x080046f8      0x13c winc1500\driver\source\nmdrv.o
                0x080046f8                nm_get_firmware_full_info
 .text.nm_drv_init
                0x08004834       0xc0 winc1500\driver\source\nmdrv.o
                0x08004834                nm_drv_init
 .text.nm_drv_deinit
                0x080048f4       0x56 winc1500\driver\source\nmdrv.o
                0x080048f4                nm_drv_deinit
 .text.nmi_spi_read
                0x0800494a       0x2e winc1500\driver\source\nmspi.o
 .text.nmi_spi_write
                0x08004978       0x2e winc1500\driver\source\nmspi.o
 *fill*         0x080049a6        0x2 
 .text.crc7_byte
                0x080049a8       0x2c winc1500\driver\source\nmspi.o
 .text.crc7     0x080049d4       0x3a winc1500\driver\source\nmspi.o
 *fill*         0x08004a0e        0x2 
 .text.spi_cmd  0x08004a10      0x22c winc1500\driver\source\nmspi.o
 .text.spi_data_rsp
                0x08004c3c       0x78 winc1500\driver\source\nmspi.o
 .text.spi_cmd_rsp
                0x08004cb4       0xaa winc1500\driver\source\nmspi.o
 *fill*         0x08004d5e        0x2 
 .text.spi_data_read
                0x08004d60       0xf0 winc1500\driver\source\nmspi.o
 .text.spi_data_write
                0x08004e50       0xe8 winc1500\driver\source\nmspi.o
 .text.spi_write_reg
                0x08004f38       0xa8 winc1500\driver\source\nmspi.o
 .text.nm_spi_write
                0x08004fe0       0xca winc1500\driver\source\nmspi.o
 .text.spi_read_reg
                0x080050aa       0xe6 winc1500\driver\source\nmspi.o
 .text.nm_spi_read
                0x08005190       0xdc winc1500\driver\source\nmspi.o
 .text.nm_spi_reset
                0x0800526c       0x24 winc1500\driver\source\nmspi.o
                0x0800526c                nm_spi_reset
 .text.nm_spi_init
                0x08005290       0xa0 winc1500\driver\source\nmspi.o
                0x08005290                nm_spi_init
 .text.nm_spi_deinit
                0x08005330       0x1c winc1500\driver\source\nmspi.o
                0x08005330                nm_spi_deinit
 .text.nm_spi_read_reg
                0x0800534c       0x1e winc1500\driver\source\nmspi.o
                0x0800534c                nm_spi_read_reg
 .text.nm_spi_read_reg_with_ret
                0x0800536a       0x34 winc1500\driver\source\nmspi.o
                0x0800536a                nm_spi_read_reg_with_ret
 .text.nm_spi_write_reg
                0x0800539e       0x34 winc1500\driver\source\nmspi.o
                0x0800539e                nm_spi_write_reg
 .text.nm_spi_read_block
                0x080053d2       0x3c winc1500\driver\source\nmspi.o
                0x080053d2                nm_spi_read_block
 .text.nm_spi_write_block
                0x0800540e       0x3c winc1500\driver\source\nmspi.o
                0x0800540e                nm_spi_write_block
 *fill*         0x0800544a        0x2 
 .text.spi_flash_enter_low_power_mode
                0x0800544c       0x6c winc1500\spi_flash\source\spi_flash.o
 .text.spi_flash_leave_low_power_mode
                0x080054b8       0x6c winc1500\spi_flash\source\spi_flash.o
 .text.spi_flash_enable
                0x08005524       0x9c winc1500\spi_flash\source\spi_flash.o
                0x08005524                spi_flash_enable
 .text.__errno  0x080055c0        0xc c:/program files (x86)/atollic/truestudio for stm32 9.3.0/armtools/bin/../lib/gcc/arm-atollic-eabi/6.3.1/../../../../arm-atollic-eabi/lib/armv7e-m/fpu\libc_nano.a(lib_a-errno.o)
                0x080055c0                __errno
 .text.__libc_init_array
                0x080055cc       0x48 c:/program files (x86)/atollic/truestudio for stm32 9.3.0/armtools/bin/../lib/gcc/arm-atollic-eabi/6.3.1/../../../../arm-atollic-eabi/lib/armv7e-m/fpu\libc_nano.a(lib_a-init.o)
                0x080055cc                __libc_init_array
 .text.memcmp   0x08005614       0x1e c:/program files (x86)/atollic/truestudio for stm32 9.3.0/armtools/bin/../lib/gcc/arm-atollic-eabi/6.3.1/../../../../arm-atollic-eabi/lib/armv7e-m/fpu\libc_nano.a(lib_a-memcmp.o)
                0x08005614                memcmp
 .text.memset   0x08005632       0x10 c:/program files (x86)/atollic/truestudio for stm32 9.3.0/armtools/bin/../lib/gcc/arm-atollic-eabi/6.3.1/../../../../arm-atollic-eabi/lib/armv7e-m/fpu\libc_nano.a(lib_a-memset.o)
                0x08005632                memset
 *fill*         0x08005642        0x2 
 .text.printf   0x08005644       0x30 c:/program files (x86)/atollic/truestudio for stm32 9.3.0/armtools/bin/../lib/gcc/arm-atollic-eabi/6.3.1/../../../../arm-atollic-eabi/lib/armv7e-m/fpu\libc_nano.a(lib_a-printf.o)
                0x08005644                iprintf
                0x08005644                printf
 .text._puts_r  0x08005674       0xb8 c:/program files (x86)/atollic/truestudio for stm32 9.3.0/armtools/bin/../lib/gcc/arm-atollic-eabi/6.3.1/../../../../arm-atollic-eabi/lib/armv7e-m/fpu\libc_nano.a(lib_a-puts.o)
                0x08005674                _puts_r
 .text.puts     0x0800572c       0x10 c:/program files (x86)/atollic/truestudio for stm32 9.3.0/armtools/bin/../lib/gcc/arm-atollic-eabi/6.3.1/../../../../arm-atollic-eabi/lib/armv7e-m/fpu\libc_nano.a(lib_a-puts.o)
                0x0800572c                puts
 .text.__swbuf_r
                0x0800573c       0xa4 c:/program files (x86)/atollic/truestudio for stm32 9.3.0/armtools/bin/../lib/gcc/arm-atollic-eabi/6.3.1/../../../../arm-atollic-eabi/lib/armv7e-m/fpu\libc_nano.a(lib_a-wbuf.o)
                0x0800573c                __swbuf_r
 .text.__swsetup_r
                0x080057e0       0xdc c:/program files (x86)/atollic/truestudio for stm32 9.3.0/armtools/bin/../lib/gcc/arm-atollic-eabi/6.3.1/../../../../arm-atollic-eabi/lib/armv7e-m/fpu\libc_nano.a(lib_a-wsetup.o)
                0x080057e0                __swsetup_r
 .text.__sflush_r
                0x080058bc      0x110 c:/program files (x86)/atollic/truestudio for stm32 9.3.0/armtools/bin/../lib/gcc/arm-atollic-eabi/6.3.1/../../../../arm-atollic-eabi/lib/armv7e-m/fpu\libc_nano.a(lib_a-fflush.o)
                0x080058bc                __sflush_r
 .text._fflush_r
                0x080059cc       0x54 c:/program files (x86)/atollic/truestudio for stm32 9.3.0/armtools/bin/../lib/gcc/arm-atollic-eabi/6.3.1/../../../../arm-atollic-eabi/lib/armv7e-m/fpu\libc_nano.a(lib_a-fflush.o)
                0x080059cc                _fflush_r
 .text._cleanup_r
                0x08005a20        0xc c:/program files (x86)/atollic/truestudio for stm32 9.3.0/armtools/bin/../lib/gcc/arm-atollic-eabi/6.3.1/../../../../arm-atollic-eabi/lib/armv7e-m/fpu\libc_nano.a(lib_a-findfp.o)
                0x08005a20                _cleanup_r
 .text.std.isra.0
                0x08005a2c       0x48 c:/program files (x86)/atollic/truestudio for stm32 9.3.0/armtools/bin/../lib/gcc/arm-atollic-eabi/6.3.1/../../../../arm-atollic-eabi/lib/armv7e-m/fpu\libc_nano.a(lib_a-findfp.o)
 .text.__sfmoreglue
                0x08005a74       0x2c c:/program files (x86)/atollic/truestudio for stm32 9.3.0/armtools/bin/../lib/gcc/arm-atollic-eabi/6.3.1/../../../../arm-atollic-eabi/lib/armv7e-m/fpu\libc_nano.a(lib_a-findfp.o)
                0x08005a74                __sfmoreglue
 .text.__sinit  0x08005aa0       0x60 c:/program files (x86)/atollic/truestudio for stm32 9.3.0/armtools/bin/../lib/gcc/arm-atollic-eabi/6.3.1/../../../../arm-atollic-eabi/lib/armv7e-m/fpu\libc_nano.a(lib_a-findfp.o)
                0x08005aa0                __sinit
 .text.__sfp    0x08005b00       0x78 c:/program files (x86)/atollic/truestudio for stm32 9.3.0/armtools/bin/../lib/gcc/arm-atollic-eabi/6.3.1/../../../../arm-atollic-eabi/lib/armv7e-m/fpu\libc_nano.a(lib_a-findfp.o)
                0x08005b00                __sfp
 .text._fwalk_reent
                0x08005b78       0x3c c:/program files (x86)/atollic/truestudio for stm32 9.3.0/armtools/bin/../lib/gcc/arm-atollic-eabi/6.3.1/../../../../arm-atollic-eabi/lib/armv7e-m/fpu\libc_nano.a(lib_a-fwalk.o)
                0x08005b78                _fwalk_reent
 .text.__swhatbuf_r
                0x08005bb4       0x48 c:/program files (x86)/atollic/truestudio for stm32 9.3.0/armtools/bin/../lib/gcc/arm-atollic-eabi/6.3.1/../../../../arm-atollic-eabi/lib/armv7e-m/fpu\libc_nano.a(lib_a-makebuf.o)
                0x08005bb4                __swhatbuf_r
 .text.__smakebuf_r
                0x08005bfc       0x80 c:/program files (x86)/atollic/truestudio for stm32 9.3.0/armtools/bin/../lib/gcc/arm-atollic-eabi/6.3.1/../../../../arm-atollic-eabi/lib/armv7e-m/fpu\libc_nano.a(lib_a-makebuf.o)
                0x08005bfc                __smakebuf_r
 .text._free_r  0x08005c7c       0x9c c:/program files (x86)/atollic/truestudio for stm32 9.3.0/armtools/bin/../lib/gcc/arm-atollic-eabi/6.3.1/../../../../arm-atollic-eabi/lib/armv7e-m/fpu\libc_nano.a(lib_a-nano-freer.o)
                0x08005c7c                _free_r
 .text._malloc_r
                0x08005d18       0xbc c:/program files (x86)/atollic/truestudio for stm32 9.3.0/armtools/bin/../lib/gcc/arm-atollic-eabi/6.3.1/../../../../arm-atollic-eabi/lib/armv7e-m/fpu\libc_nano.a(lib_a-nano-mallocr.o)
                0x08005d18                _malloc_r
 .text.__sfputc_r
                0x08005dd4       0x30 c:/program files (x86)/atollic/truestudio for stm32 9.3.0/armtools/bin/../lib/gcc/arm-atollic-eabi/6.3.1/../../../../arm-atollic-eabi/lib/armv7e-m/fpu\libc_nano.a(lib_a-nano-vfprintf.o)
 .text.__sfputs_r
                0x08005e04       0x24 c:/program files (x86)/atollic/truestudio for stm32 9.3.0/armtools/bin/../lib/gcc/arm-atollic-eabi/6.3.1/../../../../arm-atollic-eabi/lib/armv7e-m/fpu\libc_nano.a(lib_a-nano-vfprintf.o)
                0x08005e04                __sfputs_r
 .text._vfprintf_r
                0x08005e28      0x22c c:/program files (x86)/atollic/truestudio for stm32 9.3.0/armtools/bin/../lib/gcc/arm-atollic-eabi/6.3.1/../../../../arm-atollic-eabi/lib/armv7e-m/fpu\libc_nano.a(lib_a-nano-vfprintf.o)
                0x08005e28                _vfprintf_r
                0x08005e28                _vfiprintf_r
 .text._printf_common
                0x08006054       0xec c:/program files (x86)/atollic/truestudio for stm32 9.3.0/armtools/bin/../lib/gcc/arm-atollic-eabi/6.3.1/../../../../arm-atollic-eabi/lib/armv7e-m/fpu\libc_nano.a(lib_a-nano-vfprintf_i.o)
                0x08006054                _printf_common
 .text._printf_i
                0x08006140      0x240 c:/program files (x86)/atollic/truestudio for stm32 9.3.0/armtools/bin/../lib/gcc/arm-atollic-eabi/6.3.1/../../../../arm-atollic-eabi/lib/armv7e-m/fpu\libc_nano.a(lib_a-nano-vfprintf_i.o)
                0x08006140                _printf_i
 .text._sbrk_r  0x08006380       0x20 c:/program files (x86)/atollic/truestudio for stm32 9.3.0/armtools/bin/../lib/gcc/arm-atollic-eabi/6.3.1/../../../../arm-atollic-eabi/lib/armv7e-m/fpu\libc_nano.a(lib_a-sbrkr.o)
                0x08006380                _sbrk_r
 .text.__sread  0x080063a0       0x22 c:/program files (x86)/atollic/truestudio for stm32 9.3.0/armtools/bin/../lib/gcc/arm-atollic-eabi/6.3.1/../../../../arm-atollic-eabi/lib/armv7e-m/fpu\libc_nano.a(lib_a-stdio.o)
                0x080063a0                __sread
 .text.__swrite
                0x080063c2       0x38 c:/program files (x86)/atollic/truestudio for stm32 9.3.0/armtools/bin/../lib/gcc/arm-atollic-eabi/6.3.1/../../../../arm-atollic-eabi/lib/armv7e-m/fpu\libc_nano.a(lib_a-stdio.o)
                0x080063c2                __swrite
 .text.__sseek  0x080063fa       0x24 c:/program files (x86)/atollic/truestudio for stm32 9.3.0/armtools/bin/../lib/gcc/arm-atollic-eabi/6.3.1/../../../../arm-atollic-eabi/lib/armv7e-m/fpu\libc_nano.a(lib_a-stdio.o)
                0x080063fa                __sseek
 .text.__sclose
                0x0800641e        0x8 c:/program files (x86)/atollic/truestudio for stm32 9.3.0/armtools/bin/../lib/gcc/arm-atollic-eabi/6.3.1/../../../../arm-atollic-eabi/lib/armv7e-m/fpu\libc_nano.a(lib_a-stdio.o)
                0x0800641e                __sclose
 *fill*         0x08006426        0x2 
 .text._write_r
                0x08006428       0x24 c:/program files (x86)/atollic/truestudio for stm32 9.3.0/armtools/bin/../lib/gcc/arm-atollic-eabi/6.3.1/../../../../arm-atollic-eabi/lib/armv7e-m/fpu\libc_nano.a(lib_a-writer.o)
                0x08006428                _write_r
 .text._close_r
                0x0800644c       0x20 c:/program files (x86)/atollic/truestudio for stm32 9.3.0/armtools/bin/../lib/gcc/arm-atollic-eabi/6.3.1/../../../../arm-atollic-eabi/lib/armv7e-m/fpu\libc_nano.a(lib_a-closer.o)
                0x0800644c                _close_r
 .text._fstat_r
                0x0800646c       0x24 c:/program files (x86)/atollic/truestudio for stm32 9.3.0/armtools/bin/../lib/gcc/arm-atollic-eabi/6.3.1/../../../../arm-atollic-eabi/lib/armv7e-m/fpu\libc_nano.a(lib_a-fstatr.o)
                0x0800646c                _fstat_r
 .text._isatty_r
                0x08006490       0x20 c:/program files (x86)/atollic/truestudio for stm32 9.3.0/armtools/bin/../lib/gcc/arm-atollic-eabi/6.3.1/../../../../arm-atollic-eabi/lib/armv7e-m/fpu\libc_nano.a(lib_a-isattyr.o)
                0x08006490                _isatty_r
 .text._lseek_r
                0x080064b0       0x24 c:/program files (x86)/atollic/truestudio for stm32 9.3.0/armtools/bin/../lib/gcc/arm-atollic-eabi/6.3.1/../../../../arm-atollic-eabi/lib/armv7e-m/fpu\libc_nano.a(lib_a-lseekr.o)
                0x080064b0                _lseek_r
 .text.__malloc_lock
                0x080064d4        0x2 c:/program files (x86)/atollic/truestudio for stm32 9.3.0/armtools/bin/../lib/gcc/arm-atollic-eabi/6.3.1/../../../../arm-atollic-eabi/lib/armv7e-m/fpu\libc_nano.a(lib_a-mlock.o)
                0x080064d4                __malloc_lock
 .text.__malloc_unlock
                0x080064d6        0x2 c:/program files (x86)/atollic/truestudio for stm32 9.3.0/armtools/bin/../lib/gcc/arm-atollic-eabi/6.3.1/../../../../arm-atollic-eabi/lib/armv7e-m/fpu\libc_nano.a(lib_a-mlock.o)
                0x080064d6                __malloc_unlock
 .text._read_r  0x080064d8       0x24 c:/program files (x86)/atollic/truestudio for stm32 9.3.0/armtools/bin/../lib/gcc/arm-atollic-eabi/6.3.1/../../../../arm-atollic-eabi/lib/armv7e-m/fpu\libc_nano.a(lib_a-readr.o)
                0x080064d8                _read_r
 *(.glue_7)
 .glue_7        0x080064fc        0x0 linker stubs
 *(.glue_7t)
 .glue_7t       0x080064fc        0x0 linker stubs
 *(.eh_frame)
 .eh_frame      0x080064fc        0x0 c:/program files (x86)/atollic/truestudio for stm32 9.3.0/armtools/bin/../lib/gcc/arm-atollic-eabi/6.3.1/armv7e-m/fpu/crtbegin.o
 *(.init)
 .init          0x080064fc        0x4 c:/program files (x86)/atollic/truestudio for stm32 9.3.0/armtools/bin/../lib/gcc/arm-atollic-eabi/6.3.1/armv7e-m/fpu/crti.o
                0x080064fc                _init
 .init          0x08006500        0x8 c:/program files (x86)/atollic/truestudio for stm32 9.3.0/armtools/bin/../lib/gcc/arm-atollic-eabi/6.3.1/armv7e-m/fpu/crtn.o
 *(.fini)
 .fini          0x08006508        0x4 c:/program files (x86)/atollic/truestudio for stm32 9.3.0/armtools/bin/../lib/gcc/arm-atollic-eabi/6.3.1/armv7e-m/fpu/crti.o
                0x08006508                _fini
 .fini          0x0800650c        0x8 c:/program files (x86)/atollic/truestudio for stm32 9.3.0/armtools/bin/../lib/gcc/arm-atollic-eabi/6.3.1/armv7e-m/fpu/crtn.o
                0x08006514                . = ALIGN (0x4)
                0x08006514                _etext = .

.vfp11_veneer   0x08006514        0x0
 .vfp11_veneer  0x08006514        0x0 linker stubs

.v4_bx          0x08006514        0x0
 .v4_bx         0x08006514        0x0 linker stubs

.iplt           0x08006514        0x0
 .iplt          0x08006514        0x0 c:/program files (x86)/atollic/truestudio for stm32 9.3.0/armtools/bin/../lib/gcc/arm-atollic-eabi/6.3.1/armv7e-m/fpu/crtbegin.o

.rodata         0x08006514      0x330
                0x08006514                . = ALIGN (0x4)
 *(.rodata)
 .rodata        0x08006514       0xbe Core\Src\main.o
 *fill*         0x080065d2        0x2 
 .rodata        0x080065d4       0xaf winc1500\driver\source\m2m_wifi.o
 *fill*         0x08006683        0x1 
 .rodata        0x08006684        0xd winc1500\driver\source\nmdrv.o
 *(.rodata*)
 *fill*         0x08006691        0x3 
 .rodata.AHBPrescTable
                0x08006694       0x10 Core\Src\system_stm32f4xx.o
                0x08006694                AHBPrescTable
 .rodata.APBPrescTable
                0x080066a4        0x8 Core\Src\system_stm32f4xx.o
                0x080066a4                APBPrescTable
 .rodata.crc7_syndrome_table
                0x080066ac      0x100 winc1500\driver\source\nmspi.o
 .rodata._global_impure_ptr
                0x080067ac        0x4 c:/program files (x86)/atollic/truestudio for stm32 9.3.0/armtools/bin/../lib/gcc/arm-atollic-eabi/6.3.1/../../../../arm-atollic-eabi/lib/armv7e-m/fpu\libc_nano.a(lib_a-impure.o)
                0x080067ac                _global_impure_ptr
 .rodata.__sf_fake_stderr
                0x080067b0       0x20 c:/program files (x86)/atollic/truestudio for stm32 9.3.0/armtools/bin/../lib/gcc/arm-atollic-eabi/6.3.1/../../../../arm-atollic-eabi/lib/armv7e-m/fpu\libc_nano.a(lib_a-findfp.o)
                0x080067b0                __sf_fake_stderr
 .rodata.__sf_fake_stdin
                0x080067d0       0x20 c:/program files (x86)/atollic/truestudio for stm32 9.3.0/armtools/bin/../lib/gcc/arm-atollic-eabi/6.3.1/../../../../arm-atollic-eabi/lib/armv7e-m/fpu\libc_nano.a(lib_a-findfp.o)
                0x080067d0                __sf_fake_stdin
 .rodata.__sf_fake_stdout
                0x080067f0       0x20 c:/program files (x86)/atollic/truestudio for stm32 9.3.0/armtools/bin/../lib/gcc/arm-atollic-eabi/6.3.1/../../../../arm-atollic-eabi/lib/armv7e-m/fpu\libc_nano.a(lib_a-findfp.o)
                0x080067f0                __sf_fake_stdout
 .rodata._vfprintf_r.str1.1
                0x08006810       0x11 c:/program files (x86)/atollic/truestudio for stm32 9.3.0/armtools/bin/../lib/gcc/arm-atollic-eabi/6.3.1/../../../../arm-atollic-eabi/lib/armv7e-m/fpu\libc_nano.a(lib_a-nano-vfprintf.o)
 .rodata._printf_i.str1.1
                0x08006821       0x22 c:/program files (x86)/atollic/truestudio for stm32 9.3.0/armtools/bin/../lib/gcc/arm-atollic-eabi/6.3.1/../../../../arm-atollic-eabi/lib/armv7e-m/fpu\libc_nano.a(lib_a-nano-vfprintf_i.o)
                0x08006844                . = ALIGN (0x4)
 *fill*         0x08006843        0x1 

.ARM.extab
 *(.ARM.extab* .gnu.linkonce.armextab.*)

.ARM            0x08006844        0x8
                0x08006844                __exidx_start = .
 *(.ARM.exidx*)
 .ARM.exidx     0x08006844        0x8 c:/program files (x86)/atollic/truestudio for stm32 9.3.0/armtools/bin/../lib/gcc/arm-atollic-eabi/6.3.1/armv7e-m/fpu\libgcc.a(_udivmoddi4.o)
                0x0800684c                __exidx_end = .

.rel.dyn        0x0800684c        0x0
 .rel.iplt      0x0800684c        0x0 c:/program files (x86)/atollic/truestudio for stm32 9.3.0/armtools/bin/../lib/gcc/arm-atollic-eabi/6.3.1/armv7e-m/fpu/crtbegin.o

.preinit_array  0x0800684c        0x0
                0x0800684c                PROVIDE (__preinit_array_start, .)
 *(.preinit_array*)
                0x0800684c                PROVIDE (__preinit_array_end, .)

.init_array     0x0800684c        0x4
                0x0800684c                PROVIDE (__init_array_start, .)
 *(SORT(.init_array.*))
 *(.init_array*)
 .init_array    0x0800684c        0x4 c:/program files (x86)/atollic/truestudio for stm32 9.3.0/armtools/bin/../lib/gcc/arm-atollic-eabi/6.3.1/armv7e-m/fpu/crtbegin.o
                0x08006850                PROVIDE (__init_array_end, .)

.fini_array     0x08006850        0x4
                [!provide]                PROVIDE (__fini_array_start, .)
 *(SORT(.fini_array.*))
 *(.fini_array*)
 .fini_array    0x08006850        0x4 c:/program files (x86)/atollic/truestudio for stm32 9.3.0/armtools/bin/../lib/gcc/arm-atollic-eabi/6.3.1/armv7e-m/fpu/crtbegin.o
                [!provide]                PROVIDE (__fini_array_end, .)
                0x08006854                _sidata = LOADADDR (.data)

.data           0x20000000       0x74 load address 0x08006854
                0x20000000                . = ALIGN (0x4)
                0x20000000                _sdata = .
 *(.data)
 *(.data*)
 .data.SystemCoreClock
                0x20000000        0x4 Core\Src\system_stm32f4xx.o
                0x20000000                SystemCoreClock
 .data.uwTickPrio
                0x20000004        0x4 Drivers\STM32F4xx_HAL_Driver\Src\stm32f4xx_hal.o
                0x20000004                uwTickPrio
 .data.uwTickFreq
                0x20000008        0x1 Drivers\STM32F4xx_HAL_Driver\Src\stm32f4xx_hal.o
                0x20000008                uwTickFreq
 *fill*         0x20000009        0x3 
 .data.egstrNmBusCapabilities
                0x2000000c        0x2 winc1500\bus_wrapper\source\nm_bus_wrapper_stm32f429.o
                0x2000000c                egstrNmBusCapabilities
 *fill*         0x2000000e        0x2 
 .data._impure_ptr
                0x20000010        0x4 c:/program files (x86)/atollic/truestudio for stm32 9.3.0/armtools/bin/../lib/gcc/arm-atollic-eabi/6.3.1/../../../../arm-atollic-eabi/lib/armv7e-m/fpu\libc_nano.a(lib_a-impure.o)
                0x20000010                _impure_ptr
 .data.impure_data
                0x20000014       0x60 c:/program files (x86)/atollic/truestudio for stm32 9.3.0/armtools/bin/../lib/gcc/arm-atollic-eabi/6.3.1/../../../../arm-atollic-eabi/lib/armv7e-m/fpu\libc_nano.a(lib_a-impure.o)
                0x20000074                . = ALIGN (0x4)
                0x20000074                _edata = .

.igot.plt       0x20000074        0x0 load address 0x080068c8
 .igot.plt      0x20000074        0x0 c:/program files (x86)/atollic/truestudio for stm32 9.3.0/armtools/bin/../lib/gcc/arm-atollic-eabi/6.3.1/armv7e-m/fpu/crtbegin.o
                0x20000074                . = ALIGN (0x4)

.bss            0x20000074      0x230 load address 0x080068c8
                0x20000074                _sbss = .
                0x20000074                __bss_start__ = _sbss
 *(.bss)
 .bss           0x20000074       0x1c c:/program files (x86)/atollic/truestudio for stm32 9.3.0/armtools/bin/../lib/gcc/arm-atollic-eabi/6.3.1/armv7e-m/fpu/crtbegin.o
 *(.bss*)
 .bss.scan_request_index
                0x20000090        0x1 Core\Src\main.o
 .bss.num_founded_ap
                0x20000091        0x1 Core\Src\main.o
 *fill*         0x20000092        0x2 
 .bss.heap_end.7010
                0x20000094        0x4 Core\Src\syscalls.o
 .bss.spiDummyBuf
                0x20000098      0x12c winc1500\bus_wrapper\source\nm_bus_wrapper_stm32f429.o
 .bss.gu8ChNum  0x200001c4        0x1 winc1500\driver\source\m2m_wifi.o
 .bss.gu8scanInProgress
                0x200001c5        0x1 winc1500\driver\source\m2m_wifi.o
 *fill*         0x200001c6        0x2 
 .bss.gpfAppWifiCb
                0x200001c8        0x4 winc1500\driver\source\m2m_wifi.o
 .bss.chipid.5996
                0x200001cc        0x4 winc1500\driver\source\nmasic.o
 .bss.gu8Crc_off
                0x200001d0        0x1 winc1500\driver\source\nmspi.o
 *fill*         0x200001d1        0x3 
 .bss.__malloc_free_list
                0x200001d4        0x4 c:/program files (x86)/atollic/truestudio for stm32 9.3.0/armtools/bin/../lib/gcc/arm-atollic-eabi/6.3.1/../../../../arm-atollic-eabi/lib/armv7e-m/fpu\libc_nano.a(lib_a-nano-mallocr.o)
                0x200001d4                __malloc_free_list
 .bss.__malloc_sbrk_start
                0x200001d8        0x4 c:/program files (x86)/atollic/truestudio for stm32 9.3.0/armtools/bin/../lib/gcc/arm-atollic-eabi/6.3.1/../../../../arm-atollic-eabi/lib/armv7e-m/fpu\libc_nano.a(lib_a-nano-mallocr.o)
                0x200001d8                __malloc_sbrk_start
 *(COMMON)
 COMMON         0x200001dc       0x40 Core\Src\main.o
                0x200001dc                huart2
 COMMON         0x2000021c        0x4 Drivers\STM32F4xx_HAL_Driver\Src\stm32f4xx_hal.o
                0x2000021c                uwTick
 COMMON         0x20000220       0x58 winc1500\bus_wrapper\source\nm_bus_wrapper_stm32f429.o
                0x20000220                hspi2
 COMMON         0x20000278       0x28 winc1500\driver\source\m2m_hif.o
                0x20000278                gstrHifCxt
 COMMON         0x200002a0        0x4 c:/program files (x86)/atollic/truestudio for stm32 9.3.0/armtools/bin/../lib/gcc/arm-atollic-eabi/6.3.1/../../../../arm-atollic-eabi/lib/armv7e-m/fpu\libc_nano.a(lib_a-reent.o)
                0x200002a0                errno
                0x200002a4                . = ALIGN (0x4)
                0x200002a4                _ebss = .
                0x200002a4                __bss_end__ = _ebss

._user_heap_stack
                0x200002a4      0x600 load address 0x080068c8
                0x200002a4                . = ALIGN (0x4)
                0x200002a4                PROVIDE (end, .)
                [!provide]                PROVIDE (_end, .)
                0x200004a4                . = (. + _Min_Heap_Size)
 *fill*         0x200002a4      0x200 
                0x200008a4                . = (. + _Min_Stack_Size)
 *fill*         0x200004a4      0x400 
                0x200008a4                . = ALIGN (0x4)

/DISCARD/
 libc.a(*)
 libm.a(*)
 libgcc.a(*)

.ARM.attributes
                0x00000000       0x30
 *(.ARM.attributes)
 .ARM.attributes
                0x00000000       0x22 c:/program files (x86)/atollic/truestudio for stm32 9.3.0/armtools/bin/../lib/gcc/arm-atollic-eabi/6.3.1/armv7e-m/fpu/crti.o
 .ARM.attributes
                0x00000022       0x34 c:/program files (x86)/atollic/truestudio for stm32 9.3.0/armtools/bin/../lib/gcc/arm-atollic-eabi/6.3.1/armv7e-m/fpu/crtbegin.o
 .ARM.attributes
                0x00000056       0x39 Core\Src\main.o
 .ARM.attributes
                0x0000008f       0x39 Core\Src\stm32f4xx_hal_msp.o
 .ARM.attributes
                0x000000c8       0x39 Core\Src\stm32f4xx_it.o
 .ARM.attributes
                0x00000101       0x39 Core\Src\syscalls.o
 .ARM.attributes
                0x0000013a       0x39 Core\Src\system_stm32f4xx.o
 .ARM.attributes
                0x00000173       0x39 Drivers\STM32F4xx_HAL_Driver\Src\stm32f4xx_hal.o
 .ARM.attributes
                0x000001ac       0x39 Drivers\STM32F4xx_HAL_Driver\Src\stm32f4xx_hal_cortex.o
 .ARM.attributes
                0x000001e5       0x39 Drivers\STM32F4xx_HAL_Driver\Src\stm32f4xx_hal_gpio.o
 .ARM.attributes
                0x0000021e       0x39 Drivers\STM32F4xx_HAL_Driver\Src\stm32f4xx_hal_rcc.o
 .ARM.attributes
                0x00000257       0x39 Drivers\STM32F4xx_HAL_Driver\Src\stm32f4xx_hal_rcc_ex.o
 .ARM.attributes
                0x00000290       0x39 Drivers\STM32F4xx_HAL_Driver\Src\stm32f4xx_hal_spi.o
 .ARM.attributes
                0x000002c9       0x39 Drivers\STM32F4xx_HAL_Driver\Src\stm32f4xx_hal_uart.o
 .ARM.attributes
                0x00000302       0x21 startup\startup_stm32f410rx.o
 .ARM.attributes
                0x00000323       0x39 winc1500\bsp\source\nm_bsp_stm32f429.o
 .ARM.attributes
                0x0000035c       0x39 winc1500\bus_wrapper\source\nm_bus_wrapper_stm32f429.o
 .ARM.attributes
                0x00000395       0x39 winc1500\common\source\nm_common.o
 .ARM.attributes
                0x000003ce       0x39 winc1500\driver\source\m2m_hif.o
 .ARM.attributes
                0x00000407       0x39 winc1500\driver\source\m2m_wifi.o
 .ARM.attributes
                0x00000440       0x39 winc1500\driver\source\nmasic.o
 .ARM.attributes
                0x00000479       0x39 winc1500\driver\source\nmbus.o
 .ARM.attributes
                0x000004b2       0x39 winc1500\driver\source\nmdrv.o
 .ARM.attributes
                0x000004eb       0x39 winc1500\driver\source\nmspi.o
 .ARM.attributes
                0x00000524       0x39 winc1500\spi_flash\source\spi_flash.o
 .ARM.attributes
                0x0000055d       0x34 c:/program files (x86)/atollic/truestudio for stm32 9.3.0/armtools/bin/../lib/gcc/arm-atollic-eabi/6.3.1/../../../../arm-atollic-eabi/lib/armv7e-m/fpu\libc_nano.a(lib_a-errno.o)
 .ARM.attributes
                0x00000591       0x34 c:/program files (x86)/atollic/truestudio for stm32 9.3.0/armtools/bin/../lib/gcc/arm-atollic-eabi/6.3.1/../../../../arm-atollic-eabi/lib/armv7e-m/fpu\libc_nano.a(lib_a-impure.o)
 .ARM.attributes
                0x000005c5       0x34 c:/program files (x86)/atollic/truestudio for stm32 9.3.0/armtools/bin/../lib/gcc/arm-atollic-eabi/6.3.1/../../../../arm-atollic-eabi/lib/armv7e-m/fpu\libc_nano.a(lib_a-init.o)
 .ARM.attributes
                0x000005f9       0x34 c:/program files (x86)/atollic/truestudio for stm32 9.3.0/armtools/bin/../lib/gcc/arm-atollic-eabi/6.3.1/../../../../arm-atollic-eabi/lib/armv7e-m/fpu\libc_nano.a(lib_a-memcmp.o)
 .ARM.attributes
                0x0000062d       0x34 c:/program files (x86)/atollic/truestudio for stm32 9.3.0/armtools/bin/../lib/gcc/arm-atollic-eabi/6.3.1/../../../../arm-atollic-eabi/lib/armv7e-m/fpu\libc_nano.a(lib_a-memset.o)
 .ARM.attributes
                0x00000661       0x34 c:/program files (x86)/atollic/truestudio for stm32 9.3.0/armtools/bin/../lib/gcc/arm-atollic-eabi/6.3.1/../../../../arm-atollic-eabi/lib/armv7e-m/fpu\libc_nano.a(lib_a-printf.o)
 .ARM.attributes
                0x00000695       0x34 c:/program files (x86)/atollic/truestudio for stm32 9.3.0/armtools/bin/../lib/gcc/arm-atollic-eabi/6.3.1/../../../../arm-atollic-eabi/lib/armv7e-m/fpu\libc_nano.a(lib_a-puts.o)
 .ARM.attributes
                0x000006c9       0x1b c:/program files (x86)/atollic/truestudio for stm32 9.3.0/armtools/bin/../lib/gcc/arm-atollic-eabi/6.3.1/../../../../arm-atollic-eabi/lib/armv7e-m/fpu\libc_nano.a(lib_a-strlen.o)
 .ARM.attributes
                0x000006e4       0x34 c:/program files (x86)/atollic/truestudio for stm32 9.3.0/armtools/bin/../lib/gcc/arm-atollic-eabi/6.3.1/../../../../arm-atollic-eabi/lib/armv7e-m/fpu\libc_nano.a(lib_a-wbuf.o)
 .ARM.attributes
                0x00000718       0x34 c:/program files (x86)/atollic/truestudio for stm32 9.3.0/armtools/bin/../lib/gcc/arm-atollic-eabi/6.3.1/../../../../arm-atollic-eabi/lib/armv7e-m/fpu\libc_nano.a(lib_a-wsetup.o)
 .ARM.attributes
                0x0000074c       0x34 c:/program files (x86)/atollic/truestudio for stm32 9.3.0/armtools/bin/../lib/gcc/arm-atollic-eabi/6.3.1/../../../../arm-atollic-eabi/lib/armv7e-m/fpu\libc_nano.a(lib_a-fflush.o)
 .ARM.attributes
                0x00000780       0x34 c:/program files (x86)/atollic/truestudio for stm32 9.3.0/armtools/bin/../lib/gcc/arm-atollic-eabi/6.3.1/../../../../arm-atollic-eabi/lib/armv7e-m/fpu\libc_nano.a(lib_a-findfp.o)
 .ARM.attributes
                0x000007b4       0x34 c:/program files (x86)/atollic/truestudio for stm32 9.3.0/armtools/bin/../lib/gcc/arm-atollic-eabi/6.3.1/../../../../arm-atollic-eabi/lib/armv7e-m/fpu\libc_nano.a(lib_a-fwalk.o)
 .ARM.attributes
                0x000007e8       0x34 c:/program files (x86)/atollic/truestudio for stm32 9.3.0/armtools/bin/../lib/gcc/arm-atollic-eabi/6.3.1/../../../../arm-atollic-eabi/lib/armv7e-m/fpu\libc_nano.a(lib_a-makebuf.o)
 .ARM.attributes
                0x0000081c       0x34 c:/program files (x86)/atollic/truestudio for stm32 9.3.0/armtools/bin/../lib/gcc/arm-atollic-eabi/6.3.1/../../../../arm-atollic-eabi/lib/armv7e-m/fpu\libc_nano.a(lib_a-nano-freer.o)
 .ARM.attributes
                0x00000850       0x34 c:/program files (x86)/atollic/truestudio for stm32 9.3.0/armtools/bin/../lib/gcc/arm-atollic-eabi/6.3.1/../../../../arm-atollic-eabi/lib/armv7e-m/fpu\libc_nano.a(lib_a-nano-mallocr.o)
 .ARM.attributes
                0x00000884       0x34 c:/program files (x86)/atollic/truestudio for stm32 9.3.0/armtools/bin/../lib/gcc/arm-atollic-eabi/6.3.1/../../../../arm-atollic-eabi/lib/armv7e-m/fpu\libc_nano.a(lib_a-nano-vfprintf.o)
 .ARM.attributes
                0x000008b8       0x34 c:/program files (x86)/atollic/truestudio for stm32 9.3.0/armtools/bin/../lib/gcc/arm-atollic-eabi/6.3.1/../../../../arm-atollic-eabi/lib/armv7e-m/fpu\libc_nano.a(lib_a-nano-vfprintf_i.o)
 .ARM.attributes
                0x000008ec       0x34 c:/program files (x86)/atollic/truestudio for stm32 9.3.0/armtools/bin/../lib/gcc/arm-atollic-eabi/6.3.1/../../../../arm-atollic-eabi/lib/armv7e-m/fpu\libc_nano.a(lib_a-sbrkr.o)
 .ARM.attributes
                0x00000920       0x34 c:/program files (x86)/atollic/truestudio for stm32 9.3.0/armtools/bin/../lib/gcc/arm-atollic-eabi/6.3.1/../../../../arm-atollic-eabi/lib/armv7e-m/fpu\libc_nano.a(lib_a-stdio.o)
 .ARM.attributes
                0x00000954       0x34 c:/program files (x86)/atollic/truestudio for stm32 9.3.0/armtools/bin/../lib/gcc/arm-atollic-eabi/6.3.1/../../../../arm-atollic-eabi/lib/armv7e-m/fpu\libc_nano.a(lib_a-writer.o)
 .ARM.attributes
                0x00000988       0x34 c:/program files (x86)/atollic/truestudio for stm32 9.3.0/armtools/bin/../lib/gcc/arm-atollic-eabi/6.3.1/../../../../arm-atollic-eabi/lib/armv7e-m/fpu\libc_nano.a(lib_a-closer.o)
 .ARM.attributes
                0x000009bc       0x34 c:/program files (x86)/atollic/truestudio for stm32 9.3.0/armtools/bin/../lib/gcc/arm-atollic-eabi/6.3.1/../../../../arm-atollic-eabi/lib/armv7e-m/fpu\libc_nano.a(lib_a-fstatr.o)
 .ARM.attributes
                0x000009f0       0x34 c:/program files (x86)/atollic/truestudio for stm32 9.3.0/armtools/bin/../lib/gcc/arm-atollic-eabi/6.3.1/../../../../arm-atollic-eabi/lib/armv7e-m/fpu\libc_nano.a(lib_a-isattyr.o)
 .ARM.attributes
                0x00000a24       0x34 c:/program files (x86)/atollic/truestudio for stm32 9.3.0/armtools/bin/../lib/gcc/arm-atollic-eabi/6.3.1/../../../../arm-atollic-eabi/lib/armv7e-m/fpu\libc_nano.a(lib_a-lseekr.o)
 .ARM.attributes
                0x00000a58       0x20 c:/program files (x86)/atollic/truestudio for stm32 9.3.0/armtools/bin/../lib/gcc/arm-atollic-eabi/6.3.1/../../../../arm-atollic-eabi/lib/armv7e-m/fpu\libc_nano.a(lib_a-memchr.o)
 .ARM.attributes
                0x00000a78       0x34 c:/program files (x86)/atollic/truestudio for stm32 9.3.0/armtools/bin/../lib/gcc/arm-atollic-eabi/6.3.1/../../../../arm-atollic-eabi/lib/armv7e-m/fpu\libc_nano.a(lib_a-mlock.o)
 .ARM.attributes
                0x00000aac       0x34 c:/program files (x86)/atollic/truestudio for stm32 9.3.0/armtools/bin/../lib/gcc/arm-atollic-eabi/6.3.1/../../../../arm-atollic-eabi/lib/armv7e-m/fpu\libc_nano.a(lib_a-readr.o)
 .ARM.attributes
                0x00000ae0       0x34 c:/program files (x86)/atollic/truestudio for stm32 9.3.0/armtools/bin/../lib/gcc/arm-atollic-eabi/6.3.1/../../../../arm-atollic-eabi/lib/armv7e-m/fpu\libc_nano.a(lib_a-reent.o)
 .ARM.attributes
                0x00000b14       0x22 c:/program files (x86)/atollic/truestudio for stm32 9.3.0/armtools/bin/../lib/gcc/arm-atollic-eabi/6.3.1/armv7e-m/fpu\libgcc.a(_aeabi_uldivmod.o)
 .ARM.attributes
                0x00000b36       0x34 c:/program files (x86)/atollic/truestudio for stm32 9.3.0/armtools/bin/../lib/gcc/arm-atollic-eabi/6.3.1/armv7e-m/fpu\libgcc.a(_udivmoddi4.o)
 .ARM.attributes
                0x00000b6a       0x22 c:/program files (x86)/atollic/truestudio for stm32 9.3.0/armtools/bin/../lib/gcc/arm-atollic-eabi/6.3.1/armv7e-m/fpu\libgcc.a(_dvmd_tls.o)
 .ARM.attributes
                0x00000b8c       0x22 c:/program files (x86)/atollic/truestudio for stm32 9.3.0/armtools/bin/../lib/gcc/arm-atollic-eabi/6.3.1/armv7e-m/fpu/crtn.o
OUTPUT(tryWincTrueStudio_1.elf elf32-littlearm)

.debug_info     0x00000000    0x12c41
 .debug_info    0x00000000     0x1c0d Core\Src\main.o
 .debug_info    0x00001c0d      0xbdd Core\Src\stm32f4xx_hal_msp.o
 .debug_info    0x000027ea      0x20c Core\Src\stm32f4xx_it.o
 .debug_info    0x000029f6      0xf16 Core\Src\syscalls.o
 .debug_info    0x0000390c      0x53f Core\Src\system_stm32f4xx.o
 .debug_info    0x00003e4b      0x879 Drivers\STM32F4xx_HAL_Driver\Src\stm32f4xx_hal.o
 .debug_info    0x000046c4      0xd7a Drivers\STM32F4xx_HAL_Driver\Src\stm32f4xx_hal_cortex.o
 .debug_info    0x0000543e      0x7b6 Drivers\STM32F4xx_HAL_Driver\Src\stm32f4xx_hal_gpio.o
 .debug_info    0x00005bf4      0x8f8 Drivers\STM32F4xx_HAL_Driver\Src\stm32f4xx_hal_rcc.o
 .debug_info    0x000064ec      0x6b4 Drivers\STM32F4xx_HAL_Driver\Src\stm32f4xx_hal_rcc_ex.o
 .debug_info    0x00006ba0     0x162f Drivers\STM32F4xx_HAL_Driver\Src\stm32f4xx_hal_spi.o
 .debug_info    0x000081cf     0x1241 Drivers\STM32F4xx_HAL_Driver\Src\stm32f4xx_hal_uart.o
 .debug_info    0x00009410       0x86 startup\startup_stm32f410rx.o
 .debug_info    0x00009496      0xbe8 winc1500\bsp\source\nm_bsp_stm32f429.o
 .debug_info    0x0000a07e     0x13a0 winc1500\bus_wrapper\source\nm_bus_wrapper_stm32f429.o
 .debug_info    0x0000b41e      0x287 winc1500\common\source\nm_common.o
 .debug_info    0x0000b6a5     0x14bb winc1500\driver\source\m2m_hif.o
 .debug_info    0x0000cb60     0x28f5 winc1500\driver\source\m2m_wifi.o
 .debug_info    0x0000f455      0x668 winc1500\driver\source\nmasic.o
 .debug_info    0x0000fabd      0x959 winc1500\driver\source\nmbus.o
 .debug_info    0x00010416     0x1229 winc1500\driver\source\nmdrv.o
 .debug_info    0x0001163f      0xf3d winc1500\driver\source\nmspi.o
 .debug_info    0x0001257c      0x6c5 winc1500\spi_flash\source\spi_flash.o

.debug_abbrev   0x00000000     0x2ce2
 .debug_abbrev  0x00000000      0x292 Core\Src\main.o
 .debug_abbrev  0x00000292      0x19d Core\Src\stm32f4xx_hal_msp.o
 .debug_abbrev  0x0000042f       0xc1 Core\Src\stm32f4xx_it.o
 .debug_abbrev  0x000004f0      0x271 Core\Src\syscalls.o
 .debug_abbrev  0x00000761      0x126 Core\Src\system_stm32f4xx.o
 .debug_abbrev  0x00000887      0x1ed Drivers\STM32F4xx_HAL_Driver\Src\stm32f4xx_hal.o
 .debug_abbrev  0x00000a74      0x2f5 Drivers\STM32F4xx_HAL_Driver\Src\stm32f4xx_hal_cortex.o
 .debug_abbrev  0x00000d69      0x1c4 Drivers\STM32F4xx_HAL_Driver\Src\stm32f4xx_hal_gpio.o
 .debug_abbrev  0x00000f2d      0x240 Drivers\STM32F4xx_HAL_Driver\Src\stm32f4xx_hal_rcc.o
 .debug_abbrev  0x0000116d      0x199 Drivers\STM32F4xx_HAL_Driver\Src\stm32f4xx_hal_rcc_ex.o
 .debug_abbrev  0x00001306      0x23b Drivers\STM32F4xx_HAL_Driver\Src\stm32f4xx_hal_spi.o
 .debug_abbrev  0x00001541      0x24c Drivers\STM32F4xx_HAL_Driver\Src\stm32f4xx_hal_uart.o
 .debug_abbrev  0x0000178d       0x12 startup\startup_stm32f410rx.o
 .debug_abbrev  0x0000179f      0x1e1 winc1500\bsp\source\nm_bsp_stm32f429.o
 .debug_abbrev  0x00001980      0x237 winc1500\bus_wrapper\source\nm_bus_wrapper_stm32f429.o
 .debug_abbrev  0x00001bb7       0xef winc1500\common\source\nm_common.o
 .debug_abbrev  0x00001ca6      0x32f winc1500\driver\source\m2m_hif.o
 .debug_abbrev  0x00001fd5      0x2e0 winc1500\driver\source\m2m_wifi.o
 .debug_abbrev  0x000022b5      0x1d1 winc1500\driver\source\nmasic.o
 .debug_abbrev  0x00002486      0x214 winc1500\driver\source\nmbus.o
 .debug_abbrev  0x0000269a      0x25a winc1500\driver\source\nmdrv.o
 .debug_abbrev  0x000028f4      0x276 winc1500\driver\source\nmspi.o
 .debug_abbrev  0x00002b6a      0x178 winc1500\spi_flash\source\spi_flash.o

.debug_aranges  0x00000000      0xee8
 .debug_aranges
                0x00000000       0x60 Core\Src\main.o
 .debug_aranges
                0x00000060       0x40 Core\Src\stm32f4xx_hal_msp.o
 .debug_aranges
                0x000000a0       0x60 Core\Src\stm32f4xx_it.o
 .debug_aranges
                0x00000100       0xb0 Core\Src\syscalls.o
 .debug_aranges
                0x000001b0       0x28 Core\Src\system_stm32f4xx.o
 .debug_aranges
                0x000001d8       0xf0 Drivers\STM32F4xx_HAL_Driver\Src\stm32f4xx_hal.o
 .debug_aranges
                0x000002c8      0x118 Drivers\STM32F4xx_HAL_Driver\Src\stm32f4xx_hal_cortex.o
 .debug_aranges
                0x000003e0       0x58 Drivers\STM32F4xx_HAL_Driver\Src\stm32f4xx_hal_gpio.o
 .debug_aranges
                0x00000438       0x88 Drivers\STM32F4xx_HAL_Driver\Src\stm32f4xx_hal_rcc.o
 .debug_aranges
                0x000004c0       0x50 Drivers\STM32F4xx_HAL_Driver\Src\stm32f4xx_hal_rcc_ex.o
 .debug_aranges
                0x00000510      0x1d0 Drivers\STM32F4xx_HAL_Driver\Src\stm32f4xx_hal_spi.o
 .debug_aranges
                0x000006e0      0x1d0 Drivers\STM32F4xx_HAL_Driver\Src\stm32f4xx_hal_uart.o
 .debug_aranges
                0x000008b0       0x28 startup\startup_stm32f410rx.o
 .debug_aranges
                0x000008d8       0x50 winc1500\bsp\source\nm_bsp_stm32f429.o
 .debug_aranges
                0x00000928       0x48 winc1500\bus_wrapper\source\nm_bus_wrapper_stm32f429.o
 .debug_aranges
                0x00000970       0x50 winc1500\common\source\nm_common.o
 .debug_aranges
                0x000009c0       0x90 winc1500\driver\source\m2m_hif.o
 .debug_aranges
                0x00000a50      0x1d0 winc1500\driver\source\m2m_wifi.o
 .debug_aranges
                0x00000c20       0xb0 winc1500\driver\source\nmasic.o
 .debug_aranges
                0x00000cd0       0x70 winc1500\driver\source\nmbus.o
 .debug_aranges
                0x00000d40       0x48 winc1500\driver\source\nmdrv.o
 .debug_aranges
                0x00000d88       0xc8 winc1500\driver\source\nmspi.o
 .debug_aranges
                0x00000e50       0x98 winc1500\spi_flash\source\spi_flash.o

.debug_ranges   0x00000000      0xe10
 .debug_ranges  0x00000000       0x68 Core\Src\main.o
 .debug_ranges  0x00000068       0x30 Core\Src\stm32f4xx_hal_msp.o
 .debug_ranges  0x00000098       0x50 Core\Src\stm32f4xx_it.o
 .debug_ranges  0x000000e8       0xa0 Core\Src\syscalls.o
 .debug_ranges  0x00000188       0x18 Core\Src\system_stm32f4xx.o
 .debug_ranges  0x000001a0       0xe0 Drivers\STM32F4xx_HAL_Driver\Src\stm32f4xx_hal.o
 .debug_ranges  0x00000280      0x108 Drivers\STM32F4xx_HAL_Driver\Src\stm32f4xx_hal_cortex.o
 .debug_ranges  0x00000388       0x48 Drivers\STM32F4xx_HAL_Driver\Src\stm32f4xx_hal_gpio.o
 .debug_ranges  0x000003d0       0x78 Drivers\STM32F4xx_HAL_Driver\Src\stm32f4xx_hal_rcc.o
 .debug_ranges  0x00000448       0x40 Drivers\STM32F4xx_HAL_Driver\Src\stm32f4xx_hal_rcc_ex.o
 .debug_ranges  0x00000488      0x1c0 Drivers\STM32F4xx_HAL_Driver\Src\stm32f4xx_hal_spi.o
 .debug_ranges  0x00000648      0x1c0 Drivers\STM32F4xx_HAL_Driver\Src\stm32f4xx_hal_uart.o
 .debug_ranges  0x00000808       0x20 startup\startup_stm32f410rx.o
 .debug_ranges  0x00000828       0x40 winc1500\bsp\source\nm_bsp_stm32f429.o
 .debug_ranges  0x00000868       0x38 winc1500\bus_wrapper\source\nm_bus_wrapper_stm32f429.o
 .debug_ranges  0x000008a0       0x40 winc1500\common\source\nm_common.o
 .debug_ranges  0x000008e0       0xc8 winc1500\driver\source\m2m_hif.o
 .debug_ranges  0x000009a8      0x1d8 winc1500\driver\source\m2m_wifi.o
 .debug_ranges  0x00000b80       0xb8 winc1500\driver\source\nmasic.o
 .debug_ranges  0x00000c38       0x60 winc1500\driver\source\nmbus.o
 .debug_ranges  0x00000c98       0x38 winc1500\driver\source\nmdrv.o
 .debug_ranges  0x00000cd0       0xb8 winc1500\driver\source\nmspi.o
 .debug_ranges  0x00000d88       0x88 winc1500\spi_flash\source\spi_flash.o

.debug_line     0x00000000     0x6ff9
 .debug_line    0x00000000      0x54e Core\Src\main.o
 .debug_line    0x0000054e      0x2b7 Core\Src\stm32f4xx_hal_msp.o
 .debug_line    0x00000805      0x26b Core\Src\stm32f4xx_it.o
 .debug_line    0x00000a70      0x3dd Core\Src\syscalls.o
 .debug_line    0x00000e4d      0x20f Core\Src\system_stm32f4xx.o
 .debug_line    0x0000105c      0x41d Drivers\STM32F4xx_HAL_Driver\Src\stm32f4xx_hal.o
 .debug_line    0x00001479      0x553 Drivers\STM32F4xx_HAL_Driver\Src\stm32f4xx_hal_cortex.o
 .debug_line    0x000019cc      0x3b1 Drivers\STM32F4xx_HAL_Driver\Src\stm32f4xx_hal_gpio.o
 .debug_line    0x00001d7d      0x4c2 Drivers\STM32F4xx_HAL_Driver\Src\stm32f4xx_hal_rcc.o
 .debug_line    0x0000223f      0x448 Drivers\STM32F4xx_HAL_Driver\Src\stm32f4xx_hal_rcc_ex.o
 .debug_line    0x00002687      0xc03 Drivers\STM32F4xx_HAL_Driver\Src\stm32f4xx_hal_spi.o
 .debug_line    0x0000328a      0xb5c Drivers\STM32F4xx_HAL_Driver\Src\stm32f4xx_hal_uart.o
 .debug_line    0x00003de6       0x7e startup\startup_stm32f410rx.o
 .debug_line    0x00003e64      0x394 winc1500\bsp\source\nm_bsp_stm32f429.o
 .debug_line    0x000041f8      0x49d winc1500\bus_wrapper\source\nm_bus_wrapper_stm32f429.o
 .debug_line    0x00004695      0x181 winc1500\common\source\nm_common.o
 .debug_line    0x00004816      0x6d0 winc1500\driver\source\m2m_hif.o
 .debug_line    0x00004ee6      0x91a winc1500\driver\source\m2m_wifi.o
 .debug_line    0x00005800      0x456 winc1500\driver\source\nmasic.o
 .debug_line    0x00005c56      0x427 winc1500\driver\source\nmbus.o
 .debug_line    0x0000607d      0x5ba winc1500\driver\source\nmdrv.o
 .debug_line    0x00006637      0x65a winc1500\driver\source\nmspi.o
 .debug_line    0x00006c91      0x368 winc1500\spi_flash\source\spi_flash.o

.debug_str      0x00000000     0x5431
 .debug_str     0x00000000     0x1835 Core\Src\main.o
                               0x19b0 (size before relaxing)
 .debug_str     0x00001835       0xc8 Core\Src\stm32f4xx_hal_msp.o
                                0xa09 (size before relaxing)
 .debug_str     0x000018fd       0xab Core\Src\stm32f4xx_it.o
                                0x33a (size before relaxing)
 .debug_str     0x000019a8      0x239 Core\Src\syscalls.o
                                0x867 (size before relaxing)
 .debug_str     0x00001be1       0xaf Core\Src\system_stm32f4xx.o
                                0x41d (size before relaxing)
 .debug_str     0x00001c90      0x601 Drivers\STM32F4xx_HAL_Driver\Src\stm32f4xx_hal.o
                                0x9dc (size before relaxing)
 .debug_str     0x00002291      0x492 Drivers\STM32F4xx_HAL_Driver\Src\stm32f4xx_hal_cortex.o
                                0xb7d (size before relaxing)
 .debug_str     0x00002723      0x11b Drivers\STM32F4xx_HAL_Driver\Src\stm32f4xx_hal_gpio.o
                                0x5ba (size before relaxing)
 .debug_str     0x0000283e      0x1b9 Drivers\STM32F4xx_HAL_Driver\Src\stm32f4xx_hal_rcc.o
                                0x770 (size before relaxing)
 .debug_str     0x000029f7      0x17f Drivers\STM32F4xx_HAL_Driver\Src\stm32f4xx_hal_rcc_ex.o
                                0x656 (size before relaxing)
 .debug_str     0x00002b76      0x526 Drivers\STM32F4xx_HAL_Driver\Src\stm32f4xx_hal_spi.o
                                0xc7e (size before relaxing)
 .debug_str     0x0000309c      0x50d Drivers\STM32F4xx_HAL_Driver\Src\stm32f4xx_hal_uart.o
                                0xc9b (size before relaxing)
 .debug_str     0x000035a9       0xbe winc1500\bsp\source\nm_bsp_stm32f429.o
                                0xc76 (size before relaxing)
 .debug_str     0x00003667      0x119 winc1500\bus_wrapper\source\nm_bus_wrapper_stm32f429.o
                                0xdef (size before relaxing)
 .debug_str     0x00003780       0xd3 winc1500\common\source\nm_common.o
                                0x243 (size before relaxing)
 .debug_str     0x00003853      0x38d winc1500\driver\source\m2m_hif.o
                                0xef1 (size before relaxing)
 .debug_str     0x00003be0     0x10e6 winc1500\driver\source\m2m_wifi.o
                               0x219c (size before relaxing)
 .debug_str     0x00004cc6      0x204 winc1500\driver\source\nmasic.o
                                0x473 (size before relaxing)
 .debug_str     0x00004eca       0xe5 winc1500\driver\source\nmbus.o
                                0x83a (size before relaxing)
 .debug_str     0x00004faf       0xd0 winc1500\driver\source\nmdrv.o
                                0xd78 (size before relaxing)
 .debug_str     0x0000507f      0x1c3 winc1500\driver\source\nmspi.o
                                0x970 (size before relaxing)
 .debug_str     0x00005242      0x1ef winc1500\spi_flash\source\spi_flash.o
                                0x3da (size before relaxing)

.comment        0x00000000       0x7c
 .comment       0x00000000       0x7c Core\Src\main.o
                                 0x7d (size before relaxing)
 .comment       0x0000007c       0x7d Core\Src\stm32f4xx_hal_msp.o
 .comment       0x0000007c       0x7d Core\Src\stm32f4xx_it.o
 .comment       0x0000007c       0x7d Core\Src\syscalls.o
 .comment       0x0000007c       0x7d Core\Src\system_stm32f4xx.o
 .comment       0x0000007c       0x7d Drivers\STM32F4xx_HAL_Driver\Src\stm32f4xx_hal.o
 .comment       0x0000007c       0x7d Drivers\STM32F4xx_HAL_Driver\Src\stm32f4xx_hal_cortex.o
 .comment       0x0000007c       0x7d Drivers\STM32F4xx_HAL_Driver\Src\stm32f4xx_hal_gpio.o
 .comment       0x0000007c       0x7d Drivers\STM32F4xx_HAL_Driver\Src\stm32f4xx_hal_rcc.o
 .comment       0x0000007c       0x7d Drivers\STM32F4xx_HAL_Driver\Src\stm32f4xx_hal_rcc_ex.o
 .comment       0x0000007c       0x7d Drivers\STM32F4xx_HAL_Driver\Src\stm32f4xx_hal_spi.o
 .comment       0x0000007c       0x7d Drivers\STM32F4xx_HAL_Driver\Src\stm32f4xx_hal_uart.o
 .comment       0x0000007c       0x7d winc1500\bsp\source\nm_bsp_stm32f429.o
 .comment       0x0000007c       0x7d winc1500\bus_wrapper\source\nm_bus_wrapper_stm32f429.o
 .comment       0x0000007c       0x7d winc1500\common\source\nm_common.o
 .comment       0x0000007c       0x7d winc1500\driver\source\m2m_hif.o
 .comment       0x0000007c       0x7d winc1500\driver\source\m2m_wifi.o
 .comment       0x0000007c       0x7d winc1500\driver\source\nmasic.o
 .comment       0x0000007c       0x7d winc1500\driver\source\nmbus.o
 .comment       0x0000007c       0x7d winc1500\driver\source\nmdrv.o
 .comment       0x0000007c       0x7d winc1500\driver\source\nmspi.o
 .comment       0x0000007c       0x7d winc1500\spi_flash\source\spi_flash.o

.debug_frame    0x00000000     0x42f8
 .debug_frame   0x00000000      0x140 Core\Src\main.o
 .debug_frame   0x00000140       0xc4 Core\Src\stm32f4xx_hal_msp.o
 .debug_frame   0x00000204      0x10c Core\Src\stm32f4xx_it.o
 .debug_frame   0x00000310      0x2d4 Core\Src\syscalls.o
 .debug_frame   0x000005e4       0x58 Core\Src\system_stm32f4xx.o
 .debug_frame   0x0000063c      0x374 Drivers\STM32F4xx_HAL_Driver\Src\stm32f4xx_hal.o
 .debug_frame   0x000009b0      0x498 Drivers\STM32F4xx_HAL_Driver\Src\stm32f4xx_hal_cortex.o
 .debug_frame   0x00000e48      0x14c Drivers\STM32F4xx_HAL_Driver\Src\stm32f4xx_hal_gpio.o
 .debug_frame   0x00000f94      0x1f8 Drivers\STM32F4xx_HAL_Driver\Src\stm32f4xx_hal_rcc.o
 .debug_frame   0x0000118c      0x120 Drivers\STM32F4xx_HAL_Driver\Src\stm32f4xx_hal_rcc_ex.o
 .debug_frame   0x000012ac      0x824 Drivers\STM32F4xx_HAL_Driver\Src\stm32f4xx_hal_spi.o
 .debug_frame   0x00001ad0      0x844 Drivers\STM32F4xx_HAL_Driver\Src\stm32f4xx_hal_uart.o
 .debug_frame   0x00002314       0xf8 winc1500\bsp\source\nm_bsp_stm32f429.o
 .debug_frame   0x0000240c       0xf4 winc1500\bus_wrapper\source\nm_bus_wrapper_stm32f429.o
 .debug_frame   0x00002500      0x124 winc1500\common\source\nm_common.o
 .debug_frame   0x00002624      0x234 winc1500\driver\source\m2m_hif.o
 .debug_frame   0x00002858      0x7e0 winc1500\driver\source\m2m_wifi.o
 .debug_frame   0x00003038      0x2b4 winc1500\driver\source\nmasic.o
 .debug_frame   0x000032ec      0x1a0 winc1500\driver\source\nmbus.o
 .debug_frame   0x0000348c       0xe8 winc1500\driver\source\nmdrv.o
 .debug_frame   0x00003574      0x33c winc1500\driver\source\nmspi.o
 .debug_frame   0x000038b0      0x250 winc1500\spi_flash\source\spi_flash.o
 .debug_frame   0x00003b00       0x20 c:/program files (x86)/atollic/truestudio for stm32 9.3.0/armtools/bin/../lib/gcc/arm-atollic-eabi/6.3.1/../../../../arm-atollic-eabi/lib/armv7e-m/fpu\libc_nano.a(lib_a-errno.o)
 .debug_frame   0x00003b20       0x2c c:/program files (x86)/atollic/truestudio for stm32 9.3.0/armtools/bin/../lib/gcc/arm-atollic-eabi/6.3.1/../../../../arm-atollic-eabi/lib/armv7e-m/fpu\libc_nano.a(lib_a-init.o)
 .debug_frame   0x00003b4c       0x28 c:/program files (x86)/atollic/truestudio for stm32 9.3.0/armtools/bin/../lib/gcc/arm-atollic-eabi/6.3.1/../../../../arm-atollic-eabi/lib/armv7e-m/fpu\libc_nano.a(lib_a-memcmp.o)
 .debug_frame   0x00003b74       0x20 c:/program files (x86)/atollic/truestudio for stm32 9.3.0/armtools/bin/../lib/gcc/arm-atollic-eabi/6.3.1/../../../../arm-atollic-eabi/lib/armv7e-m/fpu\libc_nano.a(lib_a-memset.o)
 .debug_frame   0x00003b94       0x74 c:/program files (x86)/atollic/truestudio for stm32 9.3.0/armtools/bin/../lib/gcc/arm-atollic-eabi/6.3.1/../../../../arm-atollic-eabi/lib/armv7e-m/fpu\libc_nano.a(lib_a-printf.o)
 .debug_frame   0x00003c08       0x3c c:/program files (x86)/atollic/truestudio for stm32 9.3.0/armtools/bin/../lib/gcc/arm-atollic-eabi/6.3.1/../../../../arm-atollic-eabi/lib/armv7e-m/fpu\libc_nano.a(lib_a-puts.o)
 .debug_frame   0x00003c44       0x40 c:/program files (x86)/atollic/truestudio for stm32 9.3.0/armtools/bin/../lib/gcc/arm-atollic-eabi/6.3.1/../../../../arm-atollic-eabi/lib/armv7e-m/fpu\libc_nano.a(lib_a-wbuf.o)
 .debug_frame   0x00003c84       0x2c c:/program files (x86)/atollic/truestudio for stm32 9.3.0/armtools/bin/../lib/gcc/arm-atollic-eabi/6.3.1/../../../../arm-atollic-eabi/lib/armv7e-m/fpu\libc_nano.a(lib_a-wsetup.o)
 .debug_frame   0x00003cb0       0x68 c:/program files (x86)/atollic/truestudio for stm32 9.3.0/armtools/bin/../lib/gcc/arm-atollic-eabi/6.3.1/../../../../arm-atollic-eabi/lib/armv7e-m/fpu\libc_nano.a(lib_a-fflush.o)
 .debug_frame   0x00003d18      0x11c c:/program files (x86)/atollic/truestudio for stm32 9.3.0/armtools/bin/../lib/gcc/arm-atollic-eabi/6.3.1/../../../../arm-atollic-eabi/lib/armv7e-m/fpu\libc_nano.a(lib_a-findfp.o)
 .debug_frame   0x00003e34       0x54 c:/program files (x86)/atollic/truestudio for stm32 9.3.0/armtools/bin/../lib/gcc/arm-atollic-eabi/6.3.1/../../../../arm-atollic-eabi/lib/armv7e-m/fpu\libc_nano.a(lib_a-fwalk.o)
 .debug_frame   0x00003e88       0x58 c:/program files (x86)/atollic/truestudio for stm32 9.3.0/armtools/bin/../lib/gcc/arm-atollic-eabi/6.3.1/../../../../arm-atollic-eabi/lib/armv7e-m/fpu\libc_nano.a(lib_a-makebuf.o)
 .debug_frame   0x00003ee0       0x38 c:/program files (x86)/atollic/truestudio for stm32 9.3.0/armtools/bin/../lib/gcc/arm-atollic-eabi/6.3.1/../../../../arm-atollic-eabi/lib/armv7e-m/fpu\libc_nano.a(lib_a-nano-freer.o)
 .debug_frame   0x00003f18       0x2c c:/program files (x86)/atollic/truestudio for stm32 9.3.0/armtools/bin/../lib/gcc/arm-atollic-eabi/6.3.1/../../../../arm-atollic-eabi/lib/armv7e-m/fpu\libc_nano.a(lib_a-nano-mallocr.o)
 .debug_frame   0x00003f44       0xac c:/program files (x86)/atollic/truestudio for stm32 9.3.0/armtools/bin/../lib/gcc/arm-atollic-eabi/6.3.1/../../../../arm-atollic-eabi/lib/armv7e-m/fpu\libc_nano.a(lib_a-nano-vfprintf.o)
 .debug_frame   0x00003ff0       0x60 c:/program files (x86)/atollic/truestudio for stm32 9.3.0/armtools/bin/../lib/gcc/arm-atollic-eabi/6.3.1/../../../../arm-atollic-eabi/lib/armv7e-m/fpu\libc_nano.a(lib_a-nano-vfprintf_i.o)
 .debug_frame   0x00004050       0x2c c:/program files (x86)/atollic/truestudio for stm32 9.3.0/armtools/bin/../lib/gcc/arm-atollic-eabi/6.3.1/../../../../arm-atollic-eabi/lib/armv7e-m/fpu\libc_nano.a(lib_a-sbrkr.o)
 .debug_frame   0x0000407c       0x88 c:/program files (x86)/atollic/truestudio for stm32 9.3.0/armtools/bin/../lib/gcc/arm-atollic-eabi/6.3.1/../../../../arm-atollic-eabi/lib/armv7e-m/fpu\libc_nano.a(lib_a-stdio.o)
 .debug_frame   0x00004104       0x2c c:/program files (x86)/atollic/truestudio for stm32 9.3.0/armtools/bin/../lib/gcc/arm-atollic-eabi/6.3.1/../../../../arm-atollic-eabi/lib/armv7e-m/fpu\libc_nano.a(lib_a-writer.o)
 .debug_frame   0x00004130       0x2c c:/program files (x86)/atollic/truestudio for stm32 9.3.0/armtools/bin/../lib/gcc/arm-atollic-eabi/6.3.1/../../../../arm-atollic-eabi/lib/armv7e-m/fpu\libc_nano.a(lib_a-closer.o)
 .debug_frame   0x0000415c       0x2c c:/program files (x86)/atollic/truestudio for stm32 9.3.0/armtools/bin/../lib/gcc/arm-atollic-eabi/6.3.1/../../../../arm-atollic-eabi/lib/armv7e-m/fpu\libc_nano.a(lib_a-fstatr.o)
 .debug_frame   0x00004188       0x2c c:/program files (x86)/atollic/truestudio for stm32 9.3.0/armtools/bin/../lib/gcc/arm-atollic-eabi/6.3.1/../../../../arm-atollic-eabi/lib/armv7e-m/fpu\libc_nano.a(lib_a-isattyr.o)
 .debug_frame   0x000041b4       0x2c c:/program files (x86)/atollic/truestudio for stm32 9.3.0/armtools/bin/../lib/gcc/arm-atollic-eabi/6.3.1/../../../../arm-atollic-eabi/lib/armv7e-m/fpu\libc_nano.a(lib_a-lseekr.o)
 .debug_frame   0x000041e0       0x30 c:/program files (x86)/atollic/truestudio for stm32 9.3.0/armtools/bin/../lib/gcc/arm-atollic-eabi/6.3.1/../../../../arm-atollic-eabi/lib/armv7e-m/fpu\libc_nano.a(lib_a-mlock.o)
 .debug_frame   0x00004210       0x2c c:/program files (x86)/atollic/truestudio for stm32 9.3.0/armtools/bin/../lib/gcc/arm-atollic-eabi/6.3.1/../../../../arm-atollic-eabi/lib/armv7e-m/fpu\libc_nano.a(lib_a-readr.o)
 .debug_frame   0x0000423c       0x5c c:/program files (x86)/atollic/truestudio for stm32 9.3.0/armtools/bin/../lib/gcc/arm-atollic-eabi/6.3.1/../../../../arm-atollic-eabi/lib/armv7e-m/fpu\libc_nano.a(lib_a-reent.o)
 .debug_frame   0x00004298       0x2c c:/program files (x86)/atollic/truestudio for stm32 9.3.0/armtools/bin/../lib/gcc/arm-atollic-eabi/6.3.1/armv7e-m/fpu\libgcc.a(_aeabi_uldivmod.o)
 .debug_frame   0x000042c4       0x34 c:/program files (x86)/atollic/truestudio for stm32 9.3.0/armtools/bin/../lib/gcc/arm-atollic-eabi/6.3.1/armv7e-m/fpu\libgcc.a(_udivmoddi4.o)
