m2m_wifi.c:85:13:m2m_wifi_cb	176	static
m2m_wifi.c:297:7:m2m_wifi_download_mode	16	static
m2m_wifi.c:312:14:m2m_validate_ap_parameters	24	static
m2m_wifi.c:397:14:m2m_validate_scan_options	24	static
m2m_wifi.c:439:7:m2m_wifi_send_crl	40	static
m2m_wifi.c:446:7:m2m_wifi_init	72	static
m2m_wifi.c:499:8:m2m_wifi_deinit	16	static
m2m_wifi.c:510:7:m2m_wifi_handle_events	16	static
m2m_wifi.c:515:7:m2m_wifi_default_connect	24	static
m2m_wifi.c:520:7:m2m_wifi_connect	32	static
m2m_wifi.c:524:7:m2m_wifi_connect_sc	176	static
m2m_wifi.c:637:7:m2m_wifi_disconnect	24	static
m2m_wifi.c:641:7:m2m_wifi_set_mac_address	40	static
m2m_wifi.c:649:7:m2m_wifi_set_static_ip	32	static
m2m_wifi.c:661:7:m2m_wifi_request_dhcp_client	4	static
m2m_wifi.c:666:7:m2m_wifi_request_dhcp_server	16	static
m2m_wifi.c:682:7:m2m_wifi_enable_dhcp	40	static
m2m_wifi.c:692:7:m2m_wifi_set_lsn_int	32	static
m2m_wifi.c:697:7:m2m_wifi_set_cust_InfoElement	40	static
m2m_wifi.c:711:7:m2m_wifi_set_scan_options	40	static
m2m_wifi.c:720:7:m2m_wifi_set_scan_region	40	static
m2m_wifi.c:728:7:m2m_wifi_request_scan	40	static
m2m_wifi.c:756:7:m2m_wifi_request_scan_passive	40	static
m2m_wifi.c:787:7:m2m_wifi_request_scan_ssid_list	48	static
m2m_wifi.c:826:7:m2m_wifi_wps	48	static
m2m_wifi.c:839:7:m2m_wifi_wps_disable	32	static
m2m_wifi.c:856:7:m2m_wifi_req_client_ctrl	24	static
m2m_wifi.c:879:7:m2m_wifi_req_server_init	24	static
m2m_wifi.c:891:7:m2m_wifi_p2p	40	static
m2m_wifi.c:907:7:m2m_wifi_p2p_disconnect	32	static
m2m_wifi.c:913:7:m2m_wifi_enable_ap	40	static
m2m_wifi.c:923:7:m2m_wifi_set_gains	40	static
m2m_wifi.c:932:7:m2m_wifi_disable_ap	32	static
m2m_wifi.c:945:7:m2m_wifi_req_curr_rssi	32	static
m2m_wifi.c:951:7:m2m_wifi_send_ethernet_pkt	40	static
m2m_wifi.c:978:7:m2m_wifi_get_otp_mac_address	24	static
m2m_wifi.c:1002:7:m2m_wifi_get_mac_address	24	static
m2m_wifi.c:1034:7:m2m_wifi_req_scan_result	40	static
m2m_wifi.c:1054:7:m2m_wifi_get_num_ap_found	4	static
m2m_wifi.c:1064:7:m2m_wifi_get_sleep_mode	8	static
m2m_wifi.c:1082:7:m2m_wifi_set_sleep_mode	40	static
m2m_wifi.c:1102:7:m2m_wifi_request_sleep	40	static
m2m_wifi.c:1125:7:m2m_wifi_set_device_name	80	static
m2m_wifi.c:1138:7:m2m_wifi_get_firmware_version	24	static
m2m_wifi.c:1186:7:m2m_wifi_start_provision_mode	248	static
m2m_wifi.c:1219:7:m2m_wifi_stop_provision_mode	24	static
m2m_wifi.c:1224:7:m2m_wifi_get_connection_info	24	static
m2m_wifi.c:1229:7:m2m_wifi_set_sytem_time	32	static
m2m_wifi.c:1244:7:m2m_wifi_get_sytem_time	24	static
m2m_wifi.c:1249:7:m2m_wifi_enable_sntp	40	static
m2m_wifi.c:1267:7:m2m_wifi_set_power_profile	40	static
m2m_wifi.c:1285:7:m2m_wifi_set_tx_power	40	static
m2m_wifi.c:1305:7:m2m_wifi_enable_firmware_logs	40	static
m2m_wifi.c:1325:7:m2m_wifi_set_battery_voltage	40	static
m2m_wifi.c:1342:7:m2m_wifi_prng_get_random_bytes	48	static
