nmasic.c:65:7:chip_apply_conf	32	static
nmasic.c:105:6:chip_idle	16	static
nmasic.c:116:7:enable_interrupts	16	static
nmasic.c:143:7:cpu_start	16	static
nmasic.c:170:8:nmi_get_chipid	16	static
nmasic.c:233:8:nmi_get_rfrevid	16	static
nmasic.c:243:6:restore_pmu_settings_after_global_reset	8	static
nmasic.c:255:6:nmi_update_pll	16	static
nmasic.c:266:6:nmi_set_sys_clk_src_to_xo	16	static
nmasic.c:278:7:chip_sleep	16	static
nmasic.c:312:7:chip_wake	24	static
nmasic.c:362:7:cpu_halt	16	static
nmasic.c:377:7:chip_reset_and_cpu_halt	16	static
nmasic.c:392:7:chip_reset	16	static
nmasic.c:400:7:wait_for_bootrom	40	static
nmasic.c:471:7:wait_for_firmware_start	40	static
nmasic.c:507:7:chip_deinit	16	static
nmasic.c:610:7:nmi_get_otp_mac_address	40	static
nmasic.c:642:7:nmi_get_mac_address	40	static
