socket.c:144:14:Socket_ReadSocketData	40	static
socket.c:216:13:m2m_ip_cb	240	static
socket.c:426:6:socketInit	8	static
socket.c:454:6:socketDeinit	8	static
socket.c:480:6:registerSocketCallback	16	static
socket.c:506:8:socket	56	static
socket.c:592:7:bind	48	static
socket.c:637:7:listen	40	static
socket.c:675:7:accept	32	static
socket.c:704:7:connect	48	static
socket.c:745:8:send	64	static
socket.c:797:8:sendto	64	static
socket.c:852:8:recv	56	static
socket.c:908:7:close	40	static
socket.c:954:8:recvfrom	56	static
socket.c:1012:8:nmi_inet_addr	32	static
socket.c:1070:7:gethostbyname	40	static
socket.c:1098:14:sslSetSockOpt	128	static
socket.c:1200:7:setsockopt	48	static
socket.c:1246:7:getsockopt	16	static
socket.c:1269:7:m2m_ping_req	56	static
socket.c:1304:7:sslEnableCertExpirationCheck	40	static
